Microchip MPLAB XC8 Compiler V1.33 ()

Linker command line:

--edf=C:\Program Files (x86)\Microchip\xc8\v1.33\dat\en_msgs.txt -cs \
  -h+LineFollower.sym --cmf=LineFollower.cmf -z -Q16F877A \
  -oC:\Users\CHRYSS~1\AppData\Local\Temp\s12v8.6 -MLineFollower.map -E1 \
  -ver=XC8 -ASTACK=0110h-016fh -pstack=STACK -ACONST=00h-0FFhx32 \
  -ACODE=00h-07FFhx4 -ASTRCODE=00h-01FFFh -AENTRY=00h-0FFhx32 \
  -ASTRING=00h-0FFhx32 -ACOMMON=070h-07Fh -ABANK0=020h-06Fh \
  -ABANK1=0A0h-0EFh -ABANK2=0110h-016Fh -ABANK3=0190h-01EFh \
  -ARAM=020h-06Fh,0A0h-0EFh,0110h-016Fh,0190h-01EFh \
  -AABS1=020h-07Fh,0A0h-0EFh,0110h-016Fh,0190h-01EFh -ASFR0=00h-01Fh \
  -ASFR1=080h-09Fh -ASFR2=0100h-010Fh -ASFR3=0180h-018Fh \
  -preset_vec=00h,intentry,init,end_init -ppowerup=CODE -pcinit=CODE \
  -pfunctab=CODE -ACONFIG=02007h-02007h -pconfig=CONFIG -DCONFIG=2 \
  -AIDLOC=02000h-02003h -pidloc=IDLOC -DIDLOC=2 -AEEDATA=00h-0FFh/02100h \
  -peeprom_data=EEDATA -DEEDATA=2 -DCODE=2 -DSTRCODE=2 -DSTRING=2 -DCONST=2 \
  -DENTRY=2 -k startup.obj LineFollower.obj 

Object code version is 3.11

Machine type is 16F877A



                Name                               Link     Load   Length Selector   Space Scale
startup.obj     end_init                              0        0        3        0       0
                config                             2007     2007        1     400E       0
LineFollower.obj
                cinit                               7F0      7F0       10      FE0       0
                text6                               443      443       27      886       0
                text5                               494      494       30      928       0
                text4                               537      537       5E      A6E       0
                text3                               4F8      4F8       3F      9F0       0
                text2                               4C4      4C4       34      988       0
                text1                               46A      46A       2A      8D4       0
                maintext                            595      595      25B      B2A       0
                cstackBANK0                          20       20       2E       20       1
                cstackCOMMON                         70       70        E       70       1
                inittext                            419      419       11      832       0
                dataBANK0                            4E       4E       19       20       1
                idataBANK0                          42A      42A       19      854       0

TOTAL           Name                               Link     Load   Length     Space
        CLASS   STACK          

        CLASS   CONST          

        CLASS   CODE           
                end_init                              0        0        3         0
                cinit                               7F0      7F0       10         0
                text6                               443      443       27         0
                text5                               494      494       30         0
                text4                               537      537       5E         0
                text3                               4F8      4F8       3F         0
                text2                               4C4      4C4       34         0
                text1                               46A      46A       2A         0
                maintext                            595      595      25B         0
                inittext                            419      419       11         0
                idataBANK0                          42A      42A       19         0

        CLASS   STRCODE        

        CLASS   ENTRY          

        CLASS   STRING         

        CLASS   COMMON         
                cstackCOMMON                         70       70        E         1

        CLASS   BANK0          
                cstackBANK0                          20       20       2E         1
                dataBANK0                            4E       4E       19         1

        CLASS   BANK1          

        CLASS   BANK2          

        CLASS   BANK3          

        CLASS   RAM            

        CLASS   ABS1           
                abs_s1                               7E       7E        2         1

        CLASS   SFR0           

        CLASS   SFR1           

        CLASS   SFR2           

        CLASS   SFR3           

        CLASS   CONFIG         
                config                             2007     2007        1         0

        CLASS   IDLOC          

        CLASS   EEDATA         



SEGMENTS        Name                           Load    Length   Top    Selector   Space  Class     Delta

                reset_vec                      000000  000003  000003         0       0  CODE        2
                cstackBANK0                    000020  000047  000067        20       1  BANK0       1
                cstackCOMMON                   000070  00000E  00007E        70       1  COMMON      1
                inittext                       000419  000011  00042A       832       0  CODE        2
                idataBANK0                     00042A  000019  000443       854       0  CODE        2
                text6                          000443  000027  00046A       886       0  CODE        2
                text1                          00046A  00002A  000494       8D4       0  CODE        2
                text5                          000494  000030  0004C4       928       0  CODE        2
                text2                          0004C4  000034  0004F8       988       0  CODE        2
                text3                          0004F8  00003F  000537       9F0       0  CODE        2
                text4                          000537  00005E  000595       A6E       0  CODE        2
                maintext                       000595  00025B  0007F0       B2A       0  CODE        2
                cinit                          0007F0  000010  000800       FE0       0  CODE        2
                config                         002007  000001  002008      400E       0  CONFIG      2


UNUSED ADDRESS RANGES

        Name                Unused          Largest block    Delta
        BANK0            0067-006F              9           1
        BANK1            00A0-00EF             50           1
        BANK2            0110-016F             60           1
        BANK3            0190-01EF             60           1
        CODE             0003-0418            416           2
                         0800-1FFF            800
        CONST            0003-0418            100           2
                         0800-1FFF            100
        EEDATA           2100-21FF            100           2
        ENTRY            0003-0418            100           2
                         0800-1FFF            100
        IDLOC            2000-2003              4           2
        RAM              0067-006F              9           1
                         00A0-00EF             50
                         0110-016F             60
                         0190-01EF             60
        SFR0             0000-001F             20           1
        SFR1             0080-009F             20           1
        SFR2             0100-010F             10           1
        SFR3             0180-018F             10           1
        STACK            0110-016F             60           1
        STRCODE          0003-0418            416           2
                         0800-1FFF           1800
        STRING           0003-0418            100           2
                         0800-1FFF            100

                                  Symbol Table

?_ADC_Read               cstackCOMMON 0070
?___lldiv                cstackCOMMON 0070
?___lmul                 cstackCOMMON 0070
?___lwmod                cstackCOMMON 0070
ADC_Read@channel         cstackCOMMON 0074
_ADCON0                  (abs)        001F
_ADCON1                  (abs)        009F
_ADC_Read                text6        0443
_ADRESH                  (abs)        001E
_ADRESL                  (abs)        009E
_BASE_SPEED              dataBANK0    0060
_BLACK_LINE_NOISE        dataBANK0    004E
_CCP1CON                 (abs)        0017
_CCP2CON                 (abs)        001D
_CCPR1L                  (abs)        0015
_CCPR2L                  (abs)        001B
_COAST_TIME              dataBANK0    0050
_CURVE_LEFT              dataBANK0    0052
_CURVE_RIGHT             dataBANK0    0054
_CURVE_SPEED_INNER       dataBANK0    0061
_CURVE_SPEED_OUTER       dataBANK0    0062
_GO_nDONE                (abs)        00FA
_PIVOT_LEFT              dataBANK0    0056
_PIVOT_RIGHT             dataBANK0    0058
_PIVOT_SPEED_INNER       dataBANK0    0063
_PIVOT_SPEED_OUTER       dataBANK0    0064
_PORTBbits               (abs)        0006
_PORTD                   (abs)        0008
_PORTDbits               (abs)        0008
_PR2                     (abs)        0092
_SWEEP_TIME              dataBANK0    005A
_System_Init             text5        0494
_T2CON                   (abs)        0012
_THRESHOLD_LEFT          dataBANK0    005C
_THRESHOLD_RIGHT         dataBANK0    005E
_TRISA                   (abs)        0085
_TRISBbits               (abs)        0086
_TRISCbits               (abs)        0087
_TRISD                   (abs)        0088
_TRISE                   (abs)        0089
_WOBBLE_SPEED_INNER      dataBANK0    0065
_WOBBLE_SPEED_OUTER      dataBANK0    0066
__CFG_BOREN$ON           (abs)        0000
__CFG_CP$OFF             (abs)        0000
__CFG_CPD$OFF            (abs)        0000
__CFG_FOSC$XT            (abs)        0000
__CFG_LVP$OFF            (abs)        0000
__CFG_PWRTE$ON           (abs)        0000
__CFG_WDTE$OFF           (abs)        0000
__CFG_WRT$OFF            (abs)        0000
__Habs1                  abs1         0000
__Hbank0                 bank0        0000
__Hbank1                 bank1        0000
__Hbank2                 bank2        0000
__Hbank3                 bank3        0000
__Hcinit                 cinit        0800
__Hclrtext               clrtext      0000
__Hcode                  code         0000
__Hcommon                common       0000
__Hconfig                config       2008
__HcstackBANK0           cstackBANK0  0000
__HcstackCOMMON          cstackCOMMON 0000
__HdataBANK0             dataBANK0    0000
__Heeprom_data           eeprom_data  0000
__Hend_init              end_init     0003
__Hfunctab               functab      0000
__HidataBANK0            idataBANK0   0000
__Hidloc                 idloc        0000
__Hinit                  init         0000
__Hinittext              inittext     0000
__Hintentry              intentry     0000
__Hmaintext              maintext     0000
__Hpowerup               powerup      0000
__Hram                   ram          0000
__Hreset_vec             reset_vec    0000
__Hsfr0                  sfr0         0000
__Hsfr1                  sfr1         0000
__Hsfr2                  sfr2         0000
__Hsfr3                  sfr3         0000
__Hspace_0               (abs)        2008
__Hspace_1               (abs)        007E
__Hspace_2               (abs)        0000
__Hspace_3               (abs)        0000
__Hstack                 stack        0000
__Hstrings               strings      0000
__Htext                  text         0000
__Labs1                  abs1         0000
__Lbank0                 bank0        0000
__Lbank1                 bank1        0000
__Lbank2                 bank2        0000
__Lbank3                 bank3        0000
__Lcinit                 cinit        07F0
__Lclrtext               clrtext      0000
__Lcode                  code         0000
__Lcommon                common       0000
__Lconfig                config       2007
__LcstackBANK0           cstackBANK0  0000
__LcstackCOMMON          cstackCOMMON 0000
__LdataBANK0             dataBANK0    0000
__Leeprom_data           eeprom_data  0000
__Lend_init              end_init     0000
__Lfunctab               functab      0000
__LidataBANK0            idataBANK0   0000
__Lidloc                 idloc        0000
__Linit                  init         0000
__Linittext              inittext     0000
__Lintentry              intentry     0000
__Lmaintext              maintext     0000
__Lpowerup               powerup      0000
__Lram                   ram          0000
__Lreset_vec             reset_vec    0000
__Lsfr0                  sfr0         0000
__Lsfr1                  sfr1         0000
__Lsfr2                  sfr2         0000
__Lsfr3                  sfr3         0000
__Lspace_0               (abs)        0000
__Lspace_1               (abs)        0000
__Lspace_2               (abs)        0000
__Lspace_3               (abs)        0000
__Lstack                 stack        0000
__Lstrings               strings      0000
__Ltext                  text         0000
__S0                     (abs)        2008
__S1                     (abs)        007E
__S2                     (abs)        0000
__S3                     (abs)        0000
___int_sp                stack        0000
___latbits               (abs)        0002
___lldiv                 text4        0537
___lldiv@counter         cstackCOMMON 007D
___lldiv@dividend        cstackCOMMON 0074
___lldiv@divisor         cstackCOMMON 0070
___lldiv@quotient        cstackCOMMON 0079
___lmul                  text3        04F8
___lmul@multiplicand     cstackCOMMON 0074
___lmul@multiplier       cstackCOMMON 0070
___lmul@product          cstackCOMMON 0079
___lwmod                 text2        04C4
___lwmod@counter         cstackCOMMON 0075
___lwmod@dividend        cstackCOMMON 0072
___lwmod@divisor         cstackCOMMON 0070
___sp                    stack        0000
__end_of_ADC_Read        text6        046A
__end_of_System_Init     text5        04C4
__end_of___lldiv         text4        0595
__end_of___lmul          text3        0537
__end_of___lwmod         text2        04F8
__end_of__initialization cinit        07FC
__end_of_main            maintext     07F0
__end_of_setMotors       text1        0494
__initialization         cinit        07F0
__pcstackBANK0           cstackBANK0  0020
__pcstackCOMMON          cstackCOMMON 0070
__pdataBANK0             dataBANK0    004E
__pidataBANK0            idataBANK0   042A
__pmaintext              maintext     0595
__ptext1                 text1        046A
__ptext2                 text2        04C4
__ptext3                 text3        04F8
__ptext4                 text4        0537
__ptext5                 text5        0494
__ptext6                 text6        0443
__size_of_ADC_Read       (abs)        0000
__size_of_System_Init    (abs)        0000
__size_of___lldiv        (abs)        0000
__size_of___lmul         (abs)        0000
__size_of___lwmod        (abs)        0000
__size_of_main           (abs)        0000
__size_of_setMotors      (abs)        0000
_main                    maintext     0595
_main$579                cstackBANK0  0037
_setMotors               text1        046A
btemp                    (abs)        007E
end_of_initialization    cinit        07FC
init_fetch0              inittext     0419
init_ram0                inittext     041D
intlevel0                functab      0000
intlevel1                functab      0000
intlevel2                functab      0000
intlevel3                functab      0000
intlevel4                functab      0000
intlevel5                functab      0000
ltemp                    (abs)        007E
ltemp0                   (abs)        007E
ltemp1                   (abs)        0082
ltemp2                   (abs)        0086
ltemp3                   (abs)        0080
main@active_sensors      cstackBANK0  0045
main@gap_timer           cstackBANK0  0047
main@i                   cstackBANK0  004B
main@last_position       cstackBANK0  0049
main@position            cstackBANK0  004C
main@sensorValues        cstackBANK0  0027
main@sum                 cstackBANK0  003F
main@telemetry_timer     cstackBANK0  0043
main@weighted_sum        cstackBANK0  003B
reset_vec                reset_vec    0000
setMotors@leftDir        cstackCOMMON 0073
setMotors@leftSpeed      cstackCOMMON 0070
setMotors@rightDir       cstackCOMMON 0071
setMotors@rightSpeed     cstackCOMMON 0072
stackhi                  (abs)        0000
stacklo                  (abs)        0000
start                    init         0000
start_initialization     cinit        07F0
ttemp                    (abs)        007E
ttemp0                   (abs)        007E
ttemp1                   (abs)        0081
ttemp2                   (abs)        0084
ttemp3                   (abs)        0087
ttemp4                   (abs)        007F
wtemp                    (abs)        007E
wtemp0                   (abs)        007E
wtemp1                   (abs)        0080
wtemp2                   (abs)        0082
wtemp3                   (abs)        0084
wtemp4                   (abs)        0086
wtemp5                   (abs)        0088
wtemp6                   (abs)        007F


FUNCTION INFORMATION:

 *************** function _main *****************
 Defined at:
		line 110 in file "C:\Users\Chrys Sean Sevilla\Desktop\School Stuff\CPE3201-Sevilla\MPLABX TEST\LineFollower\LineFollower.c"
 Parameters:    Size  Location     Type
		None
 Auto vars:     Size  Location     Type
  sensorValues   16    7[BANK0 ] unsigned int [8]
  sum             4   31[BANK0 ] unsigned long 
  weighted_sum    4   27[BANK0 ] unsigned long 
  position        2   44[BANK0 ] unsigned int 
  last_positio    2   41[BANK0 ] unsigned int 
  gap_timer       2   39[BANK0 ] unsigned int 
  active_senso    2   37[BANK0 ] unsigned int 
  telemetry_ti    2   35[BANK0 ] unsigned int 
  i               1   43[BANK0 ] unsigned char 
 Return value:  Size  Location     Type
		None               void
 Registers used:
		wreg, fsr0l, fsr0h, status,2, status,0, pclath, cstack
 Tracked objects:
		On entry : 
		On exit  : 
		Unchanged: 
 Data sizes:     COMMON   BANK0   BANK1   BANK3   BANK2
      Params:         0       0       0       0       0
      Locals:         0      39       0       0       0
      Temps:          0       7       0       0       0
      Totals:         0      46       0       0       0
Total ram usage:       46 bytes
 Hardware stack levels required when called:    1
 This function calls:
		_ADC_Read
		_System_Init
		___lldiv
		___lmul
		___lwmod
		_setMotors
 This function is called by:
		Startup code after reset
 This function uses a non-reentrant model


 *************** function _setMotors *****************
 Defined at:
		line 97 in file "C:\Users\Chrys Sean Sevilla\Desktop\School Stuff\CPE3201-Sevilla\MPLABX TEST\LineFollower\LineFollower.c"
 Parameters:    Size  Location     Type
  leftDir         1    wreg     char 
  leftSpeed       1    0[COMMON] unsigned char 
  rightDir        1    1[COMMON] char 
  rightSpeed      1    2[COMMON] unsigned char 
 Auto vars:     Size  Location     Type
  leftDir         1    3[COMMON] char 
 Return value:  Size  Location     Type
		None               void
 Registers used:
		wreg
 Tracked objects:
		On entry : 
		On exit  : 
		Unchanged: 
 Data sizes:     COMMON   BANK0   BANK1   BANK3   BANK2
      Params:         3       0       0       0       0
      Locals:         1       0       0       0       0
      Temps:          0       0       0       0       0
      Totals:         4       0       0       0       0
Total ram usage:        4 bytes
 Hardware stack levels used:    1
 This function calls:
		Nothing
 This function is called by:
		_main
 This function uses a non-reentrant model


 *************** function ___lwmod *****************
 Defined at:
		line 6 in file "C:\Program Files (x86)\Microchip\xc8\v1.33\sources\common\lwmod.c"
 Parameters:    Size  Location     Type
  divisor         2    0[COMMON] unsigned int 
  dividend        2    2[COMMON] unsigned int 
 Auto vars:     Size  Location     Type
  counter         1    5[COMMON] unsigned char 
 Return value:  Size  Location     Type
                  2    0[COMMON] unsigned int 
 Registers used:
		wreg, status,2, status,0
 Tracked objects:
		On entry : 
		On exit  : 
		Unchanged: 
 Data sizes:     COMMON   BANK0   BANK1   BANK3   BANK2
      Params:         4       0       0       0       0
      Locals:         1       0       0       0       0
      Temps:          1       0       0       0       0
      Totals:         6       0       0       0       0
Total ram usage:        6 bytes
 Hardware stack levels used:    1
 This function calls:
		Nothing
 This function is called by:
		_main
 This function uses a non-reentrant model


 *************** function ___lmul *****************
 Defined at:
		line 15 in file "C:\Program Files (x86)\Microchip\xc8\v1.33\sources\common\Umul32.c"
 Parameters:    Size  Location     Type
  multiplier      4    0[COMMON] unsigned long 
  multiplicand    4    4[COMMON] unsigned long 
 Auto vars:     Size  Location     Type
  product         4    9[COMMON] unsigned long 
 Return value:  Size  Location     Type
                  4    0[COMMON] unsigned long 
 Registers used:
		wreg, status,2, status,0
 Tracked objects:
		On entry : 
		On exit  : 
		Unchanged: 
 Data sizes:     COMMON   BANK0   BANK1   BANK3   BANK2
      Params:         8       0       0       0       0
      Locals:         4       0       0       0       0
      Temps:          1       0       0       0       0
      Totals:        13       0       0       0       0
Total ram usage:       13 bytes
 Hardware stack levels used:    1
 This function calls:
		Nothing
 This function is called by:
		_main
 This function uses a non-reentrant model


 *************** function ___lldiv *****************
 Defined at:
		line 6 in file "C:\Program Files (x86)\Microchip\xc8\v1.33\sources\common\lldiv.c"
 Parameters:    Size  Location     Type
  divisor         4    0[COMMON] unsigned long 
  dividend        4    4[COMMON] unsigned long 
 Auto vars:     Size  Location     Type
  quotient        4    9[COMMON] unsigned long 
  counter         1   13[COMMON] unsigned char 
 Return value:  Size  Location     Type
                  4    0[COMMON] unsigned long 
 Registers used:
		wreg, status,2, status,0
 Tracked objects:
		On entry : 
		On exit  : 
		Unchanged: 
 Data sizes:     COMMON   BANK0   BANK1   BANK3   BANK2
      Params:         8       0       0       0       0
      Locals:         5       0       0       0       0
      Temps:          1       0       0       0       0
      Totals:        14       0       0       0       0
Total ram usage:       14 bytes
 Hardware stack levels used:    1
 This function calls:
		Nothing
 This function is called by:
		_main
 This function uses a non-reentrant model


 *************** function _System_Init *****************
 Defined at:
		line 64 in file "C:\Users\Chrys Sean Sevilla\Desktop\School Stuff\CPE3201-Sevilla\MPLABX TEST\LineFollower\LineFollower.c"
 Parameters:    Size  Location     Type
		None
 Auto vars:     Size  Location     Type
		None
 Return value:  Size  Location     Type
		None               void
 Registers used:
		wreg, status,2, status,0
 Tracked objects:
		On entry : 
		On exit  : 
		Unchanged: 
 Data sizes:     COMMON   BANK0   BANK1   BANK3   BANK2
      Params:         0       0       0       0       0
      Locals:         0       0       0       0       0
      Temps:          1       0       0       0       0
      Totals:         1       0       0       0       0
Total ram usage:        1 bytes
 Hardware stack levels used:    1
 This function calls:
		Nothing
 This function is called by:
		_main
 This function uses a non-reentrant model


 *************** function _ADC_Read *****************
 Defined at:
		line 88 in file "C:\Users\Chrys Sean Sevilla\Desktop\School Stuff\CPE3201-Sevilla\MPLABX TEST\LineFollower\LineFollower.c"
 Parameters:    Size  Location     Type
  channel         1    wreg     unsigned char 
 Auto vars:     Size  Location     Type
  channel         1    4[COMMON] unsigned char 
 Return value:  Size  Location     Type
                  2    0[COMMON] unsigned int 
 Registers used:
		wreg, status,2, status,0
 Tracked objects:
		On entry : 
		On exit  : 
		Unchanged: 
 Data sizes:     COMMON   BANK0   BANK1   BANK3   BANK2
      Params:         2       0       0       0       0
      Locals:         1       0       0       0       0
      Temps:          2       0       0       0       0
      Totals:         5       0       0       0       0
Total ram usage:        5 bytes
 Hardware stack levels used:    1
 This function calls:
		Nothing
 This function is called by:
		_main
 This function uses a non-reentrant model



MODULE INFORMATION

Module		Function		Class		Link	Load	Size
C:\Program Files (x86)\Microchip\xc8\v1.33\sources\common\lwmod.c
		___lwmod       		CODE           	04C4	0000	52

C:\Program Files (x86)\Microchip\xc8\v1.33\sources\common\lwmod.c estimated size: 52

C:\Program Files (x86)\Microchip\xc8\v1.33\sources\common\Umul32.c
		___lmul        		CODE           	04F8	0000	63

C:\Program Files (x86)\Microchip\xc8\v1.33\sources\common\Umul32.c estimated size: 63

C:\Program Files (x86)\Microchip\xc8\v1.33\sources\common\lldiv.c
		___lldiv       		CODE           	0537	0000	94

C:\Program Files (x86)\Microchip\xc8\v1.33\sources\common\lldiv.c estimated size: 94

shared
		__initializatio		CODE           	07F0	0000	12

shared estimated size: 12

C:\Users\Chrys Sean Sevilla\Desktop\School Stuff\CPE3201-Sevilla\MPLABX TEST\LineFollower\LineFollower.c
		_main          		CODE           	0595	0000	603
		_setMotors     		CODE           	046A	0000	42
		_System_Init   		CODE           	0494	0000	48
		_ADC_Read      		CODE           	0443	0000	39

C:\Users\Chrys Sean Sevilla\Desktop\School Stuff\CPE3201-Sevilla\MPLABX TEST\LineFollower\LineFollower.c estimated size: 732

