

Microchip Technology PIC LITE Macro Assembler V1.33 build 59893 
                                                                                               Mon Mar 16 21:54:23 2026

Microchip Technology Omniscient Code Generator (Lite mode) build 59893
     1                           	processor	16F877A
     2                           	opt	pw 120
     3                           	opt	lm
     4                           	psect	text0,local,class=CODE,merge=1,delta=2
     5                           	psect	cinit,global,class=CODE,merge=1,delta=2
     6                           	psect	bitbssCOMMON,global,bit,class=COMMON,space=1,delta=1
     7                           	psect	bssCOMMON,global,class=COMMON,space=1,delta=1
     8                           	psect	cstackCOMMON,global,class=COMMON,space=1,delta=1
     9                           	psect	cstackBANK0,global,class=BANK0,space=1,delta=1
    10                           	psect	maintext,global,class=CODE,split=1,delta=2
    11                           	psect	text1,local,class=CODE,merge=1,delta=2
    12                           	psect	text2,local,class=CODE,merge=1,delta=2
    13                           	psect	intentry,global,class=CODE,delta=2
    14                           	dabs	1,0x7E,2
    15  0000                     	;# 
    16  0001                     	;# 
    17  0002                     	;# 
    18  0003                     	;# 
    19  0004                     	;# 
    20  0005                     	;# 
    21  0006                     	;# 
    22  0007                     	;# 
    23  0008                     	;# 
    24  0009                     	;# 
    25  000A                     	;# 
    26  000B                     	;# 
    27  000C                     	;# 
    28  000D                     	;# 
    29  000E                     	;# 
    30  000E                     	;# 
    31  000F                     	;# 
    32  0010                     	;# 
    33  0011                     	;# 
    34  0012                     	;# 
    35  0013                     	;# 
    36  0014                     	;# 
    37  0015                     	;# 
    38  0015                     	;# 
    39  0016                     	;# 
    40  0017                     	;# 
    41  0018                     	;# 
    42  0019                     	;# 
    43  001A                     	;# 
    44  001B                     	;# 
    45  001B                     	;# 
    46  001C                     	;# 
    47  001D                     	;# 
    48  001E                     	;# 
    49  001F                     	;# 
    50  0081                     	;# 
    51  0085                     	;# 
    52  0086                     	;# 
    53  0087                     	;# 
    54  0088                     	;# 
    55  0089                     	;# 
    56  008C                     	;# 
    57  008D                     	;# 
    58  008E                     	;# 
    59  0091                     	;# 
    60  0092                     	;# 
    61  0093                     	;# 
    62  0094                     	;# 
    63  0098                     	;# 
    64  0099                     	;# 
    65  009C                     	;# 
    66  009D                     	;# 
    67  009E                     	;# 
    68  009F                     	;# 
    69  010C                     	;# 
    70  010D                     	;# 
    71  010E                     	;# 
    72  010F                     	;# 
    73  018C                     	;# 
    74  018D                     	;# 
    75  0007                     _PORTC	set	7
    76  0008                     _PORTD	set	8
    77  0001                     _TMR0	set	1
    78  005F                     _GIE	set	95
    79  005C                     _INTE	set	92
    80  0059                     _INTF	set	89
    81  005D                     _TMR0IE	set	93
    82  005A                     _TMR0IF	set	90
    83  0081                     _OPTION_REG	set	129
    84  0085                     _TRISA	set	133
    85  0086                     _TRISB	set	134
    86  0087                     _TRISC	set	135
    87  0088                     _TRISD	set	136
    88                           
    89                           	psect	text0
    90  0000                     __ptext0:	
    91                           ; #config settings
    92                           
    93                           
    94                           ;psect for function _ISR
    95  0000                     
    96                           	psect	cinit
    97  0015                     start_initialization:	
    98  0015                     __initialization:	
    99                           
   100                           ; Clear objects allocated to BITCOMMON
   101  0015  01F6               	clrf	(__pbitbssCOMMON/(0+8))& (0+127)
   102                           
   103                           ; Clear objects allocated to COMMON
   104  0016  01F7               	clrf	__pbssCOMMON& (0+127)
   105  0017                     end_of_initialization:	
   106                           ;End of C runtime variable initialization code
   107                           
   108  0017                     __end_of__initialization:	
   109  0017  0183               	clrf	3
   110  0018  120A  118A  2873   	ljmp	_main	;jump to C main() function
   111                           
   112                           	psect	bitbssCOMMON
   113  03B0                     __pbitbssCOMMON:	
   114  03B0                     _myINTF:	
   115  03B0                     	ds	1
   116  03B1                     _myTMR0IF:	
   117  03B1                     	ds	1
   118                           
   119                           	psect	bssCOMMON
   120  0077                     __pbssCOMMON:	
   121  0077                     _counter:	
   122  0077                     	ds	1
   123                           
   124                           	psect	cstackCOMMON
   125  0070                     __pcstackCOMMON:	
   126  0070                     ?_ISR:	
   127  0070                     ??_ISR:	
   128                           ; 0 bytes @ 0x0
   129                           
   130  0070                     ?_main:	
   131                           ; 0 bytes @ 0x0
   132                           
   133                           
   134                           ; 2 bytes @ 0x0
   135  0070                     	ds	6
   136  0076                     ??_delay:	
   137                           
   138                           	psect	cstackBANK0
   139  0020                     __pcstackBANK0:	
   140                           ; 0 bytes @ 0x6
   141                           
   142  0020                     ?_delay:	
   143  0020                     delay@ms:	
   144                           ; 0 bytes @ 0x0
   145                           
   146                           
   147                           ; 2 bytes @ 0x0
   148  0020                     	ds	2
   149  0022                     delay@of_counter:	
   150                           
   151                           ; 2 bytes @ 0x2
   152  0022                     	ds	2
   153  0024                     ??_main:	
   154                           
   155                           ; 0 bytes @ 0x4
   156  0024                     	ds	1
   157                           
   158                           	psect	maintext
   159  0073                     __pmaintext:	
   160 ;;
   161 ;;Main: autosize = 0, tempsize = 1, incstack = 0, save=0
   162 ;;
   163 ;; *************** function _main *****************
   164 ;; Defined at:
   165 ;;		line 82 in file "C:\Users\Chrys Sean Sevilla\Desktop\School Stuff\CPE3201-Sevilla\PracticalActivities\PA3\LE3-3.c"
   166 ;; Parameters:    Size  Location     Type
   167 ;;		None
   168 ;; Auto vars:     Size  Location     Type
   169 ;;		None
   170 ;; Return value:  Size  Location     Type
   171 ;;                  2   59[COMMON] int 
   172 ;; Registers used:
   173 ;;		wreg, status,2, status,0, pclath, cstack
   174 ;; Tracked objects:
   175 ;;		On entry : 17F/0
   176 ;;		On exit  : 0/0
   177 ;;		Unchanged: 0/0
   178 ;; Data sizes:     COMMON   BANK0   BANK1   BANK3   BANK2
   179 ;;      Params:         0       0       0       0       0
   180 ;;      Locals:         0       0       0       0       0
   181 ;;      Temps:          0       1       0       0       0
   182 ;;      Totals:         0       1       0       0       0
   183 ;;Total ram usage:        1 bytes
   184 ;; Hardware stack levels required when called:    2
   185 ;; This function calls:
   186 ;;		_delay
   187 ;; This function is called by:
   188 ;;		Startup code after reset
   189 ;; This function uses a non-reentrant model
   190 ;;
   191                           
   192                           
   193                           ;psect for function _main
   194  0073                     _main:	
   195                           
   196                           ;LE3-3.c: 83: TRISA = 0X00;
   197                           
   198                           ;incstack = 0
   199                           ; Regs used in _main: [wreg+status,2+status,0+pclath+cstack]
   200  0073  1683               	bsf	3,5	;RP0=1, select bank1
   201  0074  1303               	bcf	3,6	;RP1=0, select bank1
   202  0075  0185               	clrf	5	;volatile
   203                           
   204                           ;LE3-3.c: 84: TRISB = 0xFF;
   205  0076  30FF               	movlw	255
   206  0077  0086               	movwf	6	;volatile
   207                           
   208                           ;LE3-3.c: 85: TRISC = 0x00;
   209  0078  0187               	clrf	7	;volatile
   210                           
   211                           ;LE3-3.c: 86: TRISD = 0XFF;
   212  0079  30FF               	movlw	255
   213  007A  0088               	movwf	8	;volatile
   214                           
   215                           ;LE3-3.c: 96: OPTION_REG = 0xC4;
   216  007B  30C4               	movlw	196
   217  007C  0081               	movwf	1	;volatile
   218                           
   219                           ;LE3-3.c: 99: INTF = 0;
   220  007D  108B               	bcf	11,1	;volatile
   221                           
   222                           ;LE3-3.c: 100: INTE = 1;
   223  007E  160B               	bsf	11,4	;volatile
   224                           
   225                           ;LE3-3.c: 102: TMR0 = 0;
   226  007F  1283               	bcf	3,5	;RP0=0, select bank0
   227  0080  1303               	bcf	3,6	;RP1=0, select bank0
   228  0081  0181               	clrf	1	;volatile
   229                           
   230                           ;LE3-3.c: 104: TMR0IF = 0;
   231  0082  110B               	bcf	11,2	;volatile
   232                           
   233                           ;LE3-3.c: 105: TMR0IE = 1;
   234  0083  168B               	bsf	11,5	;volatile
   235                           
   236                           ;LE3-3.c: 107: GIE = 1;
   237  0084  178B               	bsf	11,7	;volatile
   238                           
   239                           ;LE3-3.c: 108: PORTC = 0X00;
   240  0085  0187               	clrf	7	;volatile
   241  0086                     l60:	
   242                           ;LE3-3.c: 110: while(1){
   243                           
   244                           
   245                           ;LE3-3.c: 111: if(counter == 0x09){
   246  0086  0877               	movf	_counter,w	;volatile
   247  0087  3A09               	xorlw	9
   248  0088  1D03               	skipz
   249  0089  288C               	goto	l718
   250                           
   251                           ;LE3-3.c: 112: counter = 0x00;
   252  008A  01F7               	clrf	_counter	;volatile
   253                           
   254                           ;LE3-3.c: 113: }
   255  008B  2890               	goto	l720
   256  008C                     l718:	
   257                           
   258                           ;LE3-3.c: 114: else{
   259                           ;LE3-3.c: 115: counter++;
   260  008C  3001               	movlw	1
   261  008D  00A4               	movwf	??_main
   262  008E  0824               	movf	??_main,w
   263  008F  07F7               	addwf	_counter,f	;volatile
   264  0090                     l720:	
   265                           
   266                           ;LE3-3.c: 116: }
   267                           ;LE3-3.c: 117: delay(98);
   268  0090  3062               	movlw	98
   269  0091  00A0               	movwf	delay@ms
   270  0092  3000               	movlw	0
   271  0093  00A1               	movwf	delay@ms+1
   272  0094  120A  118A  209E  120A  118A  	fcall	_delay
   273                           
   274                           ;LE3-3.c: 118: PORTC = counter;
   275  0099  0877               	movf	_counter,w	;volatile
   276  009A  1283               	bcf	3,5	;RP0=0, select bank0
   277  009B  1303               	bcf	3,6	;RP1=0, select bank0
   278  009C  0087               	movwf	7	;volatile
   279  009D  2886               	goto	l60
   280  009E                     __end_of_main:	
   281                           ;LE3-3.c: 119: }
   282                           ;LE3-3.c: 120: return 0;
   283                           ;	Return value of _main is never used
   284                           
   285                           
   286                           	psect	text1
   287  009E                     __ptext1:	
   288 ;; *************** function _delay *****************
   289 ;; Defined at:
   290 ;;		line 38 in file "C:\Users\Chrys Sean Sevilla\Desktop\School Stuff\CPE3201-Sevilla\PracticalActivities\PA3\LE3-3.c"
   291 ;; Parameters:    Size  Location     Type
   292 ;;  ms              2    0[BANK0 ] unsigned int 
   293 ;; Auto vars:     Size  Location     Type
   294 ;;  of_counter      2    2[BANK0 ] unsigned int 
   295 ;; Return value:  Size  Location     Type
   296 ;;		None               void
   297 ;; Registers used:
   298 ;;		wreg, status,2
   299 ;; Tracked objects:
   300 ;;		On entry : 0/0
   301 ;;		On exit  : 0/0
   302 ;;		Unchanged: 0/0
   303 ;; Data sizes:     COMMON   BANK0   BANK1   BANK3   BANK2
   304 ;;      Params:         0       2       0       0       0
   305 ;;      Locals:         0       2       0       0       0
   306 ;;      Temps:          0       0       0       0       0
   307 ;;      Totals:         0       4       0       0       0
   308 ;;Total ram usage:        4 bytes
   309 ;; Hardware stack levels used:    1
   310 ;; Hardware stack levels required when called:    1
   311 ;; This function calls:
   312 ;;		Nothing
   313 ;; This function is called by:
   314 ;;		_main
   315 ;; This function uses a non-reentrant model
   316 ;;
   317                           
   318                           
   319                           ;psect for function _delay
   320  009E                     _delay:	
   321                           
   322                           ;LE3-3.c: 39: unsigned int of_counter = 0;
   323                           
   324                           ;incstack = 0
   325                           ; Regs used in _delay: [wreg+status,2]
   326  009E  1283               	bcf	3,5	;RP0=0, select bank0
   327  009F  1303               	bcf	3,6	;RP1=0, select bank0
   328  00A0  01A2               	clrf	delay@of_counter
   329  00A1  01A3               	clrf	delay@of_counter+1
   330  00A2                     l35:	
   331                           ;LE3-3.c: 40: while(of_counter < ms) {
   332                           
   333  00A2  0821               	movf	delay@ms+1,w
   334  00A3  0223               	subwf	delay@of_counter+1,w
   335  00A4  1D03               	skipz
   336  00A5  28A8               	goto	u105
   337  00A6  0820               	movf	delay@ms,w
   338  00A7  0222               	subwf	delay@of_counter,w
   339  00A8                     u105:	
   340  00A8  1803               	btfsc	3,0
   341  00A9  0008               	return
   342                           
   343                           ;LE3-3.c: 41: if(myTMR0IF) {
   344  00AA  1CF6               	btfss	_myTMR0IF/(0+8),_myTMR0IF& (0+7)	;volatile
   345  00AB  28A2               	goto	l35
   346                           
   347                           ;LE3-3.c: 42: myTMR0IF = 0;
   348  00AC  10F6               	bcf	_myTMR0IF/(0+8),_myTMR0IF& (0+7)	;volatile
   349                           
   350                           ;LE3-3.c: 43: of_counter++;
   351  00AD  3001               	movlw	1
   352  00AE  07A2               	addwf	delay@of_counter,f
   353  00AF  1803               	skipnc
   354  00B0  0AA3               	incf	delay@of_counter+1,f
   355  00B1  3000               	movlw	0
   356  00B2  07A3               	addwf	delay@of_counter+1,f
   357  00B3  28A2               	goto	l35
   358  00B4                     __end_of_delay:	
   359                           
   360                           	psect	text2
   361  001B                     __ptext2:	
   362 ;; *************** function _ISR *****************
   363 ;; Defined at:
   364 ;;		line 48 in file "C:\Users\Chrys Sean Sevilla\Desktop\School Stuff\CPE3201-Sevilla\PracticalActivities\PA3\LE3-3.c"
   365 ;; Parameters:    Size  Location     Type
   366 ;;		None
   367 ;; Auto vars:     Size  Location     Type
   368 ;;		None
   369 ;; Return value:  Size  Location     Type
   370 ;;		None               void
   371 ;; Registers used:
   372 ;;		wreg, fsr0l, fsr0h, status,2, status,0
   373 ;; Tracked objects:
   374 ;;		On entry : 0/0
   375 ;;		On exit  : 0/0
   376 ;;		Unchanged: 0/0
   377 ;; Data sizes:     COMMON   BANK0   BANK1   BANK3   BANK2
   378 ;;      Params:         0       0       0       0       0
   379 ;;      Locals:         0       0       0       0       0
   380 ;;      Temps:          6       0       0       0       0
   381 ;;      Totals:         6       0       0       0       0
   382 ;;Total ram usage:        6 bytes
   383 ;; Hardware stack levels used:    1
   384 ;; This function calls:
   385 ;;		Nothing
   386 ;; This function is called by:
   387 ;;		Interrupt level 1
   388 ;; This function uses a non-reentrant model
   389 ;;
   390                           
   391                           
   392                           ;psect for function _ISR
   393  001B                     _ISR:	
   394                           
   395                           ;LE3-3.c: 49: GIE = 0;
   396  001B  138B               	bcf	11,7	;volatile
   397                           
   398                           ;LE3-3.c: 51: if(INTF){
   399  001C  1C8B               	btfss	11,1	;volatile
   400  001D  2863               	goto	i1l558
   401                           
   402                           ;LE3-3.c: 52: INTF = 0;
   403  001E  108B               	bcf	11,1	;volatile
   404                           
   405                           ;LE3-3.c: 53: myINTF = 1;
   406  001F  1476               	bsf	_myINTF/(0+8),_myINTF& (0+7)	;volatile
   407                           
   408                           ;LE3-3.c: 56: switch (PORTD & 0x0F) {
   409  0020  2838               	goto	i1l554
   410  0021                     i1l532:	
   411                           ;LE3-3.c: 57: case 0x00: counter = 0x01; break;
   412                           
   413  0021  3001               	movlw	1
   414  0022  2832               	goto	L8
   415  0023                     i1l534:	
   416                           ;LE3-3.c: 58: case 0x01: counter = 0x02; break;
   417                           
   418  0023  3002               	movlw	2
   419  0024  2832               	goto	L8
   420  0025                     i1l536:	
   421                           ;LE3-3.c: 59: case 0x02: counter = 0x03; break;
   422                           
   423  0025  3003               	movlw	3
   424  0026  2832               	goto	L8
   425  0027                     i1l538:	
   426                           ;LE3-3.c: 60: case 0x04: counter = 0x04; break;
   427                           
   428  0027  3004               	movlw	4
   429  0028  2832               	goto	L8
   430  0029                     i1l540:	
   431                           ;LE3-3.c: 61: case 0x05: counter = 0x05; break;
   432                           
   433  0029  3005               	movlw	5
   434  002A  2832               	goto	L8
   435  002B                     i1l542:	
   436                           ;LE3-3.c: 62: case 0x06: counter = 0x06; break;
   437                           
   438  002B  3006               	movlw	6
   439  002C  2832               	goto	L8
   440  002D                     i1l544:	
   441                           ;LE3-3.c: 63: case 0x08: counter = 0x07; break;
   442                           
   443  002D  3007               	movlw	7
   444  002E  2832               	goto	L8
   445  002F                     i1l546:	
   446                           ;LE3-3.c: 64: case 0x09: counter = 0x08; break;
   447                           
   448  002F  3008               	movlw	8
   449  0030  2832               	goto	L8
   450  0031                     i1l548:	
   451                           ;LE3-3.c: 65: case 0x0A: counter = 0x09; break;
   452                           
   453  0031  3009               	movlw	9
   454  0032                     L8:	
   455  0032  00F0               	movwf	??_ISR
   456  0033  0870               	movf	??_ISR,w
   457  0034  00F7               	movwf	_counter	;volatile
   458  0035  2861               	goto	i1l556
   459  0036                     i1l550:	
   460                           ;LE3-3.c: 66: case 0x0D: counter = 0x00; break;
   461                           
   462  0036  01F7               	clrf	_counter	;volatile
   463                           
   464                           ;LE3-3.c: 68: }
   465                           
   466                           ;LE3-3.c: 67: default: break;
   467  0037  2861               	goto	i1l556
   468  0038                     i1l554:	
   469  0038  0808               	movf	8,w	;volatile
   470  0039  390F               	andlw	15
   471  003A  00F0               	movwf	??_ISR
   472  003B  01F1               	clrf	??_ISR+1
   473                           
   474                           ; Switch on 2 bytes has been partitioned into a top level switch of size 1, and 1 sub-sw
      +                          itches
   475                           ; Switch size 1, requested type "space"
   476                           ; Number of cases is 1, Range of values is 0 to 0
   477                           ; switch strategies available:
   478                           ; Name         Instructions Cycles
   479                           ; simple_byte            4     3 (average)
   480                           ; direct_byte           11     8 (fixed)
   481                           ; jumptable            260     6 (fixed)
   482                           ;	Chosen strategy is simple_byte
   483  003C  0871               	movf	??_ISR+1,w
   484  003D  3A00               	xorlw	0	; case 0
   485  003E  1903               	skipnz
   486  003F  2841               	goto	i1l754
   487  0040  2861               	goto	i1l556
   488  0041                     i1l754:	
   489                           
   490                           ; Switch size 1, requested type "space"
   491                           ; Number of cases is 10, Range of values is 0 to 13
   492                           ; switch strategies available:
   493                           ; Name         Instructions Cycles
   494                           ; simple_byte           31    16 (average)
   495                           ; direct_byte           50     8 (fixed)
   496                           ; jumptable            260     6 (fixed)
   497                           ;	Chosen strategy is simple_byte
   498  0041  0870               	movf	??_ISR,w
   499  0042  3A00               	xorlw	0	; case 0
   500  0043  1903               	skipnz
   501  0044  2821               	goto	i1l532
   502  0045  3A01               	xorlw	1	; case 1
   503  0046  1903               	skipnz
   504  0047  2823               	goto	i1l534
   505  0048  3A03               	xorlw	3	; case 2
   506  0049  1903               	skipnz
   507  004A  2825               	goto	i1l536
   508  004B  3A06               	xorlw	6	; case 4
   509  004C  1903               	skipnz
   510  004D  2827               	goto	i1l538
   511  004E  3A01               	xorlw	1	; case 5
   512  004F  1903               	skipnz
   513  0050  2829               	goto	i1l540
   514  0051  3A03               	xorlw	3	; case 6
   515  0052  1903               	skipnz
   516  0053  282B               	goto	i1l542
   517  0054  3A0E               	xorlw	14	; case 8
   518  0055  1903               	skipnz
   519  0056  282D               	goto	i1l544
   520  0057  3A01               	xorlw	1	; case 9
   521  0058  1903               	skipnz
   522  0059  282F               	goto	i1l546
   523  005A  3A03               	xorlw	3	; case 10
   524  005B  1903               	skipnz
   525  005C  2831               	goto	i1l548
   526  005D  3A07               	xorlw	7	; case 13
   527  005E  1903               	skipnz
   528  005F  2836               	goto	i1l550
   529  0060  2861               	goto	i1l556
   530  0061                     i1l556:	
   531                           
   532                           ;LE3-3.c: 70: PORTC = counter;
   533  0061  0877               	movf	_counter,w	;volatile
   534  0062  0087               	movwf	7	;volatile
   535  0063                     i1l558:	
   536                           
   537                           ;LE3-3.c: 72: }
   538                           ;LE3-3.c: 75: if (TMR0IF) {
   539  0063  1D0B               	btfss	11,2	;volatile
   540  0064  2867               	goto	i1l56
   541                           
   542                           ;LE3-3.c: 76: TMR0IF = 0;
   543  0065  110B               	bcf	11,2	;volatile
   544                           
   545                           ;LE3-3.c: 77: myTMR0IF = 1;
   546  0066  14F6               	bsf	_myTMR0IF/(0+8),_myTMR0IF& (0+7)	;volatile
   547  0067                     i1l56:	
   548                           
   549                           ;LE3-3.c: 78: }
   550                           ;LE3-3.c: 79: GIE = 1;
   551  0067  178B               	bsf	11,7	;volatile
   552  0068  0875               	movf	??_ISR+5,w
   553  0069  00FF               	movwf	127
   554  006A  0874               	movf	??_ISR+4,w
   555  006B  008A               	movwf	10
   556  006C  0873               	movf	??_ISR+3,w
   557  006D  0084               	movwf	4
   558  006E  0E72               	swapf	(??_ISR+2)^(0+-128),w
   559  006F  0083               	movwf	3
   560  0070  0EFE               	swapf	126,f
   561  0071  0E7E               	swapf	126,w
   562  0072  0009               	retfie
   563  0073                     __end_of_ISR:	
   564  007E                     btemp	set	126	;btemp
   565  007E                     wtemp	set	126
   566  007E                     wtemp0	set	126
   567  0080                     wtemp1	set	128
   568  0082                     wtemp2	set	130
   569  0084                     wtemp3	set	132
   570  0086                     wtemp4	set	134
   571  0088                     wtemp5	set	136
   572  007F                     wtemp6	set	127
   573  007E                     ttemp	set	126
   574  007E                     ttemp0	set	126
   575  0081                     ttemp1	set	129
   576  0084                     ttemp2	set	132
   577  0087                     ttemp3	set	135
   578  007F                     ttemp4	set	127
   579  007E                     ltemp	set	126
   580  007E                     ltemp0	set	126
   581  0082                     ltemp1	set	130
   582  0086                     ltemp2	set	134
   583  0080                     ltemp3	set	128
   584                           
   585                           	psect	intentry
   586  0004                     __pintentry:	
   587                           ;incstack = 0
   588                           ; Regs used in _ISR: [wreg-fsr0h+status,2+status,0]
   589                           
   590  0004                     interrupt_function:	
   591  007E                     saved_w	set	btemp
   592  0004  00FE               	movwf	btemp
   593  0005  0E03               	swapf	3,w
   594  0006  00F2               	movwf	??_ISR+2
   595  0007  0804               	movf	4,w
   596  0008  00F3               	movwf	??_ISR+3
   597  0009  080A               	movf	10,w
   598  000A  00F4               	movwf	??_ISR+4
   599  000B  1283               	bcf	3,5	;RP0=0, select bank0
   600  000C  1303               	bcf	3,6	;RP1=0, select bank0
   601  000D  087F               	movf	btemp+1,w
   602  000E  00F5               	movwf	??_ISR+5
   603  000F  120A  118A  281B   	ljmp	_ISR


Data Sizes:
    Strings     0
    Constant    0
    Data        0
    BSS         1
    Persistent  0
    Stack       0

Auto Spaces:
    Space          Size  Autos    Used
    COMMON           14      6       8
    BANK0            80      5       5
    BANK1            80      0       0
    BANK3            96      0       0
    BANK2            96      0       0

Pointer List with Targets:

    None.

Critical Paths under _main in COMMON

    None.

Critical Paths under _ISR in COMMON

    None.

Critical Paths under _main in BANK0

    _main->_delay

Critical Paths under _ISR in BANK0

    None.

Critical Paths under _main in BANK1

    None.

Critical Paths under _ISR in BANK1

    None.

Critical Paths under _main in BANK3

    None.

Critical Paths under _ISR in BANK3

    None.

Critical Paths under _main in BANK2

    None.

Critical Paths under _ISR in BANK2

    None.

Call Graph Tables:

 ---------------------------------------------------------------------------------
 (Depth) Function   	        Calls       Base Space   Used Autos Params    Refs
 ---------------------------------------------------------------------------------
 (0) _main                                                 1     1      0     133
                                              4 BANK0      1     1      0
                              _delay
 ---------------------------------------------------------------------------------
 (1) _delay                                                4     2      2     133
                                              0 BANK0      4     2      2
 ---------------------------------------------------------------------------------
 Estimated maximum stack depth 1
 ---------------------------------------------------------------------------------
 (Depth) Function   	        Calls       Base Space   Used Autos Params    Refs
 ---------------------------------------------------------------------------------
 (2) _ISR                                                  6     6      0       0
                                              0 COMMON     6     6      0
 ---------------------------------------------------------------------------------
 Estimated maximum stack depth 2
 ---------------------------------------------------------------------------------

 Call Graph Graphs:

 _main (ROOT)
   _delay

 _ISR (ROOT)

 Address spaces:
Name               Size   Autos  Total    Cost      Usage
BITCOMMON            E      0       1       0        7.1%
EEDATA             100      0       0       0        0.0%
NULL                 0      0       0       0        0.0%
CODE                 0      0       0       0        0.0%
COMMON               E      6       8       1       57.1%
BITSFR0              0      0       0       1        0.0%
SFR0                 0      0       0       1        0.0%
BITSFR1              0      0       0       2        0.0%
SFR1                 0      0       0       2        0.0%
STACK                0      0       0       2        0.0%
ABS                  0      0       D       3        0.0%
BITBANK0            50      0       0       4        0.0%
BITSFR3              0      0       0       4        0.0%
SFR3                 0      0       0       4        0.0%
BANK0               50      5       5       5        6.3%
BITSFR2              0      0       0       5        0.0%
SFR2                 0      0       0       5        0.0%
BITBANK1            50      0       0       6        0.0%
BANK1               50      0       0       7        0.0%
BITBANK3            60      0       0       8        0.0%
BANK3               60      0       0       9        0.0%
BITBANK2            60      0       0      10        0.0%
BANK2               60      0       0      11        0.0%
DATA                 0      0       D      12        0.0%


Microchip Technology PIC Macro Assembler V1.33 build 59893 
Symbol Table                                                                                   Mon Mar 16 21:54:23 2026

            __CFG_CP$OFF 0000                       l35 00A2                       l60 0086  
                    l720 0090                      l718 008C                      _GIE 005F  
                    u105 00A8             __CFG_CPD$OFF 0000                      _ISR 001B  
                    fsr0 0004             __CFG_FOSC$XT 0000             __CFG_LVP$OFF 0000  
                   ?_ISR 0070                     _INTE 005C                     _INTF 0059  
                   i1l56 0067                     _TMR0 0001             __CFG_WRT$OFF 0000  
                   _main 0073                     btemp 007E            __CFG_BOREN$ON 0000  
                   ltemp 007E                     start 0012                     ttemp 007E  
                   wtemp 007E                    ??_ISR 0070                    ?_main 0070  
          __CFG_WDTE$OFF 0000                    i1l540 0029                    i1l532 0021  
                  i1l550 0036                    i1l542 002B                    i1l534 0023  
                  i1l544 002D                    i1l536 0025                    i1l546 002F  
                  i1l538 0027                    i1l554 0038                    i1l548 0031  
                  i1l556 0061                    i1l558 0063                    i1l754 0041  
                  _PORTC 0007                    _PORTD 0008                    _TRISA 0085  
                  _TRISB 0086                    _TRISC 0087                    _TRISD 0088  
          __CFG_PWRTE$ON 0000                    _delay 009E           __pbitbssCOMMON 03B0  
                  pclath 000A                    ltemp0 007E                    ltemp1 0082  
                  ltemp2 0086                    ltemp3 0080                    ttemp0 007E  
                  ttemp1 0081                    ttemp2 0084                    ttemp3 0087  
                  ttemp4 007F                    status 0003                    wtemp0 007E  
                  wtemp1 0080                    wtemp2 0082                    wtemp3 0084  
                  wtemp4 0086                    wtemp5 0088                    wtemp6 007F  
        __initialization 0015             __end_of_main 009E                   ??_main 0024  
                 ?_delay 0020                   _TMR0IE 005D                   _TMR0IF 005A  
                 _myINTF 03B0                   saved_w 007E  __end_of__initialization 0017  
         __pcstackCOMMON 0070            __end_of_delay 00B4                  ??_delay 0076  
             __pmaintext 0073               __pintentry 0004                  __ptext0 0000  
                __ptext1 009E                  __ptext2 001B             __size_of_ISR 0058  
                _counter 0077                  delay@ms 0020     end_of_initialization 0017  
    start_initialization 0015              __end_of_ISR 0073              __pbssCOMMON 0077  
              ___latbits 0002            __pcstackBANK0 0020          delay@of_counter 0022  
         __size_of_delay 0016        interrupt_function 0004                 _myTMR0IF 03B1  
          __size_of_main 002B                 intlevel1 0000               _OPTION_REG 0081  
