

Microchip Technology PIC LITE Macro Assembler V1.33 build 59893 
                                                                                               Mon Apr 20 10:05:10 2026

Microchip Technology Omniscient Code Generator (Lite mode) build 59893
     1                           	processor	16F877A
     2                           	opt	pw 120
     3                           	opt	lm
     4                           	psect	text0,local,class=CODE,merge=1,delta=2
     5                           	psect	cinit,global,class=CODE,merge=1,delta=2
     6                           	psect	cstackCOMMON,global,class=COMMON,space=1,delta=1
     7                           	psect	maintext,global,class=CODE,split=1,delta=2
     8                           	psect	text1,local,class=CODE,merge=1,delta=2
     9                           	psect	text2,local,class=CODE,merge=1,delta=2
    10                           	psect	text3,local,class=CODE,merge=1,delta=2
    11                           	psect	text4,local,class=CODE,merge=1,delta=2
    12                           	dabs	1,0x7E,2
    13  0000                     	;# 
    14  0001                     	;# 
    15  0002                     	;# 
    16  0003                     	;# 
    17  0004                     	;# 
    18  0005                     	;# 
    19  0006                     	;# 
    20  0007                     	;# 
    21  0008                     	;# 
    22  0009                     	;# 
    23  000A                     	;# 
    24  000B                     	;# 
    25  000C                     	;# 
    26  000D                     	;# 
    27  000E                     	;# 
    28  000E                     	;# 
    29  000F                     	;# 
    30  0010                     	;# 
    31  0011                     	;# 
    32  0012                     	;# 
    33  0013                     	;# 
    34  0014                     	;# 
    35  0015                     	;# 
    36  0015                     	;# 
    37  0016                     	;# 
    38  0017                     	;# 
    39  0018                     	;# 
    40  0019                     	;# 
    41  001A                     	;# 
    42  001B                     	;# 
    43  001B                     	;# 
    44  001C                     	;# 
    45  001D                     	;# 
    46  001E                     	;# 
    47  001F                     	;# 
    48  0081                     	;# 
    49  0085                     	;# 
    50  0086                     	;# 
    51  0087                     	;# 
    52  0088                     	;# 
    53  0089                     	;# 
    54  008C                     	;# 
    55  008D                     	;# 
    56  008E                     	;# 
    57  0091                     	;# 
    58  0092                     	;# 
    59  0093                     	;# 
    60  0094                     	;# 
    61  0098                     	;# 
    62  0099                     	;# 
    63  009C                     	;# 
    64  009D                     	;# 
    65  009E                     	;# 
    66  009F                     	;# 
    67  010C                     	;# 
    68  010D                     	;# 
    69  010E                     	;# 
    70  010F                     	;# 
    71  018C                     	;# 
    72  018D                     	;# 
    73  000C                     _PIR1bits	set	12
    74  0006                     _PORTB	set	6
    75  001A                     _RCREG	set	26
    76  0018                     _RCSTAbits	set	24
    77  0099                     _SPBRG	set	153
    78  0086                     _TRISB	set	134
    79  0087                     _TRISCbits	set	135
    80  0098                     _TXSTAbits	set	152
    81                           
    82                           	psect	text0
    83  0000                     __ptext0:	
    84                           ; #config settings
    85                           
    86                           
    87                           ;psect for function _Display_Init
    88  0000                     
    89                           	psect	cinit
    90  07FC                     start_initialization:	
    91  07FC                     __initialization:	
    92  07FC                     end_of_initialization:	
    93                           ;End of C runtime variable initialization code
    94                           
    95  07FC                     __end_of__initialization:	
    96  07FC  0183               	clrf	3
    97  07FD  120A  118A  2FC7   	ljmp	_main	;jump to C main() function
    98                           
    99                           	psect	cstackCOMMON
   100  0070                     __pcstackCOMMON:	
   101  0070                     ?_Display_Init:	
   102  0070                     ??_Display_Init:	
   103                           ; 0 bytes @ 0x0
   104                           
   105  0070                     ?_UART_Init:	
   106                           ; 0 bytes @ 0x0
   107                           
   108  0070                     ??_UART_Init:	
   109                           ; 0 bytes @ 0x0
   110                           
   111  0070                     ??_UART_Receive_Char:	
   112                           ; 0 bytes @ 0x0
   113                           
   114  0070                     ?_Display_Update:	
   115                           ; 0 bytes @ 0x0
   116                           
   117  0070                     ??_Display_Update:	
   118                           ; 0 bytes @ 0x0
   119                           
   120  0070                     ?_main:	
   121                           ; 0 bytes @ 0x0
   122                           
   123  0070                     ?_UART_Receive_Char:	
   124                           ; 0 bytes @ 0x0
   125                           
   126  0070                     Display_Update@rx_char:	
   127                           ; 1 bytes @ 0x0
   128                           
   129                           
   130                           ; 1 bytes @ 0x0
   131  0070                     	ds	1
   132  0071                     ??_main:	
   133                           
   134                           ; 0 bytes @ 0x1
   135  0071                     	ds	1
   136  0072                     main@incoming_char:	
   137                           
   138                           ; 1 bytes @ 0x2
   139  0072                     	ds	1
   140                           
   141                           	psect	maintext
   142  07C7                     __pmaintext:	
   143 ;;
   144 ;;Main: autosize = 0, tempsize = 1, incstack = 0, save=0
   145 ;;
   146 ;; *************** function _main *****************
   147 ;; Defined at:
   148 ;;		line 26 in file "Z:\CPE3201-Sevilla\PracticalActivities\PA6\LE6-4rx.c"
   149 ;; Parameters:    Size  Location     Type
   150 ;;		None
   151 ;; Auto vars:     Size  Location     Type
   152 ;;  incoming_cha    1    2[COMMON] unsigned char 
   153 ;; Return value:  Size  Location     Type
   154 ;;		None               void
   155 ;; Registers used:
   156 ;;		wreg, status,2, status,0, pclath, cstack
   157 ;; Tracked objects:
   158 ;;		On entry : 17F/0
   159 ;;		On exit  : 0/0
   160 ;;		Unchanged: 0/0
   161 ;; Data sizes:     COMMON   BANK0   BANK1   BANK3   BANK2
   162 ;;      Params:         0       0       0       0       0
   163 ;;      Locals:         1       0       0       0       0
   164 ;;      Temps:          1       0       0       0       0
   165 ;;      Totals:         2       0       0       0       0
   166 ;;Total ram usage:        2 bytes
   167 ;; Hardware stack levels required when called:    1
   168 ;; This function calls:
   169 ;;		_Display_Init
   170 ;;		_Display_Update
   171 ;;		_UART_Init
   172 ;;		_UART_Receive_Char
   173 ;; This function is called by:
   174 ;;		Startup code after reset
   175 ;; This function uses a non-reentrant model
   176 ;;
   177                           
   178                           
   179                           ;psect for function _main
   180  07C7                     _main:	
   181                           
   182                           ;LE6-4rx.c: 28: Display_Init();
   183                           
   184                           ;incstack = 0
   185                           ; Regs used in _main: [wreg+status,2+status,0+pclath+cstack]
   186  07C7  120A  118A  27A8  120A  118A  	fcall	_Display_Init
   187                           
   188                           ;LE6-4rx.c: 29: UART_Init();
   189  07CC  120A  118A  27B9  120A  118A  	fcall	_UART_Init
   190  07D1                     l548:	
   191                           ;LE6-4rx.c: 32: while(1) {
   192                           
   193                           
   194                           ;LE6-4rx.c: 34: char incoming_char = UART_Receive_Char();
   195  07D1  120A  118A  27AF  120A  118A  	fcall	_UART_Receive_Char
   196  07D6  00F1               	movwf	??_main
   197  07D7  0871               	movf	??_main,w
   198  07D8  00F2               	movwf	main@incoming_char
   199                           
   200                           ;LE6-4rx.c: 37: Display_Update(incoming_char);
   201  07D9  0872               	movf	main@incoming_char,w
   202  07DA  120A  118A  27E0  120A  118A  	fcall	_Display_Update
   203  07DF  2FD1               	goto	l548
   204  07E0                     __end_of_main:	
   205                           
   206                           	psect	text1
   207  07AF                     __ptext1:	
   208 ;; *************** function _UART_Receive_Char *****************
   209 ;; Defined at:
   210 ;;		line 59 in file "Z:\CPE3201-Sevilla\PracticalActivities\PA6\LE6-4rx.c"
   211 ;; Parameters:    Size  Location     Type
   212 ;;		None
   213 ;; Auto vars:     Size  Location     Type
   214 ;;		None
   215 ;; Return value:  Size  Location     Type
   216 ;;                  1    wreg      unsigned char 
   217 ;; Registers used:
   218 ;;		wreg
   219 ;; Tracked objects:
   220 ;;		On entry : 0/0
   221 ;;		On exit  : 0/0
   222 ;;		Unchanged: 0/0
   223 ;; Data sizes:     COMMON   BANK0   BANK1   BANK3   BANK2
   224 ;;      Params:         0       0       0       0       0
   225 ;;      Locals:         0       0       0       0       0
   226 ;;      Temps:          0       0       0       0       0
   227 ;;      Totals:         0       0       0       0       0
   228 ;;Total ram usage:        0 bytes
   229 ;; Hardware stack levels used:    1
   230 ;; This function calls:
   231 ;;		Nothing
   232 ;; This function is called by:
   233 ;;		_main
   234 ;; This function uses a non-reentrant model
   235 ;;
   236                           
   237                           
   238                           ;psect for function _UART_Receive_Char
   239  07AF                     _UART_Receive_Char:	
   240                           
   241                           ;LE6-4rx.c: 61: if (RCSTAbits.OERR) {
   242                           
   243                           ;incstack = 0
   244                           ; Regs used in _UART_Receive_Char: [wreg]
   245  07AF  1283               	bcf	3,5	;RP0=0, select bank0
   246  07B0  1303               	bcf	3,6	;RP1=0, select bank0
   247  07B1  1C98               	btfss	24,1	;volatile
   248  07B2  2FB5               	goto	l37
   249                           
   250                           ;LE6-4rx.c: 62: RCSTAbits.CREN = 0;
   251  07B3  1218               	bcf	24,4	;volatile
   252                           
   253                           ;LE6-4rx.c: 63: RCSTAbits.CREN = 1;
   254  07B4  1618               	bsf	24,4	;volatile
   255  07B5                     l37:	
   256                           ;LE6-4rx.c: 64: }
   257                           ;LE6-4rx.c: 67: while(!PIR1bits.RCIF);
   258                           
   259  07B5  1E8C               	btfss	12,5	;volatile
   260  07B6  2FB5               	goto	l37
   261                           
   262                           ;LE6-4rx.c: 70: return RCREG;
   263  07B7  081A               	movf	26,w	;volatile
   264  07B8  0008               	return
   265  07B9                     __end_of_UART_Receive_Char:	
   266                           
   267                           	psect	text2
   268  07B9                     __ptext2:	
   269 ;; *************** function _UART_Init *****************
   270 ;; Defined at:
   271 ;;		line 43 in file "Z:\CPE3201-Sevilla\PracticalActivities\PA6\LE6-4rx.c"
   272 ;; Parameters:    Size  Location     Type
   273 ;;		None
   274 ;; Auto vars:     Size  Location     Type
   275 ;;		None
   276 ;; Return value:  Size  Location     Type
   277 ;;		None               void
   278 ;; Registers used:
   279 ;;		wreg
   280 ;; Tracked objects:
   281 ;;		On entry : 0/0
   282 ;;		On exit  : 0/0
   283 ;;		Unchanged: 0/0
   284 ;; Data sizes:     COMMON   BANK0   BANK1   BANK3   BANK2
   285 ;;      Params:         0       0       0       0       0
   286 ;;      Locals:         0       0       0       0       0
   287 ;;      Temps:          0       0       0       0       0
   288 ;;      Totals:         0       0       0       0       0
   289 ;;Total ram usage:        0 bytes
   290 ;; Hardware stack levels used:    1
   291 ;; This function calls:
   292 ;;		Nothing
   293 ;; This function is called by:
   294 ;;		_main
   295 ;; This function uses a non-reentrant model
   296 ;;
   297                           
   298                           
   299                           ;psect for function _UART_Init
   300  07B9                     _UART_Init:	
   301                           
   302                           ;LE6-4rx.c: 45: TRISCbits.TRISC6 = 1;
   303                           
   304                           ;incstack = 0
   305                           ; Regs used in _UART_Init: [wreg]
   306  07B9  1683               	bsf	3,5	;RP0=1, select bank1
   307  07BA  1303               	bcf	3,6	;RP1=0, select bank1
   308  07BB  1707               	bsf	7,6	;volatile
   309                           
   310                           ;LE6-4rx.c: 46: TRISCbits.TRISC7 = 1;
   311  07BC  1787               	bsf	7,7	;volatile
   312                           
   313                           ;LE6-4rx.c: 49: SPBRG = 0x19;
   314  07BD  3019               	movlw	25
   315  07BE  0099               	movwf	25	;volatile
   316                           
   317                           ;LE6-4rx.c: 52: TXSTAbits.SYNC = 0;
   318  07BF  1218               	bcf	24,4	;volatile
   319                           
   320                           ;LE6-4rx.c: 53: TXSTAbits.BRGH = 1;
   321  07C0  1518               	bsf	24,2	;volatile
   322                           
   323                           ;LE6-4rx.c: 54: RCSTAbits.SPEN = 1;
   324  07C1  1283               	bcf	3,5	;RP0=0, select bank0
   325  07C2  1303               	bcf	3,6	;RP1=0, select bank0
   326  07C3  1798               	bsf	24,7	;volatile
   327                           
   328                           ;LE6-4rx.c: 55: RCSTAbits.RX9 = 0;
   329  07C4  1318               	bcf	24,6	;volatile
   330                           
   331                           ;LE6-4rx.c: 56: RCSTAbits.CREN = 1;
   332  07C5  1618               	bsf	24,4	;volatile
   333  07C6  0008               	return
   334  07C7                     __end_of_UART_Init:	
   335                           
   336                           	psect	text3
   337  07E0                     __ptext3:	
   338 ;; *************** function _Display_Update *****************
   339 ;; Defined at:
   340 ;;		line 79 in file "Z:\CPE3201-Sevilla\PracticalActivities\PA6\LE6-4rx.c"
   341 ;; Parameters:    Size  Location     Type
   342 ;;  rx_char         1    wreg     unsigned char 
   343 ;; Auto vars:     Size  Location     Type
   344 ;;  rx_char         1    0[COMMON] unsigned char 
   345 ;; Return value:  Size  Location     Type
   346 ;;		None               void
   347 ;; Registers used:
   348 ;;		wreg, status,2, status,0
   349 ;; Tracked objects:
   350 ;;		On entry : 0/0
   351 ;;		On exit  : 0/0
   352 ;;		Unchanged: 0/0
   353 ;; Data sizes:     COMMON   BANK0   BANK1   BANK3   BANK2
   354 ;;      Params:         0       0       0       0       0
   355 ;;      Locals:         1       0       0       0       0
   356 ;;      Temps:          0       0       0       0       0
   357 ;;      Totals:         1       0       0       0       0
   358 ;;Total ram usage:        1 bytes
   359 ;; Hardware stack levels used:    1
   360 ;; This function calls:
   361 ;;		Nothing
   362 ;; This function is called by:
   363 ;;		_main
   364 ;; This function uses a non-reentrant model
   365 ;;
   366                           
   367                           
   368                           ;psect for function _Display_Update
   369  07E0                     _Display_Update:	
   370                           
   371                           ;incstack = 0
   372                           ; Regs used in _Display_Update: [wreg+status,2+status,0]
   373                           ;Display_Update@rx_char stored from wreg
   374  07E0  00F0               	movwf	Display_Update@rx_char
   375                           
   376                           ;LE6-4rx.c: 81: if (rx_char >= '0' && rx_char <= '9') {
   377  07E1  3030               	movlw	48
   378  07E2  0270               	subwf	Display_Update@rx_char,w
   379  07E3  1C03               	skipc
   380  07E4  2FEF               	goto	l538
   381  07E5  303A               	movlw	58
   382  07E6  0270               	subwf	Display_Update@rx_char,w
   383  07E7  1803               	skipnc
   384  07E8  2FEF               	goto	l538
   385                           
   386                           ;LE6-4rx.c: 82: PORTB = rx_char - '0';
   387  07E9  0870               	movf	Display_Update@rx_char,w
   388  07EA  3ED0               	addlw	208
   389  07EB  1283               	bcf	3,5	;RP0=0, select bank0
   390  07EC  1303               	bcf	3,6	;RP1=0, select bank0
   391  07ED  0086               	movwf	6	;volatile
   392                           
   393                           ;LE6-4rx.c: 83: }
   394  07EE  0008               	return
   395  07EF                     l538:	
   396                           
   397                           ;LE6-4rx.c: 84: else if (rx_char == '*' || rx_char == '#') {
   398  07EF  0870               	movf	Display_Update@rx_char,w
   399  07F0  3A2A               	xorlw	42
   400  07F1  1903               	skipnz
   401  07F2  2FF7               	goto	l542
   402  07F3  0870               	movf	Display_Update@rx_char,w
   403  07F4  3A23               	xorlw	35
   404  07F5  1D03               	skipz
   405  07F6  0008               	return
   406  07F7                     l542:	
   407                           
   408                           ;LE6-4rx.c: 85: PORTB = 0x0F;
   409  07F7  300F               	movlw	15
   410  07F8  1283               	bcf	3,5	;RP0=0, select bank0
   411  07F9  1303               	bcf	3,6	;RP1=0, select bank0
   412  07FA  0086               	movwf	6	;volatile
   413  07FB  0008               	return
   414  07FC                     __end_of_Display_Update:	
   415                           
   416                           	psect	text4
   417  07A8                     __ptext4:	
   418 ;; *************** function _Display_Init *****************
   419 ;; Defined at:
   420 ;;		line 73 in file "Z:\CPE3201-Sevilla\PracticalActivities\PA6\LE6-4rx.c"
   421 ;; Parameters:    Size  Location     Type
   422 ;;		None
   423 ;; Auto vars:     Size  Location     Type
   424 ;;		None
   425 ;; Return value:  Size  Location     Type
   426 ;;		None               void
   427 ;; Registers used:
   428 ;;		status,2
   429 ;; Tracked objects:
   430 ;;		On entry : 0/0
   431 ;;		On exit  : 0/0
   432 ;;		Unchanged: 0/0
   433 ;; Data sizes:     COMMON   BANK0   BANK1   BANK3   BANK2
   434 ;;      Params:         0       0       0       0       0
   435 ;;      Locals:         0       0       0       0       0
   436 ;;      Temps:          0       0       0       0       0
   437 ;;      Totals:         0       0       0       0       0
   438 ;;Total ram usage:        0 bytes
   439 ;; Hardware stack levels used:    1
   440 ;; This function calls:
   441 ;;		Nothing
   442 ;; This function is called by:
   443 ;;		_main
   444 ;; This function uses a non-reentrant model
   445 ;;
   446                           
   447                           
   448                           ;psect for function _Display_Init
   449  07A8                     _Display_Init:	
   450                           
   451                           ;LE6-4rx.c: 75: TRISB = 0x00;
   452                           
   453                           ;incstack = 0
   454                           ; Regs used in _Display_Init: [status,2]
   455  07A8  1683               	bsf	3,5	;RP0=1, select bank1
   456  07A9  1303               	bcf	3,6	;RP1=0, select bank1
   457  07AA  0186               	clrf	6	;volatile
   458                           
   459                           ;LE6-4rx.c: 76: PORTB = 0x00;
   460  07AB  1283               	bcf	3,5	;RP0=0, select bank0
   461  07AC  1303               	bcf	3,6	;RP1=0, select bank0
   462  07AD  0186               	clrf	6	;volatile
   463  07AE  0008               	return
   464  07AF                     __end_of_Display_Init:	
   465  007E                     btemp	set	126	;btemp
   466  007E                     wtemp	set	126
   467  007E                     wtemp0	set	126
   468  0080                     wtemp1	set	128
   469  0082                     wtemp2	set	130
   470  0084                     wtemp3	set	132
   471  0086                     wtemp4	set	134
   472  0088                     wtemp5	set	136
   473  007F                     wtemp6	set	127
   474  007E                     ttemp	set	126
   475  007E                     ttemp0	set	126
   476  0081                     ttemp1	set	129
   477  0084                     ttemp2	set	132
   478  0087                     ttemp3	set	135
   479  007F                     ttemp4	set	127
   480  007E                     ltemp	set	126
   481  007E                     ltemp0	set	126
   482  0082                     ltemp1	set	130
   483  0086                     ltemp2	set	134
   484  0080                     ltemp3	set	128


Data Sizes:
    Strings     0
    Constant    0
    Data        0
    BSS         0
    Persistent  0
    Stack       0

Auto Spaces:
    Space          Size  Autos    Used
    COMMON           14      3       3
    BANK0            80      0       0
    BANK1            80      0       0
    BANK3            96      0       0
    BANK2            96      0       0

Pointer List with Targets:

    None.

Critical Paths under _main in COMMON

    _main->_Display_Update

Critical Paths under _main in BANK0

    None.

Critical Paths under _main in BANK1

    None.

Critical Paths under _main in BANK3

    None.

Critical Paths under _main in BANK2

    None.

Call Graph Tables:

 ---------------------------------------------------------------------------------
 (Depth) Function   	        Calls       Base Space   Used Autos Params    Refs
 ---------------------------------------------------------------------------------
 (0) _main                                                 2     2      0      90
                                              1 COMMON     2     2      0
                       _Display_Init
                     _Display_Update
                          _UART_Init
                  _UART_Receive_Char
 ---------------------------------------------------------------------------------
 (1) _UART_Receive_Char                                    0     0      0       0
 ---------------------------------------------------------------------------------
 (1) _UART_Init                                            0     0      0       0
 ---------------------------------------------------------------------------------
 (1) _Display_Update                                       1     1      0      75
                                              0 COMMON     1     1      0
 ---------------------------------------------------------------------------------
 (1) _Display_Init                                         0     0      0       0
 ---------------------------------------------------------------------------------
 Estimated maximum stack depth 1
 ---------------------------------------------------------------------------------

 Call Graph Graphs:

 _main (ROOT)
   _Display_Init
   _Display_Update
   _UART_Init
   _UART_Receive_Char

 Address spaces:
Name               Size   Autos  Total    Cost      Usage
BITCOMMON            E      0       0       0        0.0%
EEDATA             100      0       0       0        0.0%
NULL                 0      0       0       0        0.0%
CODE                 0      0       0       0        0.0%
COMMON               E      3       3       1       21.4%
BITSFR0              0      0       0       1        0.0%
SFR0                 0      0       0       1        0.0%
BITSFR1              0      0       0       2        0.0%
SFR1                 0      0       0       2        0.0%
STACK                0      0       0       2        0.0%
ABS                  0      0       0       3        0.0%
BITBANK0            50      0       0       4        0.0%
BITSFR3              0      0       0       4        0.0%
SFR3                 0      0       0       4        0.0%
BANK0               50      0       0       5        0.0%
BITSFR2              0      0       0       5        0.0%
SFR2                 0      0       0       5        0.0%
BITBANK1            50      0       0       6        0.0%
BANK1               50      0       0       7        0.0%
BITBANK3            60      0       0       8        0.0%
BANK3               60      0       0       9        0.0%
BITBANK2            60      0       0      10        0.0%
BANK2               60      0       0      11        0.0%
DATA                 0      0       0      12        0.0%


Microchip Technology PIC Macro Assembler V1.33 build 59893 
Symbol Table                                                                                   Mon Apr 20 10:05:10 2026

               __CFG_CP$OFF 0000                          l37 07B5                         l542 07F7  
                       l538 07EF                         l548 07D1                __CFG_CPD$OFF 0000  
              __CFG_FOSC$XT 0000                __CFG_LVP$OFF 0000                __CFG_WRT$OFF 0000  
                      _main 07C7                        btemp 007E               __CFG_BOREN$ON 0000  
                      ltemp 007E                        start 0000                        ttemp 007E  
                      wtemp 007E                       ?_main 0070               __CFG_WDTE$OFF 0000  
                     _RCREG 001A                       _SPBRG 0099                       _PORTB 0006  
                     _TRISB 0086               __CFG_PWRTE$ON 0000          __size_of_UART_Init 000E  
                     ltemp0 007E                       ltemp1 0082                       ltemp2 0086  
                     ltemp3 0080                       ttemp0 007E                       ttemp1 0081  
                     ttemp2 0084                       ttemp3 0087                       ttemp4 007F  
                     status 0003                       wtemp0 007E                       wtemp1 0080  
                     wtemp2 0082                       wtemp3 0084                       wtemp4 0086  
                     wtemp5 0088                       wtemp6 007F             __initialization 07FC  
              __end_of_main 07E0                      ??_main 0071        __end_of_Display_Init 07AF  
         __end_of_UART_Init 07C7     __end_of__initialization 07FC              __pcstackCOMMON 0070  
                __pmaintext 07C7           _UART_Receive_Char 07AF       __size_of_Display_Init 0007  
        ?_UART_Receive_Char 0070         ??_UART_Receive_Char 0070                _Display_Init 07A8  
 __end_of_UART_Receive_Char 07B9                     __ptext0 0000                     __ptext1 07AF  
                   __ptext2 07B9                     __ptext3 07E0                     __ptext4 07A8  
   __size_of_Display_Update 001C        end_of_initialization 07FC                   _RCSTAbits 0018  
                 _UART_Init 07B9                   _TRISCbits 0087                   _TXSTAbits 0098  
__size_of_UART_Receive_Char 000A                  ?_UART_Init 0070         start_initialization 07FC  
            _Display_Update 07E0                   ___latbits 0002      __end_of_Display_Update 07FC  
               ??_UART_Init 0070                    _PIR1bits 000C             ?_Display_Update 0070  
     Display_Update@rx_char 0070               __size_of_main 0019               ?_Display_Init 0070  
         main@incoming_char 0072            ??_Display_Update 0070              ??_Display_Init 0070  
