Microchip MPLAB XC8 Compiler V1.33 ()

Linker command line:

--edf=C:\Program Files (x86)\Microchip\xc8\v1.33\dat\en_msgs.txt -cs \
  -h+Arnold.sym --cmf=Arnold.cmf -z -Q16F877A \
  -oC:\Users\CHRYSS~1\AppData\Local\Temp\s2rk.6 -MArnold.map -E1 -ver=XC8 \
  -ASTACK=0110h-016fh -pstack=STACK -ACONST=00h-0FFhx32 -ACODE=00h-07FFhx4 \
  -ASTRCODE=00h-01FFFh -AENTRY=00h-0FFhx32 -ASTRING=00h-0FFhx32 \
  -ACOMMON=070h-07Fh -ABANK0=020h-06Fh -ABANK1=0A0h-0EFh \
  -ABANK2=0110h-016Fh -ABANK3=0190h-01EFh \
  -ARAM=020h-06Fh,0A0h-0EFh,0110h-016Fh,0190h-01EFh \
  -AABS1=020h-07Fh,0A0h-0EFh,0110h-016Fh,0190h-01EFh -ASFR0=00h-01Fh \
  -ASFR1=080h-09Fh -ASFR2=0100h-010Fh -ASFR3=0180h-018Fh \
  -preset_vec=00h,intentry,init,end_init -ppowerup=CODE -pcinit=CODE \
  -pfunctab=CODE -ACONFIG=02007h-02007h -pconfig=CONFIG -DCONFIG=2 \
  -AIDLOC=02000h-02003h -pidloc=IDLOC -DIDLOC=2 -AEEDATA=00h-0FFh/02100h \
  -peeprom_data=EEDATA -DEEDATA=2 -DCODE=2 -DSTRCODE=2 -DSTRING=2 -DCONST=2 \
  -DENTRY=2 -k startup.obj Arnold.obj 

Object code version is 3.11

Machine type is 16F877A



                Name                               Link     Load   Length Selector   Space Scale
startup.obj     end_init                              0        0        3        0       0
                config                             2007     2007        1     400E       0
Arnold.obj      cinit                               7EF      7EF       11      FDE       0
                text6                               5D8      5D8       8F      BB0       0
                text5                               54D      54D       23      A9A       0
                text4                               538      538        9      A70       0
                text3                               541      541        C      A82       0
                text2                               570      570       27      AE0       0
                text1                               597      597       41      B2E       0
                maintext                            667      667      188      CCE       0
                cstackBANK0                          41       41       1B       20       1
                cstackCOMMON                         70       70        9       70       1
                clrtext                             530      530        8      A60       0
                dataBANK0                            5C       5C        1       20       1
                bssBANK0                             20       20       21       20       1
                idataBANK0                          52F      52F        1      A5E       0

TOTAL           Name                               Link     Load   Length     Space
        CLASS   STACK          

        CLASS   CONST          

        CLASS   CODE           
                end_init                              0        0        3         0
                cinit                               7EF      7EF       11         0
                text6                               5D8      5D8       8F         0
                text5                               54D      54D       23         0
                text4                               538      538        9         0
                text3                               541      541        C         0
                text2                               570      570       27         0
                text1                               597      597       41         0
                maintext                            667      667      188         0
                clrtext                             530      530        8         0
                idataBANK0                          52F      52F        1         0

        CLASS   STRCODE        

        CLASS   ENTRY          

        CLASS   STRING         

        CLASS   COMMON         
                cstackCOMMON                         70       70        9         1

        CLASS   BANK0          
                cstackBANK0                          41       41       1B         1
                dataBANK0                            5C       5C        1         1
                bssBANK0                             20       20       21         1

        CLASS   BANK1          

        CLASS   BANK2          

        CLASS   BANK3          

        CLASS   RAM            

        CLASS   ABS1           
                abs_s1                               7E       7E        2         1

        CLASS   SFR0           

        CLASS   SFR1           

        CLASS   SFR2           

        CLASS   SFR3           

        CLASS   CONFIG         
                config                             2007     2007        1         0

        CLASS   IDLOC          

        CLASS   EEDATA         



SEGMENTS        Name                           Load    Length   Top    Selector   Space  Class     Delta

                reset_vec                      000000  000003  000003         0       0  CODE        2
                bssBANK0                       000020  00003D  00005D        20       1  BANK0       1
                cstackCOMMON                   000070  000009  000079        70       1  COMMON      1
                idataBANK0                     00052F  000001  000530       A5E       0  CODE        2
                clrtext                        000530  000008  000538       A60       0  CODE        2
                text4                          000538  000009  000541       A70       0  CODE        2
                text3                          000541  00000C  00054D       A82       0  CODE        2
                text5                          00054D  000023  000570       A9A       0  CODE        2
                text2                          000570  000027  000597       AE0       0  CODE        2
                text1                          000597  000041  0005D8       B2E       0  CODE        2
                text6                          0005D8  00008F  000667       BB0       0  CODE        2
                maintext                       000667  000188  0007EF       CCE       0  CODE        2
                cinit                          0007EF  000011  000800       FDE       0  CODE        2
                config                         002007  000001  002008      400E       0  CONFIG      2


UNUSED ADDRESS RANGES

        Name                Unused          Largest block    Delta
        BANK0            005D-006F             13           1
        BANK1            00A0-00EF             50           1
        BANK2            0110-016F             60           1
        BANK3            0190-01EF             60           1
        CODE             0003-052E            52C           2
                         0800-1FFF            800
        COMMON           0079-007D              5           1
        CONST            0003-052E            100           2
                         0800-1FFF            100
        EEDATA           2100-21FF            100           2
        ENTRY            0003-052E            100           2
                         0800-1FFF            100
        IDLOC            2000-2003              4           2
        RAM              005D-006F             13           1
                         00A0-00EF             50
                         0110-016F             60
                         0190-01EF             60
        SFR0             0000-001F             20           1
        SFR1             0080-009F             20           1
        SFR2             0100-010F             10           1
        SFR3             0180-018F             10           1
        STACK            0110-016F             60           1
        STRCODE          0003-052E            52C           2
                         0800-1FFF           1800
        STRING           0003-052E            100           2
                         0800-1FFF            100

                                  Symbol Table

?___aldiv                cstackCOMMON 0070
?___wmul                 cstackCOMMON 0070
?_read_adc               cstackCOMMON 0070
_ADCON0                  (abs)        001F
_ADCON1                  (abs)        009F
_ADRESH                  (abs)        001E
_ADRESL                  (abs)        009E
_CCPR1L                  (abs)        0015
_CCPR2L                  (abs)        001B
_GO_nDONE                (abs)        00FA
_PORTD                   (abs)        0008
_RD0                     (abs)        0040
_RD1                     (abs)        0041
_RD2                     (abs)        0042
_RD3                     (abs)        0043
_TRISA                   (abs)        0085
_TRISB                   (abs)        0086
_TRISC                   (abs)        0087
_TRISD                   (abs)        0088
__CFG_BOREN$ON           (abs)        0000
__CFG_CP$OFF             (abs)        0000
__CFG_CPD$OFF            (abs)        0000
__CFG_FOSC$XT            (abs)        0000
__CFG_LVP$OFF            (abs)        0000
__CFG_PWRTE$ON           (abs)        0000
__CFG_WDTE$OFF           (abs)        0000
__CFG_WRT$OFF            (abs)        0000
__Habs1                  abs1         0000
__Hbank0                 bank0        0000
__Hbank1                 bank1        0000
__Hbank2                 bank2        0000
__Hbank3                 bank3        0000
__HbssBANK0              bssBANK0     0000
__Hcinit                 cinit        0800
__Hclrtext               clrtext      0000
__Hcode                  code         0000
__Hcommon                common       0000
__Hconfig                config       2008
__HcstackBANK0           cstackBANK0  0000
__HcstackCOMMON          cstackCOMMON 0000
__HdataBANK0             dataBANK0    0000
__Heeprom_data           eeprom_data  0000
__Hend_init              end_init     0003
__Hfunctab               functab      0000
__HidataBANK0            idataBANK0   0000
__Hidloc                 idloc        0000
__Hinit                  init         0000
__Hintentry              intentry     0000
__Hmaintext              maintext     0000
__Hpowerup               powerup      0000
__Hram                   ram          0000
__Hreset_vec             reset_vec    0000
__Hsfr0                  sfr0         0000
__Hsfr1                  sfr1         0000
__Hsfr2                  sfr2         0000
__Hsfr3                  sfr3         0000
__Hspace_0               (abs)        2008
__Hspace_1               (abs)        0079
__Hspace_2               (abs)        0000
__Hspace_3               (abs)        0000
__Hstack                 stack        0000
__Hstrings               strings      0000
__Htext                  text         0000
__Labs1                  abs1         0000
__Lbank0                 bank0        0000
__Lbank1                 bank1        0000
__Lbank2                 bank2        0000
__Lbank3                 bank3        0000
__LbssBANK0              bssBANK0     0000
__Lcinit                 cinit        07EF
__Lclrtext               clrtext      0000
__Lcode                  code         0000
__Lcommon                common       0000
__Lconfig                config       2007
__LcstackBANK0           cstackBANK0  0000
__LcstackCOMMON          cstackCOMMON 0000
__LdataBANK0             dataBANK0    0000
__Leeprom_data           eeprom_data  0000
__Lend_init              end_init     0000
__Lfunctab               functab      0000
__LidataBANK0            idataBANK0   0000
__Lidloc                 idloc        0000
__Linit                  init         0000
__Lintentry              intentry     0000
__Lmaintext              maintext     0000
__Lpowerup               powerup      0000
__Lram                   ram          0000
__Lreset_vec             reset_vec    0000
__Lsfr0                  sfr0         0000
__Lsfr1                  sfr1         0000
__Lsfr2                  sfr2         0000
__Lsfr3                  sfr3         0000
__Lspace_0               (abs)        0000
__Lspace_1               (abs)        0000
__Lspace_2               (abs)        0000
__Lspace_3               (abs)        0000
__Lstack                 stack        0000
__Lstrings               strings      0000
__Ltext                  text         0000
__S0                     (abs)        2008
__S1                     (abs)        0079
__S2                     (abs)        0000
__S3                     (abs)        0000
___aldiv                 text6        05D8
___aldiv@counter         cstackBANK0  0041
___aldiv@dividend        cstackCOMMON 0074
___aldiv@divisor         cstackCOMMON 0070
___aldiv@quotient        cstackBANK0  0043
___aldiv@sign            cstackBANK0  0042
___int_sp                stack        0000
___latbits               (abs)        0002
___sp                    stack        0000
___wmul                  text5        054D
___wmul@multiplicand     cstackCOMMON 0072
___wmul@multiplier       cstackCOMMON 0070
___wmul@product          cstackCOMMON 0074
__end_of___aldiv         text6        0667
__end_of___wmul          text5        0570
__end_of__initialization cinit        07FC
__end_of_init_adc        text4        0541
__end_of_init_io         text3        054D
__end_of_main            maintext     07EF
__end_of_read_adc        text2        0597
__end_of_set_motors      text1        05D8
__initialization         cinit        07EF
__pbssBANK0              bssBANK0     0020
__pcstackBANK0           cstackBANK0  0041
__pcstackCOMMON          cstackCOMMON 0070
__pdataBANK0             dataBANK0    005C
__pidataBANK0            idataBANK0   052F
__pmaintext              maintext     0667
__ptext1                 text1        0597
__ptext2                 text2        0570
__ptext3                 text3        0541
__ptext4                 text4        0538
__ptext5                 text5        054D
__ptext6                 text6        05D8
__size_of___aldiv        (abs)        0000
__size_of___wmul         (abs)        0000
__size_of_init_adc       (abs)        0000
__size_of_init_io        (abs)        0000
__size_of_main           (abs)        0000
__size_of_read_adc       (abs)        0000
__size_of_set_motors     (abs)        0000
_gap_counter             bssBANK0     0040
_init_adc                text4        0538
_init_io                 text3        0541
_last_direction          dataBANK0    005C
_main                    maintext     0667
_read_adc                text2        0570
_s                       bssBANK0     0020
_set_motors              text1        0597
_threshold               bssBANK0     0030
btemp                    (abs)        007E
clear_ram0               clrtext      0530
end_of_initialization    cinit        07FC
intlevel0                functab      0000
intlevel1                functab      0000
intlevel2                functab      0000
intlevel3                functab      0000
intlevel4                functab      0000
intlevel5                functab      0000
ltemp                    (abs)        007E
ltemp0                   (abs)        007E
ltemp1                   (abs)        0082
ltemp2                   (abs)        0086
ltemp3                   (abs)        0080
main@error               cstackBANK0  0059
main@i                   cstackBANK0  005B
main@left_motor          cstackBANK0  004D
main@right_motor         cstackBANK0  004F
main@sum                 cstackBANK0  0055
main@weighted            cstackBANK0  0051
read_adc@channel         cstackCOMMON 0074
reset_vec                reset_vec    0000
set_motors@left          cstackCOMMON 0070
set_motors@right         cstackCOMMON 0072
stackhi                  (abs)        0000
stacklo                  (abs)        0000
start                    init         0000
start_initialization     cinit        07EF
ttemp                    (abs)        007E
ttemp0                   (abs)        007E
ttemp1                   (abs)        0081
ttemp2                   (abs)        0084
ttemp3                   (abs)        0087
ttemp4                   (abs)        007F
wtemp                    (abs)        007E
wtemp0                   (abs)        007E
wtemp1                   (abs)        0080
wtemp2                   (abs)        0082
wtemp3                   (abs)        0084
wtemp4                   (abs)        0086
wtemp5                   (abs)        0088
wtemp6                   (abs)        007F


FUNCTION INFORMATION:

 *************** function _main *****************
 Defined at:
		line 94 in file "C:\Users\Chrys Sean Sevilla\Desktop\School Stuff\CPE3201-Sevilla\MPLABX TEST\Arnold\Arnold.c"
 Parameters:    Size  Location     Type
		None
 Auto vars:     Size  Location     Type
  sum             4   20[BANK0 ] long 
  weighted        4   16[BANK0 ] long 
  error           2   24[BANK0 ] int 
  right_motor     2   14[BANK0 ] int 
  left_motor      2   12[BANK0 ] int 
  i               1   26[BANK0 ] unsigned char 
 Return value:  Size  Location     Type
		None               void
 Registers used:
		wreg, fsr0l, fsr0h, status,2, status,0, btemp+1, pclath, cstack
 Tracked objects:
		On entry : 
		On exit  : 
		Unchanged: 
 Data sizes:     COMMON   BANK0   BANK1   BANK3   BANK2
      Params:         0       0       0       0       0
      Locals:         0      15       0       0       0
      Temps:          0       6       0       0       0
      Totals:         0      21       0       0       0
Total ram usage:       21 bytes
 Hardware stack levels required when called:    1
 This function calls:
		___aldiv
		___wmul
		_init_adc
		_init_io
		_read_adc
		_set_motors
 This function is called by:
		Startup code after reset
 This function uses a non-reentrant model


 *************** function _set_motors *****************
 Defined at:
		line 70 in file "C:\Users\Chrys Sean Sevilla\Desktop\School Stuff\CPE3201-Sevilla\MPLABX TEST\Arnold\Arnold.c"
 Parameters:    Size  Location     Type
  left            2    0[COMMON] int 
  right           2    2[COMMON] int 
 Auto vars:     Size  Location     Type
		None
 Return value:  Size  Location     Type
		None               void
 Registers used:
		wreg, status,2, status,0, btemp+1
 Tracked objects:
		On entry : 
		On exit  : 
		Unchanged: 
 Data sizes:     COMMON   BANK0   BANK1   BANK3   BANK2
      Params:         4       0       0       0       0
      Locals:         0       0       0       0       0
      Temps:          0       0       0       0       0
      Totals:         4       0       0       0       0
Total ram usage:        4 bytes
 Hardware stack levels used:    1
 This function calls:
		Nothing
 This function is called by:
		_main
 This function uses a non-reentrant model


 *************** function _read_adc *****************
 Defined at:
		line 57 in file "C:\Users\Chrys Sean Sevilla\Desktop\School Stuff\CPE3201-Sevilla\MPLABX TEST\Arnold\Arnold.c"
 Parameters:    Size  Location     Type
  channel         1    wreg     unsigned char 
 Auto vars:     Size  Location     Type
  channel         1    4[COMMON] unsigned char 
 Return value:  Size  Location     Type
                  2    0[COMMON] unsigned int 
 Registers used:
		wreg, status,2, status,0
 Tracked objects:
		On entry : 
		On exit  : 
		Unchanged: 
 Data sizes:     COMMON   BANK0   BANK1   BANK3   BANK2
      Params:         2       0       0       0       0
      Locals:         1       0       0       0       0
      Temps:          2       0       0       0       0
      Totals:         5       0       0       0       0
Total ram usage:        5 bytes
 Hardware stack levels used:    1
 This function calls:
		Nothing
 This function is called by:
		_main
 This function uses a non-reentrant model


 *************** function _init_io *****************
 Defined at:
		line 42 in file "C:\Users\Chrys Sean Sevilla\Desktop\School Stuff\CPE3201-Sevilla\MPLABX TEST\Arnold\Arnold.c"
 Parameters:    Size  Location     Type
		None
 Auto vars:     Size  Location     Type
		None
 Return value:  Size  Location     Type
		None               void
 Registers used:
		wreg, status,2
 Tracked objects:
		On entry : 
		On exit  : 
		Unchanged: 
 Data sizes:     COMMON   BANK0   BANK1   BANK3   BANK2
      Params:         0       0       0       0       0
      Locals:         0       0       0       0       0
      Temps:          0       0       0       0       0
      Totals:         0       0       0       0       0
Total ram usage:        0 bytes
 Hardware stack levels used:    1
 This function calls:
		Nothing
 This function is called by:
		_main
 This function uses a non-reentrant model


 *************** function _init_adc *****************
 Defined at:
		line 51 in file "C:\Users\Chrys Sean Sevilla\Desktop\School Stuff\CPE3201-Sevilla\MPLABX TEST\Arnold\Arnold.c"
 Parameters:    Size  Location     Type
		None
 Auto vars:     Size  Location     Type
		None
 Return value:  Size  Location     Type
		None               void
 Registers used:
		wreg
 Tracked objects:
		On entry : 
		On exit  : 
		Unchanged: 
 Data sizes:     COMMON   BANK0   BANK1   BANK3   BANK2
      Params:         0       0       0       0       0
      Locals:         0       0       0       0       0
      Temps:          0       0       0       0       0
      Totals:         0       0       0       0       0
Total ram usage:        0 bytes
 Hardware stack levels used:    1
 This function calls:
		Nothing
 This function is called by:
		_main
 This function uses a non-reentrant model


 *************** function ___wmul *****************
 Defined at:
		line 15 in file "C:\Program Files (x86)\Microchip\xc8\v1.33\sources\common\Umul16.c"
 Parameters:    Size  Location     Type
  multiplier      2    0[COMMON] unsigned int 
  multiplicand    2    2[COMMON] unsigned int 
 Auto vars:     Size  Location     Type
  product         2    4[COMMON] unsigned int 
 Return value:  Size  Location     Type
                  2    0[COMMON] unsigned int 
 Registers used:
		wreg, status,2, status,0
 Tracked objects:
		On entry : 
		On exit  : 
		Unchanged: 
 Data sizes:     COMMON   BANK0   BANK1   BANK3   BANK2
      Params:         4       0       0       0       0
      Locals:         2       0       0       0       0
      Temps:          0       0       0       0       0
      Totals:         6       0       0       0       0
Total ram usage:        6 bytes
 Hardware stack levels used:    1
 This function calls:
		Nothing
 This function is called by:
		_main
 This function uses a non-reentrant model


 *************** function ___aldiv *****************
 Defined at:
		line 6 in file "C:\Program Files (x86)\Microchip\xc8\v1.33\sources\common\aldiv.c"
 Parameters:    Size  Location     Type
  divisor         4    0[COMMON] long 
  dividend        4    4[COMMON] long 
 Auto vars:     Size  Location     Type
  quotient        4    2[BANK0 ] long 
  sign            1    1[BANK0 ] unsigned char 
  counter         1    0[BANK0 ] unsigned char 
 Return value:  Size  Location     Type
                  4    0[COMMON] long 
 Registers used:
		wreg, status,2, status,0
 Tracked objects:
		On entry : 
		On exit  : 
		Unchanged: 
 Data sizes:     COMMON   BANK0   BANK1   BANK3   BANK2
      Params:         8       0       0       0       0
      Locals:         0       6       0       0       0
      Temps:          1       0       0       0       0
      Totals:         9       6       0       0       0
Total ram usage:       15 bytes
 Hardware stack levels used:    1
 This function calls:
		Nothing
 This function is called by:
		_main
 This function uses a non-reentrant model



MODULE INFORMATION

Module		Function		Class		Link	Load	Size
C:\Program Files (x86)\Microchip\xc8\v1.33\sources\common\Umul16.c
		___wmul        		CODE           	054D	0000	35

C:\Program Files (x86)\Microchip\xc8\v1.33\sources\common\Umul16.c estimated size: 35

C:\Users\Chrys Sean Sevilla\Desktop\School Stuff\CPE3201-Sevilla\MPLABX TEST\Arnold\Arnold.c
		_main          		CODE           	0667	0000	392
		_set_motors    		CODE           	0597	0000	65
		_init_adc      		CODE           	0538	0000	9
		_read_adc      		CODE           	0570	0000	39
		_init_io       		CODE           	0541	0000	12

C:\Users\Chrys Sean Sevilla\Desktop\School Stuff\CPE3201-Sevilla\MPLABX TEST\Arnold\Arnold.c estimated size: 517

shared
		__initializatio		CODE           	07EF	0000	13

shared estimated size: 13

C:\Program Files (x86)\Microchip\xc8\v1.33\sources\common\aldiv.c
		___aldiv       		CODE           	05D8	0000	143

C:\Program Files (x86)\Microchip\xc8\v1.33\sources\common\aldiv.c estimated size: 143

