

Microchip Technology PIC LITE Macro Assembler V1.33 build 59893 
                                                                                               Mon Apr 13 10:04:13 2026

Microchip Technology Omniscient Code Generator (Lite mode) build 59893
     1                           	processor	16F877A
     2                           	opt	pw 120
     3                           	opt	lm
     4                           	psect	text0,local,class=CODE,merge=1,delta=2
     5                           	psect	cinit,global,class=CODE,merge=1,delta=2
     6                           	psect	bssBANK0,global,class=BANK0,space=1,delta=1
     7                           	psect	cstackCOMMON,global,class=COMMON,space=1,delta=1
     8                           	psect	cstackBANK0,global,class=BANK0,space=1,delta=1
     9                           	psect	maintext,global,class=CODE,split=1,delta=2
    10                           	psect	text1,local,class=CODE,merge=1,delta=2
    11                           	psect	intentry,global,class=CODE,delta=2
    12                           	psect	text2,local,class=CODE,merge=1,delta=2
    13                           	psect	text3,local,class=CODE,merge=1,delta=2
    14                           	psect	text4,local,class=CODE,merge=1,delta=2
    15                           	dabs	1,0x7E,2
    16  0000                     	;# 
    17  0001                     	;# 
    18  0002                     	;# 
    19  0003                     	;# 
    20  0004                     	;# 
    21  0005                     	;# 
    22  0006                     	;# 
    23  0007                     	;# 
    24  0008                     	;# 
    25  0009                     	;# 
    26  000A                     	;# 
    27  000B                     	;# 
    28  000C                     	;# 
    29  000D                     	;# 
    30  000E                     	;# 
    31  000E                     	;# 
    32  000F                     	;# 
    33  0010                     	;# 
    34  0011                     	;# 
    35  0012                     	;# 
    36  0013                     	;# 
    37  0014                     	;# 
    38  0015                     	;# 
    39  0015                     	;# 
    40  0016                     	;# 
    41  0017                     	;# 
    42  0018                     	;# 
    43  0019                     	;# 
    44  001A                     	;# 
    45  001B                     	;# 
    46  001B                     	;# 
    47  001C                     	;# 
    48  001D                     	;# 
    49  001E                     	;# 
    50  001F                     	;# 
    51  0081                     	;# 
    52  0085                     	;# 
    53  0086                     	;# 
    54  0087                     	;# 
    55  0088                     	;# 
    56  0089                     	;# 
    57  008C                     	;# 
    58  008D                     	;# 
    59  008E                     	;# 
    60  0091                     	;# 
    61  0092                     	;# 
    62  0093                     	;# 
    63  0094                     	;# 
    64  0098                     	;# 
    65  0099                     	;# 
    66  009C                     	;# 
    67  009D                     	;# 
    68  009E                     	;# 
    69  009F                     	;# 
    70  010C                     	;# 
    71  010D                     	;# 
    72  010E                     	;# 
    73  010F                     	;# 
    74  018C                     	;# 
    75  018D                     	;# 
    76  001F                     _ADCON0	set	31
    77  001E                     _ADRESH	set	30
    78  0006                     _PORTB	set	6
    79  0008                     _PORTDbits	set	8
    80  0066                     _ADIF	set	102
    81  005F                     _GIE	set	95
    82  00FA                     _GO_DONE	set	250
    83  005E                     _PEIE	set	94
    84  005D                     _T0IE	set	93
    85  005A                     _T0IF	set	90
    86  009F                     _ADCON1	set	159
    87  009E                     _ADRESL	set	158
    88  0081                     _OPTION_REG	set	129
    89  0086                     _TRISB	set	134
    90  0088                     _TRISD	set	136
    91  0466                     _ADIE	set	1126
    92                           
    93                           	psect	text0
    94  0000                     __ptext0:	
    95                           ; #config settings
    96                           
    97                           
    98                           ;psect for function ___lwdiv
    99  0000                     
   100                           	psect	cinit
   101  0015                     start_initialization:	
   102  0015                     __initialization:	
   103                           
   104                           ; Clear objects allocated to BANK0
   105  0015  01A0               	clrf	__pbssBANK0& (0+127)
   106  0016  01A1               	clrf	(__pbssBANK0+1)& (0+127)
   107  0017  01A2               	clrf	(__pbssBANK0+2)& (0+127)
   108  0018  01A3               	clrf	(__pbssBANK0+3)& (0+127)
   109  0019  01A4               	clrf	(__pbssBANK0+4)& (0+127)
   110  001A  01A5               	clrf	(__pbssBANK0+5)& (0+127)
   111  001B  01A6               	clrf	(__pbssBANK0+6)& (0+127)
   112  001C                     end_of_initialization:	
   113                           ;End of C runtime variable initialization code
   114                           
   115  001C                     __end_of__initialization:	
   116  001C  0183               	clrf	3
   117  001D  120A  118A  28B0   	ljmp	_main	;jump to C main() function
   118                           
   119                           	psect	bssBANK0
   120  0020                     __pbssBANK0:	
   121  0020                     _adc_value:	
   122  0020                     	ds	2
   123  0022                     _scaled_voltage:	
   124  0022                     	ds	2
   125  0024                     ISR@digit_select:	
   126  0024                     	ds	1
   127  0025                     _decimal:	
   128  0025                     	ds	1
   129  0026                     _whole:	
   130  0026                     	ds	1
   131                           
   132                           	psect	cstackCOMMON
   133  0070                     __pcstackCOMMON:	
   134  0070                     ?_ISR:	
   135  0070                     ?_main:	
   136                           ; 0 bytes @ 0x0
   137                           
   138  0070                     ?___wmul:	
   139                           ; 0 bytes @ 0x0
   140                           
   141  0070                     ?___lwmod:	
   142                           ; 2 bytes @ 0x0
   143                           
   144  0070                     ___wmul@multiplier:	
   145                           ; 2 bytes @ 0x0
   146                           
   147  0070                     ___lwmod@divisor:	
   148                           ; 2 bytes @ 0x0
   149                           
   150                           
   151                           ; 2 bytes @ 0x0
   152  0070                     	ds	2
   153  0072                     ___wmul@multiplicand:	
   154  0072                     ___lwmod@dividend:	
   155                           ; 2 bytes @ 0x2
   156                           
   157                           
   158                           ; 2 bytes @ 0x2
   159  0072                     	ds	2
   160  0074                     ??___wmul:	
   161  0074                     ??___lwmod:	
   162                           ; 0 bytes @ 0x4
   163                           
   164  0074                     ___wmul@product:	
   165                           ; 0 bytes @ 0x4
   166                           
   167                           
   168                           ; 2 bytes @ 0x4
   169  0074                     	ds	1
   170  0075                     ___lwmod@counter:	
   171                           
   172                           ; 1 bytes @ 0x5
   173  0075                     	ds	1
   174  0076                     ?___lwdiv:	
   175  0076                     ___lwdiv@divisor:	
   176                           ; 2 bytes @ 0x6
   177                           
   178                           
   179                           ; 2 bytes @ 0x6
   180  0076                     	ds	2
   181  0078                     ___lwdiv@dividend:	
   182                           
   183                           ; 2 bytes @ 0x8
   184  0078                     	ds	2
   185  007A                     ??___lwdiv:	
   186                           
   187                           ; 0 bytes @ 0xA
   188  007A                     	ds	1
   189  007B                     ___lwdiv@quotient:	
   190                           
   191                           ; 2 bytes @ 0xB
   192  007B                     	ds	2
   193  007D                     ___lwdiv@counter:	
   194                           
   195                           ; 1 bytes @ 0xD
   196  007D                     	ds	1
   197                           
   198                           	psect	cstackBANK0
   199  0027                     __pcstackBANK0:	
   200  0027                     ??_ISR:	
   201                           
   202                           ; 0 bytes @ 0x0
   203  0027                     	ds	5
   204  002C                     ??_main:	
   205                           
   206                           ; 0 bytes @ 0x5
   207  002C                     	ds	2
   208                           
   209                           	psect	maintext
   210  00B0                     __pmaintext:	
   211 ;;
   212 ;;Main: autosize = 0, tempsize = 2, incstack = 0, save=0
   213 ;;
   214 ;; *************** function _main *****************
   215 ;; Defined at:
   216 ;;		line 62 in file "Z:\CPE3201-Sevilla\PracticalActivities\PA5\LE5-2.c"
   217 ;; Parameters:    Size  Location     Type
   218 ;;		None
   219 ;; Auto vars:     Size  Location     Type
   220 ;;		None
   221 ;; Return value:  Size  Location     Type
   222 ;;		None               void
   223 ;; Registers used:
   224 ;;		wreg, status,2, status,0
   225 ;; Tracked objects:
   226 ;;		On entry : 17F/0
   227 ;;		On exit  : 0/0
   228 ;;		Unchanged: 0/0
   229 ;; Data sizes:     COMMON   BANK0   BANK1   BANK3   BANK2
   230 ;;      Params:         0       0       0       0       0
   231 ;;      Locals:         0       0       0       0       0
   232 ;;      Temps:          0       2       0       0       0
   233 ;;      Totals:         0       2       0       0       0
   234 ;;Total ram usage:        2 bytes
   235 ;; Hardware stack levels required when called:    2
   236 ;; This function calls:
   237 ;;		Nothing
   238 ;; This function is called by:
   239 ;;		Startup code after reset
   240 ;; This function uses a non-reentrant model
   241 ;;
   242                           
   243                           
   244                           ;psect for function _main
   245  00B0                     _main:	
   246                           
   247                           ;LE5-2.c: 66: TRISB &= 0x0F;
   248                           
   249                           ;incstack = 0
   250                           ; Regs used in _main: [wreg+status,2+status,0]
   251  00B0  300F               	movlw	15
   252  00B1  1283               	bcf	3,5	;RP0=0, select bank0
   253  00B2  1303               	bcf	3,6	;RP1=0, select bank0
   254  00B3  00AC               	movwf	??_main
   255  00B4  082C               	movf	??_main,w
   256  00B5  1683               	bsf	3,5	;RP0=1, select bank1
   257  00B6  1303               	bcf	3,6	;RP1=0, select bank1
   258  00B7  0586               	andwf	6,f	;volatile
   259                           
   260                           ;LE5-2.c: 67: PORTB &= 0x0F;
   261  00B8  300F               	movlw	15
   262  00B9  1283               	bcf	3,5	;RP0=0, select bank0
   263  00BA  1303               	bcf	3,6	;RP1=0, select bank0
   264  00BB  00AC               	movwf	??_main
   265  00BC  082C               	movf	??_main,w
   266  00BD  0586               	andwf	6,f	;volatile
   267                           
   268                           ;LE5-2.c: 70: TRISD &= ~(1 << 5) & ~(1 << 6) & ~(1 << 7);
   269  00BE  301F               	movlw	31
   270  00BF  00AC               	movwf	??_main
   271  00C0  082C               	movf	??_main,w
   272  00C1  1683               	bsf	3,5	;RP0=1, select bank1
   273  00C2  1303               	bcf	3,6	;RP1=0, select bank1
   274  00C3  0588               	andwf	8,f	;volatile
   275                           
   276                           ;LE5-2.c: 73: PORTDbits.RD5 = 0;
   277  00C4  1283               	bcf	3,5	;RP0=0, select bank0
   278  00C5  1303               	bcf	3,6	;RP1=0, select bank0
   279  00C6  1288               	bcf	8,5	;volatile
   280                           
   281                           ;LE5-2.c: 74: PORTDbits.RD6 = 0;
   282  00C7  1308               	bcf	8,6	;volatile
   283                           
   284                           ;LE5-2.c: 75: PORTDbits.RD7 = 0;
   285  00C8  1388               	bcf	8,7	;volatile
   286                           
   287                           ;LE5-2.c: 77: ADCON1 = 0x80;
   288  00C9  3080               	movlw	128
   289  00CA  1683               	bsf	3,5	;RP0=1, select bank1
   290  00CB  1303               	bcf	3,6	;RP1=0, select bank1
   291  00CC  009F               	movwf	31	;volatile
   292                           
   293                           ;LE5-2.c: 78: ADCON0 = 0x01;
   294  00CD  3001               	movlw	1
   295  00CE  1283               	bcf	3,5	;RP0=0, select bank0
   296  00CF  1303               	bcf	3,6	;RP1=0, select bank0
   297  00D0  009F               	movwf	31	;volatile
   298                           
   299                           ;LE5-2.c: 81: OPTION_REG = 0x04;
   300  00D1  3004               	movlw	4
   301  00D2  1683               	bsf	3,5	;RP0=1, select bank1
   302  00D3  1303               	bcf	3,6	;RP1=0, select bank1
   303  00D4  0081               	movwf	1	;volatile
   304                           
   305                           ;LE5-2.c: 83: T0IE = 1;
   306  00D5  168B               	bsf	11,5	;volatile
   307                           
   308                           ;LE5-2.c: 84: T0IF = 0;
   309  00D6  110B               	bcf	11,2	;volatile
   310                           
   311                           ;LE5-2.c: 85: ADIE = 1;
   312  00D7  170C               	bsf	12,6	;volatile
   313                           
   314                           ;LE5-2.c: 86: ADIF = 0;
   315  00D8  1283               	bcf	3,5	;RP0=0, select bank0
   316  00D9  1303               	bcf	3,6	;RP1=0, select bank0
   317  00DA  130C               	bcf	12,6	;volatile
   318                           
   319                           ;LE5-2.c: 87: PEIE = 1;
   320  00DB  170B               	bsf	11,6	;volatile
   321                           
   322                           ;LE5-2.c: 88: GIE = 1;
   323  00DC  178B               	bsf	11,7	;volatile
   324                           
   325                           ;LE5-2.c: 90: _delay((unsigned long)((1)*(4000000/4000.0)));
   326  00DD  30F9               	movlw	249
   327  00DE  00AC               	movwf	??_main
   328  00DF                     u457:	
   329  00DF  0000               	nop
   330  00E0  0BAC               	decfsz	??_main,f
   331  00E1  28DF               	goto	u457
   332  00E2  28E3               	nop2	;nop
   333  00E3  0000               	nop
   334  00E4                     l766:	
   335                           ;LE5-2.c: 92: while(1)
   336                           
   337                           
   338                           ;LE5-2.c: 93: {
   339                           ;LE5-2.c: 94: GO_DONE = 1;
   340  00E4  1283               	bcf	3,5	;RP0=0, select bank0
   341  00E5  1303               	bcf	3,6	;RP1=0, select bank0
   342  00E6  151F               	bsf	31,2	;volatile
   343                           
   344                           ;LE5-2.c: 95: _delay((unsigned long)((100)*(4000000/4000.0)));
   345  00E7  3082               	movlw	130
   346  00E8  00AD               	movwf	??_main+1
   347  00E9  30DD               	movlw	221
   348  00EA  00AC               	movwf	??_main
   349  00EB                     u467:	
   350  00EB  0BAC               	decfsz	??_main,f
   351  00EC  28EB               	goto	u467
   352  00ED  0BAD               	decfsz	??_main+1,f
   353  00EE  28EB               	goto	u467
   354  00EF  28F0               	nop2
   355  00F0  28E4               	goto	l766
   356  00F1                     __end_of_main:	
   357                           
   358                           	psect	text1
   359  0020                     __ptext1:	
   360 ;; *************** function _ISR *****************
   361 ;; Defined at:
   362 ;;		line 19 in file "Z:\CPE3201-Sevilla\PracticalActivities\PA5\LE5-2.c"
   363 ;; Parameters:    Size  Location     Type
   364 ;;		None
   365 ;; Auto vars:     Size  Location     Type
   366 ;;		None
   367 ;; Return value:  Size  Location     Type
   368 ;;		None               void
   369 ;; Registers used:
   370 ;;		wreg, status,2, status,0, pclath, cstack
   371 ;; Tracked objects:
   372 ;;		On entry : 0/0
   373 ;;		On exit  : 0/0
   374 ;;		Unchanged: 0/0
   375 ;; Data sizes:     COMMON   BANK0   BANK1   BANK3   BANK2
   376 ;;      Params:         0       0       0       0       0
   377 ;;      Locals:         0       0       0       0       0
   378 ;;      Temps:          0       5       0       0       0
   379 ;;      Totals:         0       5       0       0       0
   380 ;;Total ram usage:        5 bytes
   381 ;; Hardware stack levels used:    1
   382 ;; Hardware stack levels required when called:    1
   383 ;; This function calls:
   384 ;;		___lwdiv
   385 ;;		___lwmod
   386 ;;		___wmul
   387 ;; This function is called by:
   388 ;;		Interrupt level 1
   389 ;; This function uses a non-reentrant model
   390 ;;
   391                           
   392                           
   393                           ;psect for function _ISR
   394  0020                     _ISR:	
   395                           
   396                           ;LE5-2.c: 22: if (T0IF)
   397  0020  1D0B               	btfss	11,2	;volatile
   398  0021  2848               	goto	i1l726
   399                           
   400                           ;LE5-2.c: 23: {
   401                           ;LE5-2.c: 24: static unsigned char digit_select = 0;
   402                           ;LE5-2.c: 27: PORTDbits.RD6 = 0;
   403  0022  1308               	bcf	8,6	;volatile
   404                           
   405                           ;LE5-2.c: 28: PORTDbits.RD7 = 0;
   406  0023  1388               	bcf	8,7	;volatile
   407                           
   408                           ;LE5-2.c: 30: if (digit_select == 0)
   409  0024  08A4               	movf	ISR@digit_select,f
   410  0025  1D03               	skipz
   411  0026  2838               	goto	i1l716
   412                           
   413                           ;LE5-2.c: 31: {
   414                           ;LE5-2.c: 33: PORTB = (PORTB & 0x0F) | (whole << 4);
   415  0027  0826               	movf	_whole,w
   416  0028  00A7               	movwf	??_ISR
   417  0029  3004               	movlw	4
   418  002A                     u42_25:	
   419  002A  1003               	clrc
   420  002B  0DA7               	rlf	??_ISR,f
   421  002C  3EFF               	addlw	-1
   422  002D  1D03               	skipz
   423  002E  282A               	goto	u42_25
   424  002F  0806               	movf	6,w	;volatile
   425  0030  390F               	andlw	15
   426  0031  0427               	iorwf	??_ISR,w
   427  0032  0086               	movwf	6	;volatile
   428                           
   429                           ;LE5-2.c: 34: PORTDbits.RD5 = 1;
   430  0033  1688               	bsf	8,5	;volatile
   431                           
   432                           ;LE5-2.c: 35: PORTDbits.RD7 = 1;
   433  0034  1788               	bsf	8,7	;volatile
   434                           
   435                           ;LE5-2.c: 36: digit_select = 1;
   436  0035  01A4               	clrf	ISR@digit_select
   437  0036  0AA4               	incf	ISR@digit_select,f
   438                           
   439                           ;LE5-2.c: 37: }
   440  0037  2847               	goto	i1l724
   441  0038                     i1l716:	
   442                           
   443                           ;LE5-2.c: 38: else
   444                           ;LE5-2.c: 39: {
   445                           ;LE5-2.c: 41: PORTB = (PORTB & 0x0F) | (decimal << 4);
   446  0038  0825               	movf	_decimal,w
   447  0039  00A7               	movwf	??_ISR
   448  003A  3004               	movlw	4
   449  003B                     u43_25:	
   450  003B  1003               	clrc
   451  003C  0DA7               	rlf	??_ISR,f
   452  003D  3EFF               	addlw	-1
   453  003E  1D03               	skipz
   454  003F  283B               	goto	u43_25
   455  0040  0806               	movf	6,w	;volatile
   456  0041  390F               	andlw	15
   457  0042  0427               	iorwf	??_ISR,w
   458  0043  0086               	movwf	6	;volatile
   459                           
   460                           ;LE5-2.c: 42: PORTDbits.RD5 = 0;
   461  0044  1288               	bcf	8,5	;volatile
   462                           
   463                           ;LE5-2.c: 43: PORTDbits.RD6 = 1;
   464  0045  1708               	bsf	8,6	;volatile
   465                           
   466                           ;LE5-2.c: 44: digit_select = 0;
   467  0046  01A4               	clrf	ISR@digit_select
   468  0047                     i1l724:	
   469                           
   470                           ;LE5-2.c: 45: }
   471                           ;LE5-2.c: 47: T0IF = 0;
   472  0047  110B               	bcf	11,2	;volatile
   473  0048                     i1l726:	
   474                           
   475                           ;LE5-2.c: 48: }
   476                           ;LE5-2.c: 50: if (ADIF)
   477  0048  1F0C               	btfss	12,6	;volatile
   478  0049  28A5               	goto	i1l51
   479                           
   480                           ;LE5-2.c: 51: {
   481                           ;LE5-2.c: 52: adc_value = (ADRESH << 8) + ADRESL;
   482  004A  081E               	movf	30,w	;volatile
   483  004B  01A1               	clrf	_adc_value+1
   484  004C  07A1               	addwf	_adc_value+1,f
   485  004D  1683               	bsf	3,5	;RP0=1, select bank1
   486  004E  1303               	bcf	3,6	;RP1=0, select bank1
   487  004F  081E               	movf	30,w	;volatile
   488  0050  1283               	bcf	3,5	;RP0=0, select bank0
   489  0051  1303               	bcf	3,6	;RP1=0, select bank0
   490  0052  01A0               	clrf	_adc_value
   491  0053  07A0               	addwf	_adc_value,f
   492                           
   493                           ;LE5-2.c: 54: scaled_voltage = (adc_value * 50) / 1023;
   494  0054  30FF               	movlw	255
   495  0055  00F6               	movwf	___lwdiv@divisor
   496  0056  3003               	movlw	3
   497  0057  00F7               	movwf	___lwdiv@divisor+1
   498  0058  0821               	movf	_adc_value+1,w
   499  0059  01F1               	clrf	___wmul@multiplier+1
   500  005A  07F1               	addwf	___wmul@multiplier+1,f
   501  005B  0820               	movf	_adc_value,w
   502  005C  01F0               	clrf	___wmul@multiplier
   503  005D  07F0               	addwf	___wmul@multiplier,f
   504  005E  3032               	movlw	50
   505  005F  00F2               	movwf	___wmul@multiplicand
   506  0060  3000               	movlw	0
   507  0061  00F3               	movwf	___wmul@multiplicand+1
   508  0062  120A  118A  2163  120A  118A  	fcall	___wmul
   509  0067  0871               	movf	?___wmul+1,w
   510  0068  01F9               	clrf	___lwdiv@dividend+1
   511  0069  07F9               	addwf	___lwdiv@dividend+1,f
   512  006A  0870               	movf	?___wmul,w
   513  006B  01F8               	clrf	___lwdiv@dividend
   514  006C  07F8               	addwf	___lwdiv@dividend,f
   515  006D  120A  118A  20F1  120A  118A  	fcall	___lwdiv
   516  0072  0877               	movf	?___lwdiv+1,w
   517  0073  1283               	bcf	3,5	;RP0=0, select bank0
   518  0074  1303               	bcf	3,6	;RP1=0, select bank0
   519  0075  01A3               	clrf	_scaled_voltage+1
   520  0076  07A3               	addwf	_scaled_voltage+1,f
   521  0077  0876               	movf	?___lwdiv,w
   522  0078  01A2               	clrf	_scaled_voltage
   523  0079  07A2               	addwf	_scaled_voltage,f
   524                           
   525                           ;LE5-2.c: 55: whole = (unsigned char)(scaled_voltage / 10);
   526  007A  300A               	movlw	10
   527  007B  00F6               	movwf	___lwdiv@divisor
   528  007C  3000               	movlw	0
   529  007D  00F7               	movwf	___lwdiv@divisor+1
   530  007E  0823               	movf	_scaled_voltage+1,w
   531  007F  01F9               	clrf	___lwdiv@dividend+1
   532  0080  07F9               	addwf	___lwdiv@dividend+1,f
   533  0081  0822               	movf	_scaled_voltage,w
   534  0082  01F8               	clrf	___lwdiv@dividend
   535  0083  07F8               	addwf	___lwdiv@dividend,f
   536  0084  120A  118A  20F1  120A  118A  	fcall	___lwdiv
   537  0089  0876               	movf	?___lwdiv,w
   538  008A  1283               	bcf	3,5	;RP0=0, select bank0
   539  008B  1303               	bcf	3,6	;RP1=0, select bank0
   540  008C  00A7               	movwf	??_ISR
   541  008D  0827               	movf	??_ISR,w
   542  008E  00A6               	movwf	_whole
   543                           
   544                           ;LE5-2.c: 56: decimal = (unsigned char)(scaled_voltage % 10);
   545  008F  300A               	movlw	10
   546  0090  00F0               	movwf	___lwmod@divisor
   547  0091  3000               	movlw	0
   548  0092  00F1               	movwf	___lwmod@divisor+1
   549  0093  0823               	movf	_scaled_voltage+1,w
   550  0094  01F3               	clrf	___lwmod@dividend+1
   551  0095  07F3               	addwf	___lwmod@dividend+1,f
   552  0096  0822               	movf	_scaled_voltage,w
   553  0097  01F2               	clrf	___lwmod@dividend
   554  0098  07F2               	addwf	___lwmod@dividend,f
   555  0099  120A  118A  212F  120A  118A  	fcall	___lwmod
   556  009E  0870               	movf	?___lwmod,w
   557  009F  1283               	bcf	3,5	;RP0=0, select bank0
   558  00A0  1303               	bcf	3,6	;RP1=0, select bank0
   559  00A1  00A7               	movwf	??_ISR
   560  00A2  0827               	movf	??_ISR,w
   561  00A3  00A5               	movwf	_decimal
   562                           
   563                           ;LE5-2.c: 58: ADIF = 0;
   564  00A4  130C               	bcf	12,6	;volatile
   565  00A5                     i1l51:	
   566  00A5  082B               	movf	??_ISR+4,w
   567  00A6  00FF               	movwf	127
   568  00A7  082A               	movf	??_ISR+3,w
   569  00A8  008A               	movwf	10
   570  00A9  0829               	movf	??_ISR+2,w
   571  00AA  0084               	movwf	4
   572  00AB  0E28               	swapf	(??_ISR+1)^0,w
   573  00AC  0083               	movwf	3
   574  00AD  0EFE               	swapf	126,f
   575  00AE  0E7E               	swapf	126,w
   576  00AF  0009               	retfie
   577  00B0                     __end_of_ISR:	
   578                           
   579                           	psect	intentry
   580  0004                     __pintentry:	
   581                           ;incstack = 0
   582                           ; Regs used in _ISR: [wreg+status,2+status,0+pclath+cstack]
   583                           
   584  0004                     interrupt_function:	
   585  007E                     saved_w	set	btemp
   586  0004  00FE               	movwf	btemp
   587  0005  0E03               	swapf	3,w
   588  0006  1283               	bcf	3,5	;RP0=0, select bank0
   589  0007  1303               	bcf	3,6	;RP1=0, select bank0
   590  0008  00A8               	movwf	??_ISR+1
   591  0009  0804               	movf	4,w
   592  000A  00A9               	movwf	??_ISR+2
   593  000B  080A               	movf	10,w
   594  000C  00AA               	movwf	??_ISR+3
   595  000D  087F               	movf	btemp+1,w
   596  000E  00AB               	movwf	??_ISR+4
   597  000F  120A  118A  2820   	ljmp	_ISR
   598                           
   599                           	psect	text2
   600  0163                     __ptext2:	
   601 ;; *************** function ___wmul *****************
   602 ;; Defined at:
   603 ;;		line 15 in file "C:\Program Files (x86)\Microchip\xc8\v1.33\sources\common\Umul16.c"
   604 ;; Parameters:    Size  Location     Type
   605 ;;  multiplier      2    0[COMMON] unsigned int 
   606 ;;  multiplicand    2    2[COMMON] unsigned int 
   607 ;; Auto vars:     Size  Location     Type
   608 ;;  product         2    4[COMMON] unsigned int 
   609 ;; Return value:  Size  Location     Type
   610 ;;                  2    0[COMMON] unsigned int 
   611 ;; Registers used:
   612 ;;		wreg, status,2, status,0
   613 ;; Tracked objects:
   614 ;;		On entry : 0/0
   615 ;;		On exit  : 0/0
   616 ;;		Unchanged: 0/0
   617 ;; Data sizes:     COMMON   BANK0   BANK1   BANK3   BANK2
   618 ;;      Params:         4       0       0       0       0
   619 ;;      Locals:         2       0       0       0       0
   620 ;;      Temps:          0       0       0       0       0
   621 ;;      Totals:         6       0       0       0       0
   622 ;;Total ram usage:        6 bytes
   623 ;; Hardware stack levels used:    1
   624 ;; This function calls:
   625 ;;		Nothing
   626 ;; This function is called by:
   627 ;;		_ISR
   628 ;; This function uses a non-reentrant model
   629 ;;
   630                           
   631                           
   632                           ;psect for function ___wmul
   633  0163                     ___wmul:	
   634                           
   635                           ;incstack = 0
   636                           ; Regs used in ___wmul: [wreg+status,2+status,0]
   637  0163  01F4               	clrf	___wmul@product
   638  0164  01F5               	clrf	___wmul@product+1
   639  0165                     i1l644:	
   640  0165  1C70               	btfss	___wmul@multiplier,0
   641  0166  296D               	goto	i1l141
   642  0167  0872               	movf	___wmul@multiplicand,w
   643  0168  07F4               	addwf	___wmul@product,f
   644  0169  1803               	skipnc
   645  016A  0AF5               	incf	___wmul@product+1,f
   646  016B  0873               	movf	___wmul@multiplicand+1,w
   647  016C  07F5               	addwf	___wmul@product+1,f
   648  016D                     i1l141:	
   649  016D  3001               	movlw	1
   650  016E                     u24_25:	
   651  016E  1003               	clrc
   652  016F  0DF2               	rlf	___wmul@multiplicand,f
   653  0170  0DF3               	rlf	___wmul@multiplicand+1,f
   654  0171  3EFF               	addlw	-1
   655  0172  1D03               	skipz
   656  0173  296E               	goto	u24_25
   657  0174  3001               	movlw	1
   658  0175                     u25_25:	
   659  0175  1003               	clrc
   660  0176  0CF1               	rrf	___wmul@multiplier+1,f
   661  0177  0CF0               	rrf	___wmul@multiplier,f
   662  0178  3EFF               	addlw	-1
   663  0179  1D03               	skipz
   664  017A  2975               	goto	u25_25
   665  017B  0871               	movf	___wmul@multiplier+1,w
   666  017C  0470               	iorwf	___wmul@multiplier,w
   667  017D  1D03               	skipz
   668  017E  2965               	goto	i1l644
   669  017F  0875               	movf	___wmul@product+1,w
   670  0180  01F1               	clrf	?___wmul+1
   671  0181  07F1               	addwf	?___wmul+1,f
   672  0182  0874               	movf	___wmul@product,w
   673  0183  01F0               	clrf	?___wmul
   674  0184  07F0               	addwf	?___wmul,f
   675  0185  0008               	return
   676  0186                     __end_of___wmul:	
   677                           
   678                           	psect	text3
   679  012F                     __ptext3:	
   680 ;; *************** function ___lwmod *****************
   681 ;; Defined at:
   682 ;;		line 6 in file "C:\Program Files (x86)\Microchip\xc8\v1.33\sources\common\lwmod.c"
   683 ;; Parameters:    Size  Location     Type
   684 ;;  divisor         2    0[COMMON] unsigned int 
   685 ;;  dividend        2    2[COMMON] unsigned int 
   686 ;; Auto vars:     Size  Location     Type
   687 ;;  counter         1    5[COMMON] unsigned char 
   688 ;; Return value:  Size  Location     Type
   689 ;;                  2    0[COMMON] unsigned int 
   690 ;; Registers used:
   691 ;;		wreg, status,2, status,0
   692 ;; Tracked objects:
   693 ;;		On entry : 0/0
   694 ;;		On exit  : 0/0
   695 ;;		Unchanged: 0/0
   696 ;; Data sizes:     COMMON   BANK0   BANK1   BANK3   BANK2
   697 ;;      Params:         4       0       0       0       0
   698 ;;      Locals:         1       0       0       0       0
   699 ;;      Temps:          1       0       0       0       0
   700 ;;      Totals:         6       0       0       0       0
   701 ;;Total ram usage:        6 bytes
   702 ;; Hardware stack levels used:    1
   703 ;; This function calls:
   704 ;;		Nothing
   705 ;; This function is called by:
   706 ;;		_ISR
   707 ;; This function uses a non-reentrant model
   708 ;;
   709                           
   710                           
   711                           ;psect for function ___lwmod
   712  012F                     ___lwmod:	
   713                           
   714                           ;incstack = 0
   715                           ; Regs used in ___lwmod: [wreg+status,2+status,0]
   716  012F  0871               	movf	___lwmod@divisor+1,w
   717  0130  0470               	iorwf	___lwmod@divisor,w
   718  0131  1903               	skipnz
   719  0132  295C               	goto	i1l698
   720  0133  01F5               	clrf	___lwmod@counter
   721  0134  0AF5               	incf	___lwmod@counter,f
   722  0135                     i1l688:	
   723  0135  1BF1               	btfsc	___lwmod@divisor+1,7
   724  0136  2943               	goto	i1l690
   725  0137  3001               	movlw	1
   726  0138                     u35_25:	
   727  0138  1003               	clrc
   728  0139  0DF0               	rlf	___lwmod@divisor,f
   729  013A  0DF1               	rlf	___lwmod@divisor+1,f
   730  013B  3EFF               	addlw	-1
   731  013C  1D03               	skipz
   732  013D  2938               	goto	u35_25
   733  013E  3001               	movlw	1
   734  013F  00F4               	movwf	??___lwmod
   735  0140  0874               	movf	??___lwmod,w
   736  0141  07F5               	addwf	___lwmod@counter,f
   737  0142  2935               	goto	i1l688
   738  0143                     i1l690:	
   739  0143  0871               	movf	___lwmod@divisor+1,w
   740  0144  0273               	subwf	___lwmod@dividend+1,w
   741  0145  1D03               	skipz
   742  0146  2949               	goto	u37_25
   743  0147  0870               	movf	___lwmod@divisor,w
   744  0148  0272               	subwf	___lwmod@dividend,w
   745  0149                     u37_25:	
   746  0149  1C03               	skipc
   747  014A  2951               	goto	i1l694
   748  014B  0870               	movf	___lwmod@divisor,w
   749  014C  02F2               	subwf	___lwmod@dividend,f
   750  014D  0871               	movf	___lwmod@divisor+1,w
   751  014E  1C03               	skipc
   752  014F  03F3               	decf	___lwmod@dividend+1,f
   753  0150  02F3               	subwf	___lwmod@dividend+1,f
   754  0151                     i1l694:	
   755  0151  3001               	movlw	1
   756  0152                     u38_25:	
   757  0152  1003               	clrc
   758  0153  0CF1               	rrf	___lwmod@divisor+1,f
   759  0154  0CF0               	rrf	___lwmod@divisor,f
   760  0155  3EFF               	addlw	-1
   761  0156  1D03               	skipz
   762  0157  2952               	goto	u38_25
   763  0158  3001               	movlw	1
   764  0159  02F5               	subwf	___lwmod@counter,f
   765  015A  1D03               	btfss	3,2
   766  015B  2943               	goto	i1l690
   767  015C                     i1l698:	
   768  015C  0873               	movf	___lwmod@dividend+1,w
   769  015D  01F1               	clrf	?___lwmod+1
   770  015E  07F1               	addwf	?___lwmod+1,f
   771  015F  0872               	movf	___lwmod@dividend,w
   772  0160  01F0               	clrf	?___lwmod
   773  0161  07F0               	addwf	?___lwmod,f
   774  0162  0008               	return
   775  0163                     __end_of___lwmod:	
   776                           
   777                           	psect	text4
   778  00F1                     __ptext4:	
   779 ;; *************** function ___lwdiv *****************
   780 ;; Defined at:
   781 ;;		line 6 in file "C:\Program Files (x86)\Microchip\xc8\v1.33\sources\common\lwdiv.c"
   782 ;; Parameters:    Size  Location     Type
   783 ;;  divisor         2    6[COMMON] unsigned int 
   784 ;;  dividend        2    8[COMMON] unsigned int 
   785 ;; Auto vars:     Size  Location     Type
   786 ;;  quotient        2   11[COMMON] unsigned int 
   787 ;;  counter         1   13[COMMON] unsigned char 
   788 ;; Return value:  Size  Location     Type
   789 ;;                  2    6[COMMON] unsigned int 
   790 ;; Registers used:
   791 ;;		wreg, status,2, status,0
   792 ;; Tracked objects:
   793 ;;		On entry : 0/0
   794 ;;		On exit  : 0/0
   795 ;;		Unchanged: 0/0
   796 ;; Data sizes:     COMMON   BANK0   BANK1   BANK3   BANK2
   797 ;;      Params:         4       0       0       0       0
   798 ;;      Locals:         3       0       0       0       0
   799 ;;      Temps:          1       0       0       0       0
   800 ;;      Totals:         8       0       0       0       0
   801 ;;Total ram usage:        8 bytes
   802 ;; Hardware stack levels used:    1
   803 ;; This function calls:
   804 ;;		Nothing
   805 ;; This function is called by:
   806 ;;		_ISR
   807 ;; This function uses a non-reentrant model
   808 ;;
   809                           
   810                           
   811                           ;psect for function ___lwdiv
   812  00F1                     ___lwdiv:	
   813                           
   814                           ;incstack = 0
   815                           ; Regs used in ___lwdiv: [wreg+status,2+status,0]
   816  00F1  01FB               	clrf	___lwdiv@quotient
   817  00F2  01FC               	clrf	___lwdiv@quotient+1
   818  00F3  0877               	movf	___lwdiv@divisor+1,w
   819  00F4  0476               	iorwf	___lwdiv@divisor,w
   820  00F5  1903               	skipnz
   821  00F6  2928               	goto	i1l676
   822  00F7  01FD               	clrf	___lwdiv@counter
   823  00F8  0AFD               	incf	___lwdiv@counter,f
   824  00F9                     i1l664:	
   825  00F9  1BF7               	btfsc	___lwdiv@divisor+1,7
   826  00FA  2907               	goto	i1l666
   827  00FB  3001               	movlw	1
   828  00FC                     u28_25:	
   829  00FC  1003               	clrc
   830  00FD  0DF6               	rlf	___lwdiv@divisor,f
   831  00FE  0DF7               	rlf	___lwdiv@divisor+1,f
   832  00FF  3EFF               	addlw	-1
   833  0100  1D03               	skipz
   834  0101  28FC               	goto	u28_25
   835  0102  3001               	movlw	1
   836  0103  00FA               	movwf	??___lwdiv
   837  0104  087A               	movf	??___lwdiv,w
   838  0105  07FD               	addwf	___lwdiv@counter,f
   839  0106  28F9               	goto	i1l664
   840  0107                     i1l666:	
   841  0107  3001               	movlw	1
   842  0108                     u30_25:	
   843  0108  1003               	clrc
   844  0109  0DFB               	rlf	___lwdiv@quotient,f
   845  010A  0DFC               	rlf	___lwdiv@quotient+1,f
   846  010B  3EFF               	addlw	-1
   847  010C  1D03               	skipz
   848  010D  2908               	goto	u30_25
   849  010E  0877               	movf	___lwdiv@divisor+1,w
   850  010F  0279               	subwf	___lwdiv@dividend+1,w
   851  0110  1D03               	skipz
   852  0111  2914               	goto	u31_25
   853  0112  0876               	movf	___lwdiv@divisor,w
   854  0113  0278               	subwf	___lwdiv@dividend,w
   855  0114                     u31_25:	
   856  0114  1C03               	skipc
   857  0115  291D               	goto	i1l672
   858  0116  0876               	movf	___lwdiv@divisor,w
   859  0117  02F8               	subwf	___lwdiv@dividend,f
   860  0118  0877               	movf	___lwdiv@divisor+1,w
   861  0119  1C03               	skipc
   862  011A  03F9               	decf	___lwdiv@dividend+1,f
   863  011B  02F9               	subwf	___lwdiv@dividend+1,f
   864  011C  147B               	bsf	___lwdiv@quotient,0
   865  011D                     i1l672:	
   866  011D  3001               	movlw	1
   867  011E                     u32_25:	
   868  011E  1003               	clrc
   869  011F  0CF7               	rrf	___lwdiv@divisor+1,f
   870  0120  0CF6               	rrf	___lwdiv@divisor,f
   871  0121  3EFF               	addlw	-1
   872  0122  1D03               	skipz
   873  0123  291E               	goto	u32_25
   874  0124  3001               	movlw	1
   875  0125  02FD               	subwf	___lwdiv@counter,f
   876  0126  1D03               	btfss	3,2
   877  0127  2907               	goto	i1l666
   878  0128                     i1l676:	
   879  0128  087C               	movf	___lwdiv@quotient+1,w
   880  0129  01F7               	clrf	?___lwdiv+1
   881  012A  07F7               	addwf	?___lwdiv+1,f
   882  012B  087B               	movf	___lwdiv@quotient,w
   883  012C  01F6               	clrf	?___lwdiv
   884  012D  07F6               	addwf	?___lwdiv,f
   885  012E  0008               	return
   886  012F                     __end_of___lwdiv:	
   887  007E                     btemp	set	126	;btemp
   888  007E                     wtemp	set	126
   889  007E                     wtemp0	set	126
   890  0080                     wtemp1	set	128
   891  0082                     wtemp2	set	130
   892  0084                     wtemp3	set	132
   893  0086                     wtemp4	set	134
   894  0088                     wtemp5	set	136
   895  007F                     wtemp6	set	127
   896  007E                     ttemp	set	126
   897  007E                     ttemp0	set	126
   898  0081                     ttemp1	set	129
   899  0084                     ttemp2	set	132
   900  0087                     ttemp3	set	135
   901  007F                     ttemp4	set	127
   902  007E                     ltemp	set	126
   903  007E                     ltemp0	set	126
   904  0082                     ltemp1	set	130
   905  0086                     ltemp2	set	134
   906  0080                     ltemp3	set	128


Data Sizes:
    Strings     0
    Constant    0
    Data        0
    BSS         7
    Persistent  0
    Stack       0

Auto Spaces:
    Space          Size  Autos    Used
    COMMON           14     14      14
    BANK0            80      7      14
    BANK1            80      0       0
    BANK3            96      0       0
    BANK2            96      0       0

Pointer List with Targets:

    None.

Critical Paths under _main in COMMON

    None.

Critical Paths under _ISR in COMMON

    _ISR->___lwdiv
    ___lwdiv->___wmul

Critical Paths under _main in BANK0

    None.

Critical Paths under _ISR in BANK0

    None.

Critical Paths under _main in BANK1

    None.

Critical Paths under _ISR in BANK1

    None.

Critical Paths under _main in BANK3

    None.

Critical Paths under _ISR in BANK3

    None.

Critical Paths under _main in BANK2

    None.

Critical Paths under _ISR in BANK2

    None.

Call Graph Tables:

 ---------------------------------------------------------------------------------
 (Depth) Function   	        Calls       Base Space   Used Autos Params    Refs
 ---------------------------------------------------------------------------------
 (0) _main                                                 2     2      0       0
                                              5 BANK0      2     2      0
 ---------------------------------------------------------------------------------
 Estimated maximum stack depth 0
 ---------------------------------------------------------------------------------
 (Depth) Function   	        Calls       Base Space   Used Autos Params    Refs
 ---------------------------------------------------------------------------------
 (1) _ISR                                                  5     5      0     837
                                              0 BANK0      5     5      0
                            ___lwdiv
                            ___lwmod
                             ___wmul
 ---------------------------------------------------------------------------------
 (2) ___wmul                                               6     2      4     198
                                              0 COMMON     6     2      4
 ---------------------------------------------------------------------------------
 (2) ___lwmod                                              6     2      4     265
                                              0 COMMON     6     2      4
 ---------------------------------------------------------------------------------
 (2) ___lwdiv                                              8     4      4     374
                                              6 COMMON     8     4      4
                             ___wmul (ARG)
 ---------------------------------------------------------------------------------
 Estimated maximum stack depth 2
 ---------------------------------------------------------------------------------

 Call Graph Graphs:

 _main (ROOT)

 _ISR (ROOT)
   ___lwdiv
     ___wmul (ARG)
   ___lwmod
   ___wmul

 Address spaces:
Name               Size   Autos  Total    Cost      Usage
BITCOMMON            E      0       0       0        0.0%
EEDATA             100      0       0       0        0.0%
NULL                 0      0       0       0        0.0%
CODE                 0      0       0       0        0.0%
COMMON               E      E       E       1      100.0%
BITSFR0              0      0       0       1        0.0%
SFR0                 0      0       0       1        0.0%
BITSFR1              0      0       0       2        0.0%
SFR1                 0      0       0       2        0.0%
STACK                0      0       0       2        0.0%
ABS                  0      0      1C       3        0.0%
BITBANK0            50      0       0       4        0.0%
BITSFR3              0      0       0       4        0.0%
SFR3                 0      0       0       4        0.0%
BANK0               50      7       E       5       17.5%
BITSFR2              0      0       0       5        0.0%
SFR2                 0      0       0       5        0.0%
BITBANK1            50      0       0       6        0.0%
BANK1               50      0       0       7        0.0%
BITBANK3            60      0       0       8        0.0%
BANK3               60      0       0       9        0.0%
BITBANK2            60      0       0      10        0.0%
BANK2               60      0       0      11        0.0%
DATA                 0      0      1C      12        0.0%


Microchip Technology PIC Macro Assembler V1.33 build 59893 
Symbol Table                                                                                   Mon Apr 13 10:04:13 2026

            __CFG_CP$OFF 0000      ___wmul@multiplicand 0072                      l766 00E4  
                    _GIE 005F             __CFG_CPD$OFF 0000                      _ISR 0020  
                    u457 00DF                      u467 00EB                      fsr0 0004  
           __CFG_FOSC$XT 0000             __CFG_LVP$OFF 0000                     ?_ISR 0070  
                   _ADIE 0466                     _ADIF 0066                     _T0IE 005D  
                   _T0IF 005A                     _PEIE 005E                     i1l51 00A5  
           __CFG_WRT$OFF 0000                     _main 00B0                     btemp 007E  
          __CFG_BOREN$ON 0000                     ltemp 007E                     start 0012  
                   ttemp 007E                     wtemp 007E                    ??_ISR 0027  
                  ?_main 0070            __CFG_WDTE$OFF 0000          __end_of___lwdiv 012F  
                  i1l141 016D          __end_of___lwmod 0163                    i1l644 0165  
                  i1l724 0047                    i1l716 0038                    i1l726 0048  
                  i1l672 011D                    i1l664 00F9                    i1l666 0107  
                  i1l690 0143                    i1l676 0128                    i1l694 0151  
                  i1l688 0135                    i1l698 015C                    u30_25 0108  
                  u31_25 0114                    u32_25 011E                    u24_25 016E  
                  u25_25 0175                    u42_25 002A                    _PORTB 0006  
                  u35_25 0138                    u43_25 003B                    u28_25 00FC  
                  u37_25 0149                    u38_25 0152                    _TRISB 0086  
                  _TRISD 0088            __CFG_PWRTE$ON 0000                    _whole 0026  
                  pclath 000A                    ltemp0 007E                    ltemp1 0082  
                  ltemp2 0086                    ltemp3 0080                    ttemp0 007E  
                  ttemp1 0081                    ttemp2 0084                    ttemp3 0087  
                  ttemp4 007F                    status 0003                    wtemp0 007E  
                  wtemp1 0080                    wtemp2 0082                    wtemp3 0084  
                  wtemp4 0086                    wtemp5 0088                    wtemp6 007F  
        __initialization 0015             __end_of_main 00F1                   ??_main 002C  
                 _ADCON0 001F                   _ADCON1 009F                   _ADRESH 001E  
                 _ADRESL 009E                   ___wmul 0163                ??___lwdiv 007A  
              ??___lwmod 0074                   saved_w 007E  __end_of__initialization 001C  
         __pcstackCOMMON 0070               __pbssBANK0 0020               __pmaintext 00B0  
                ?___wmul 0070               __pintentry 0004                  _GO_DONE 00FA  
        ISR@digit_select 0024          __size_of___wmul 0023                  ___lwdiv 00F1  
                ___lwmod 012F                  _decimal 0025                  __ptext0 0000  
                __ptext1 0020                  __ptext2 0163                  __ptext3 012F  
                __ptext4 00F1             __size_of_ISR 0090     end_of_initialization 001C  
              _PORTDbits 0008           __end_of___wmul 0186      start_initialization 0015  
            __end_of_ISR 00B0                 ??___wmul 0074                ___latbits 0002  
          __pcstackBANK0 0027                _adc_value 0020         ___lwdiv@dividend 0078  
               ?___lwdiv 0076                 ?___lwmod 0070         ___lwdiv@quotient 007B  
      interrupt_function 0004           ___wmul@product 0074        ___wmul@multiplier 0070  
       __size_of___lwdiv 003E         __size_of___lwmod 0034          ___lwdiv@divisor 0076  
        ___lwdiv@counter 007D           _scaled_voltage 0022            __size_of_main 0041  
               intlevel1 0000         ___lwmod@dividend 0072               _OPTION_REG 0081  
        ___lwmod@divisor 0070          ___lwmod@counter 0075  
