

Microchip Technology PIC LITE Macro Assembler V1.33 build 59893 
                                                                                               Mon Apr 06 10:46:21 2026

Microchip Technology Omniscient Code Generator (Lite mode) build 59893
     1                           	processor	16F877A
     2                           	opt	pw 120
     3                           	opt	lm
     4                           	psect	strings,global,class=STRING,delta=2
     5                           	psect	cinit,global,class=CODE,merge=1,delta=2
     6                           	psect	bssBANK0,global,class=BANK0,space=1,delta=1
     7                           	psect	cstackCOMMON,global,class=COMMON,space=1,delta=1
     8                           	psect	cstackBANK0,global,class=BANK0,space=1,delta=1
     9                           	psect	maintext,global,class=CODE,split=1,delta=2
    10                           	psect	text1,local,class=CODE,merge=1,delta=2
    11                           	psect	text2,local,class=CODE,merge=1,delta=2
    12                           	psect	text3,local,class=CODE,merge=1,delta=2
    13                           	psect	text4,local,class=CODE,merge=1,delta=2
    14                           	psect	text5,local,class=CODE,merge=1,delta=2
    15                           	psect	text6,local,class=CODE,merge=1,delta=2
    16                           	psect	text7,local,class=CODE,merge=1,delta=2
    17                           	psect	text8,local,class=CODE,merge=1,delta=2
    18                           	psect	text9,local,class=CODE,merge=1,delta=2
    19                           	psect	intentry,global,class=CODE,delta=2
    20                           	psect	text10,local,class=CODE,merge=1,delta=2
    21                           	dabs	1,0x7E,2
    22  0000                     	;# 
    23  0001                     	;# 
    24  0002                     	;# 
    25  0003                     	;# 
    26  0004                     	;# 
    27  0005                     	;# 
    28  0006                     	;# 
    29  0007                     	;# 
    30  0008                     	;# 
    31  0009                     	;# 
    32  000A                     	;# 
    33  000B                     	;# 
    34  000C                     	;# 
    35  000D                     	;# 
    36  000E                     	;# 
    37  000E                     	;# 
    38  000F                     	;# 
    39  0010                     	;# 
    40  0011                     	;# 
    41  0012                     	;# 
    42  0013                     	;# 
    43  0014                     	;# 
    44  0015                     	;# 
    45  0015                     	;# 
    46  0016                     	;# 
    47  0017                     	;# 
    48  0018                     	;# 
    49  0019                     	;# 
    50  001A                     	;# 
    51  001B                     	;# 
    52  001B                     	;# 
    53  001C                     	;# 
    54  001D                     	;# 
    55  001E                     	;# 
    56  001F                     	;# 
    57  0081                     	;# 
    58  0085                     	;# 
    59  0086                     	;# 
    60  0087                     	;# 
    61  0088                     	;# 
    62  0089                     	;# 
    63  008C                     	;# 
    64  008D                     	;# 
    65  008E                     	;# 
    66  0091                     	;# 
    67  0092                     	;# 
    68  0093                     	;# 
    69  0094                     	;# 
    70  0098                     	;# 
    71  0099                     	;# 
    72  009C                     	;# 
    73  009D                     	;# 
    74  009E                     	;# 
    75  009F                     	;# 
    76  010C                     	;# 
    77  010D                     	;# 
    78  010E                     	;# 
    79  010F                     	;# 
    80  018C                     	;# 
    81  018D                     	;# 
    82  0015                     _CCPR1	set	21
    83  000E                     _TMR1	set	14
    84  0017                     _CCP1CON	set	23
    85  0006                     _PORTB	set	6
    86  0010                     _T1CON	set	16
    87  0062                     _CCP1IF	set	98
    88  005F                     _GIE	set	95
    89  005E                     _PEIE	set	94
    90  0028                     _RA0	set	40
    91  003D                     _RC5	set	61
    92  003E                     _RC6	set	62
    93  003F                     _RC7	set	63
    94  0080                     _TMR1ON	set	128
    95  009F                     _ADCON1	set	159
    96  0085                     _TRISA	set	133
    97  0086                     _TRISB	set	134
    98  0087                     _TRISC	set	135
    99  0462                     _CCP1IE	set	1122
   100                           
   101                           	psect	strings
   102  0200                     __pstrings:	
   103  0200                     stringtab:	
   104  0200                     __stringtab:	
   105                           
   106                           ;	String table - string pointers are 1 byte each
   107  0200  1BFF               	btfsc	btemp+1,7
   108  0201  2A0A               	ljmp	stringcode
   109  0202  1383               	bcf	3,7
   110  0203  187F               	btfsc	btemp+1,0
   111  0204  1783               	bsf	3,7
   112  0205  0800               	movf	0,w
   113  0206  0A84               	incf	4,f
   114  0207  1903               	skipnz
   115  0208  0AFF               	incf	btemp+1,f
   116  0209  0008               	return
   117  020A                     stringcode:	
   118  020A                     stringdir:	
   119  020A  3002               	movlw	high stringdir
   120  020B  008A               	movwf	10
   121  020C  0804               	movf	4,w
   122  020D  0A84               	incf	4,f
   123  020E  0782               	addwf	2,f
   124  020F                     __stringbase:	
   125  020F  3400               	retlw	0
   126  0210                     __end_of__stringtab:	
   127  0210                     __stringdata:	
   128  0210                     STR_2:	
   129  0210  3420               	retlw	32	;' '
   130  0211  3420               	retlw	32	;' '
   131  0212  3420               	retlw	32	;' '
   132  0213  3420               	retlw	32	;' '
   133  0214  3420               	retlw	32	;' '
   134  0215  3420               	retlw	32	;' '
   135  0216  3420               	retlw	32	;' '
   136  0217  3420               	retlw	32	;' '
   137  0218  3420               	retlw	32	;' '
   138  0219  3420               	retlw	32	;' '
   139  021A  3420               	retlw	32	;' '
   140  021B  3420               	retlw	32	;' '
   141  021C  3420               	retlw	32	;' '
   142  021D  3420               	retlw	32	;' '
   143  021E  3420               	retlw	32	;' '
   144  021F  3420               	retlw	32	;' '
   145  0220  3420               	retlw	32	;' '
   146  0221  3420               	retlw	32	;' '
   147  0222  3420               	retlw	32	;' '
   148  0223  3420               	retlw	32	;' '
   149  0224  3400               	retlw	0
   150  0225                     STR_1:	
   151  0225  3450               	retlw	80	;'P'
   152  0226  3465               	retlw	101	;'e'
   153  0227  3472               	retlw	114	;'r'
   154  0228  3469               	retlw	105	;'i'
   155  0229  346F               	retlw	111	;'o'
   156  022A  3464               	retlw	100	;'d'
   157  022B  343A               	retlw	58	;':'
   158  022C  3400               	retlw	0
   159  022D                     STR_3:	
   160  022D  3420               	retlw	32	;' '
   161  022E  346D               	retlw	109	;'m'
   162  022F  3473               	retlw	115	;'s'
   163  0230  3400               	retlw	0
   164  0231                     __end_of__stringdata:	
   165                           
   166                           ; #config settings
   167  0000                     
   168                           	psect	cinit
   169  0015                     start_initialization:	
   170  0015                     __initialization:	
   171                           
   172                           ; Clear objects allocated to BANK0
   173  0015  01B4               	clrf	__pbssBANK0& (0+127)
   174  0016  01B5               	clrf	(__pbssBANK0+1)& (0+127)
   175  0017                     end_of_initialization:	
   176                           ;End of C runtime variable initialization code
   177                           
   178  0017                     __end_of__initialization:	
   179  0017  0183               	clrf	3
   180  0018  120A  118A  2891   	ljmp	_main	;jump to C main() function
   181                           
   182                           	psect	bssBANK0
   183  0034                     __pbssBANK0:	
   184  0034                     _period:	
   185  0034                     	ds	2
   186                           
   187                           	psect	cstackCOMMON
   188  0070                     __pcstackCOMMON:	
   189  0070                     ?_instCtrl:	
   190  0070                     ?_initLCD:	
   191                           ; 0 bytes @ 0x0
   192                           
   193  0070                     ?_dataCtrl:	
   194                           ; 0 bytes @ 0x0
   195                           
   196  0070                     ?_ISR:	
   197                           ; 0 bytes @ 0x0
   198                           
   199  0070                     ?_main:	
   200                           ; 0 bytes @ 0x0
   201                           
   202  0070                     ?i1___lwdiv:	
   203                           ; 0 bytes @ 0x0
   204                           
   205  0070                     i1___lwdiv@divisor:	
   206                           ; 2 bytes @ 0x0
   207                           
   208                           
   209                           ; 2 bytes @ 0x0
   210  0070                     	ds	2
   211  0072                     i1___lwdiv@dividend:	
   212                           
   213                           ; 2 bytes @ 0x2
   214  0072                     	ds	2
   215  0074                     ??i1___lwdiv:	
   216                           
   217                           ; 0 bytes @ 0x4
   218  0074                     	ds	1
   219  0075                     i1___lwdiv@quotient:	
   220                           
   221                           ; 2 bytes @ 0x5
   222  0075                     	ds	2
   223  0077                     i1___lwdiv@counter:	
   224                           
   225                           ; 1 bytes @ 0x7
   226  0077                     	ds	1
   227  0078                     ??_ISR:	
   228                           
   229                           ; 0 bytes @ 0x8
   230  0078                     	ds	4
   231                           
   232                           	psect	cstackBANK0
   233  0020                     __pcstackBANK0:	
   234  0020                     ?_delay:	
   235  0020                     ?___lwdiv:	
   236                           ; 0 bytes @ 0x0
   237                           
   238  0020                     ?___lwmod:	
   239                           ; 2 bytes @ 0x0
   240                           
   241  0020                     delay@ms:	
   242                           ; 2 bytes @ 0x0
   243                           
   244  0020                     ___lwdiv@divisor:	
   245                           ; 2 bytes @ 0x0
   246                           
   247  0020                     ___lwmod@divisor:	
   248                           ; 2 bytes @ 0x0
   249                           
   250                           
   251                           ; 2 bytes @ 0x0
   252  0020                     	ds	2
   253  0022                     ??_delay:	
   254  0022                     delay@i:	
   255                           ; 0 bytes @ 0x2
   256                           
   257  0022                     ___lwdiv@dividend:	
   258                           ; 2 bytes @ 0x2
   259                           
   260  0022                     ___lwmod@dividend:	
   261                           ; 2 bytes @ 0x2
   262                           
   263                           
   264                           ; 2 bytes @ 0x2
   265  0022                     	ds	2
   266  0024                     ??___lwdiv:	
   267  0024                     ??___lwmod:	
   268                           ; 0 bytes @ 0x4
   269                           
   270  0024                     delay@j:	
   271                           ; 0 bytes @ 0x4
   272                           
   273                           
   274                           ; 2 bytes @ 0x4
   275  0024                     	ds	1
   276  0025                     ___lwmod@counter:	
   277  0025                     ___lwdiv@quotient:	
   278                           ; 1 bytes @ 0x5
   279                           
   280                           
   281                           ; 2 bytes @ 0x5
   282  0025                     	ds	1
   283  0026                     ??_instCtrl:	
   284  0026                     ??_dataCtrl:	
   285                           ; 0 bytes @ 0x6
   286                           
   287  0026                     instCtrl@cmd:	
   288                           ; 0 bytes @ 0x6
   289                           
   290  0026                     dataCtrl@data:	
   291                           ; 1 bytes @ 0x6
   292                           
   293                           
   294                           ; 1 bytes @ 0x6
   295  0026                     	ds	1
   296  0027                     ??_initLCD:	
   297  0027                     ?_printString:	
   298                           ; 0 bytes @ 0x7
   299                           
   300  0027                     ___lwdiv@counter:	
   301                           ; 0 bytes @ 0x7
   302                           
   303  0027                     printString@str:	
   304                           ; 1 bytes @ 0x7
   305                           
   306                           
   307                           ; 2 bytes @ 0x7
   308  0027                     	ds	2
   309  0029                     ??_printString:	
   310  0029                     ?_printNumber:	
   311                           ; 0 bytes @ 0x9
   312                           
   313  0029                     printNumber@num:	
   314                           ; 0 bytes @ 0x9
   315                           
   316                           
   317                           ; 2 bytes @ 0x9
   318  0029                     	ds	2
   319  002B                     ??_printNumber:	
   320                           
   321                           ; 0 bytes @ 0xB
   322  002B                     	ds	1
   323  002C                     printNumber@buffer:	
   324                           
   325                           ; 6 bytes @ 0xC
   326  002C                     	ds	6
   327  0032                     printNumber@i:	
   328                           
   329                           ; 2 bytes @ 0x12
   330  0032                     	ds	2
   331  0034                     ??_main:	
   332                           
   333                           	psect	maintext
   334  0091                     __pmaintext:	
   335                           ; 0 bytes @ 0x14
   336 ;;
   337 ;;Main: autosize = 0, tempsize = 0, incstack = 0, save=0
   338 ;;
   339 ;; *************** function _main *****************
   340 ;; Defined at:
   341 ;;		line 118 in file "Z:\CPE3201-Sevilla\PracticalActivities\PA4\LE4-6.c"
   342 ;; Parameters:    Size  Location     Type
   343 ;;		None
   344 ;; Auto vars:     Size  Location     Type
   345 ;;		None
   346 ;; Return value:  Size  Location     Type
   347 ;;		None               void
   348 ;; Registers used:
   349 ;;		wreg, fsr0l, fsr0h, status,2, status,0, btemp+1, pclath, cstack
   350 ;; Tracked objects:
   351 ;;		On entry : 17F/0
   352 ;;		On exit  : 0/0
   353 ;;		Unchanged: 0/0
   354 ;; Data sizes:     COMMON   BANK0   BANK1   BANK3   BANK2
   355 ;;      Params:         0       0       0       0       0
   356 ;;      Locals:         0       0       0       0       0
   357 ;;      Temps:          0       0       0       0       0
   358 ;;      Totals:         0       0       0       0       0
   359 ;;Total ram usage:        0 bytes
   360 ;; Hardware stack levels required when called:    6
   361 ;; This function calls:
   362 ;;		_delay
   363 ;;		_initLCD
   364 ;;		_instCtrl
   365 ;;		_printNumber
   366 ;;		_printString
   367 ;; This function is called by:
   368 ;;		Startup code after reset
   369 ;; This function uses a non-reentrant model
   370 ;;
   371                           
   372                           
   373                           ;psect for function _main
   374  0091                     _main:	
   375                           
   376                           ;LE4-6.c: 120: ADCON1 = 0x06;
   377                           
   378                           ;incstack = 0
   379                           ; Regs used in _main: [wreg-fsr0h+status,2+status,0+btemp+1+pclath+cstack]
   380  0091  3006               	movlw	6
   381  0092  1683               	bsf	3,5	;RP0=1, select bank1
   382  0093  1303               	bcf	3,6	;RP1=0, select bank1
   383  0094  009F               	movwf	31	;volatile
   384                           
   385                           ;LE4-6.c: 121: TRISB = 0x00;
   386  0095  0186               	clrf	6	;volatile
   387                           
   388                           ;LE4-6.c: 122: TRISA = 0x00;
   389  0096  0185               	clrf	5	;volatile
   390                           
   391                           ;LE4-6.c: 123: TRISC = 0x04;
   392  0097  3004               	movlw	4
   393  0098  0087               	movwf	7	;volatile
   394                           
   395                           ;LE4-6.c: 125: T1CON = 0x30;
   396  0099  3030               	movlw	48
   397  009A  1283               	bcf	3,5	;RP0=0, select bank0
   398  009B  1303               	bcf	3,6	;RP1=0, select bank0
   399  009C  0090               	movwf	16	;volatile
   400                           
   401                           ;LE4-6.c: 126: CCP1CON = 0x05;
   402  009D  3005               	movlw	5
   403  009E  0097               	movwf	23	;volatile
   404                           
   405                           ;LE4-6.c: 127: CCP1IE = 1;
   406  009F  1683               	bsf	3,5	;RP0=1, select bank1
   407  00A0  1303               	bcf	3,6	;RP1=0, select bank1
   408  00A1  150C               	bsf	12,2	;volatile
   409                           
   410                           ;LE4-6.c: 128: CCP1IF = 0;
   411  00A2  1283               	bcf	3,5	;RP0=0, select bank0
   412  00A3  1303               	bcf	3,6	;RP1=0, select bank0
   413  00A4  110C               	bcf	12,2	;volatile
   414                           
   415                           ;LE4-6.c: 129: PEIE = 1;
   416  00A5  170B               	bsf	11,6	;volatile
   417                           
   418                           ;LE4-6.c: 130: GIE = 1;
   419  00A6  178B               	bsf	11,7	;volatile
   420                           
   421                           ;LE4-6.c: 131: TMR1ON = 1;
   422  00A7  1410               	bsf	16,0	;volatile
   423                           
   424                           ;LE4-6.c: 133: initLCD();
   425  00A8  120A  118A  21AD  120A  118A  	fcall	_initLCD
   426                           
   427                           ;LE4-6.c: 135: instCtrl(0x80);
   428  00AD  3080               	movlw	128
   429  00AE  120A  118A  22BD  120A  118A  	fcall	_instCtrl
   430                           
   431                           ;LE4-6.c: 136: printString("Period:");
   432  00B3  3016               	movlw	low (STR_1-__stringbase)
   433  00B4  1283               	bcf	3,5	;RP0=0, select bank0
   434  00B5  1303               	bcf	3,6	;RP1=0, select bank0
   435  00B6  00A7               	movwf	printString@str
   436  00B7  3080               	movlw	128
   437  00B8  00A8               	movwf	printString@str+1
   438  00B9  120A  118A  2285  120A  118A  	fcall	_printString
   439  00BE                     l895:	
   440                           ;LE4-6.c: 138: for(;;)
   441                           
   442                           
   443                           ;LE4-6.c: 139: {
   444                           ;LE4-6.c: 140: instCtrl(0xC0);
   445  00BE  30C0               	movlw	192
   446  00BF  120A  118A  22BD  120A  118A  	fcall	_instCtrl
   447                           
   448                           ;LE4-6.c: 143: printString("                    ");
   449  00C4  3001               	movlw	low (STR_2-__stringbase)
   450  00C5  1283               	bcf	3,5	;RP0=0, select bank0
   451  00C6  1303               	bcf	3,6	;RP1=0, select bank0
   452  00C7  00A7               	movwf	printString@str
   453  00C8  3080               	movlw	128
   454  00C9  00A8               	movwf	printString@str+1
   455  00CA  120A  118A  2285  120A  118A  	fcall	_printString
   456                           
   457                           ;LE4-6.c: 145: instCtrl(0xC0);
   458  00CF  30C0               	movlw	192
   459  00D0  120A  118A  22BD  120A  118A  	fcall	_instCtrl
   460                           
   461                           ;LE4-6.c: 147: printNumber(period);
   462  00D5  1283               	bcf	3,5	;RP0=0, select bank0
   463  00D6  1303               	bcf	3,6	;RP1=0, select bank0
   464  00D7  0835               	movf	_period+1,w	;volatile
   465  00D8  01AA               	clrf	printNumber@num+1
   466  00D9  07AA               	addwf	printNumber@num+1,f
   467  00DA  0834               	movf	_period,w	;volatile
   468  00DB  01A9               	clrf	printNumber@num
   469  00DC  07A9               	addwf	printNumber@num,f
   470  00DD  120A  118A  201B  120A  118A  	fcall	_printNumber
   471                           
   472                           ;LE4-6.c: 148: printString(" ms");
   473  00E2  301E               	movlw	low (STR_3-__stringbase)
   474  00E3  1283               	bcf	3,5	;RP0=0, select bank0
   475  00E4  1303               	bcf	3,6	;RP1=0, select bank0
   476  00E5  00A7               	movwf	printString@str
   477  00E6  3080               	movlw	128
   478  00E7  00A8               	movwf	printString@str+1
   479  00E8  120A  118A  2285  120A  118A  	fcall	_printString
   480                           
   481                           ;LE4-6.c: 150: delay(20);
   482  00ED  3014               	movlw	20
   483  00EE  1283               	bcf	3,5	;RP0=0, select bank0
   484  00EF  1303               	bcf	3,6	;RP1=0, select bank0
   485  00F0  00A0               	movwf	delay@ms
   486  00F1  3000               	movlw	0
   487  00F2  00A1               	movwf	delay@ms+1
   488  00F3  120A  118A  225C  120A  118A  	fcall	_delay
   489                           
   490                           ;LE4-6.c: 151: }
   491  00F8  28BE               	goto	l895
   492  00F9                     __end_of_main:	
   493                           
   494                           	psect	text1
   495  001B                     __ptext1:	
   496 ;; *************** function _printNumber *****************
   497 ;; Defined at:
   498 ;;		line 80 in file "Z:\CPE3201-Sevilla\PracticalActivities\PA4\LE4-6.c"
   499 ;; Parameters:    Size  Location     Type
   500 ;;  num             2    9[BANK0 ] unsigned int 
   501 ;; Auto vars:     Size  Location     Type
   502 ;;  buffer          6   12[BANK0 ] unsigned char [6]
   503 ;;  i               2   18[BANK0 ] int 
   504 ;; Return value:  Size  Location     Type
   505 ;;		None               void
   506 ;; Registers used:
   507 ;;		wreg, fsr0l, fsr0h, status,2, status,0, btemp+1, pclath, cstack
   508 ;; Tracked objects:
   509 ;;		On entry : 0/0
   510 ;;		On exit  : 0/0
   511 ;;		Unchanged: 0/0
   512 ;; Data sizes:     COMMON   BANK0   BANK1   BANK3   BANK2
   513 ;;      Params:         0       2       0       0       0
   514 ;;      Locals:         0       8       0       0       0
   515 ;;      Temps:          0       1       0       0       0
   516 ;;      Totals:         0      11       0       0       0
   517 ;;Total ram usage:       11 bytes
   518 ;; Hardware stack levels used:    1
   519 ;; Hardware stack levels required when called:    5
   520 ;; This function calls:
   521 ;;		___lwdiv
   522 ;;		___lwmod
   523 ;;		_printString
   524 ;; This function is called by:
   525 ;;		_main
   526 ;; This function uses a non-reentrant model
   527 ;;
   528                           
   529                           
   530                           ;psect for function _printNumber
   531  001B                     _printNumber:	
   532                           
   533                           ;LE4-6.c: 81: char buffer[6];
   534                           ;LE4-6.c: 82: int i = 5;
   535                           
   536                           ;incstack = 0
   537                           ; Regs used in _printNumber: [wreg-fsr0h+status,2+status,0+btemp+1+pclath+cstack]
   538  001B  3005               	movlw	5
   539  001C  1283               	bcf	3,5	;RP0=0, select bank0
   540  001D  1303               	bcf	3,6	;RP1=0, select bank0
   541  001E  00B2               	movwf	printNumber@i
   542  001F  3000               	movlw	0
   543  0020  00B3               	movwf	printNumber@i+1
   544                           
   545                           ;LE4-6.c: 84: buffer[--i] = '\0';
   546  0021  30FF               	movlw	255
   547  0022  07B2               	addwf	printNumber@i,f
   548  0023  1803               	skipnc
   549  0024  0AB3               	incf	printNumber@i+1,f
   550  0025  30FF               	movlw	255
   551  0026  07B3               	addwf	printNumber@i+1,f
   552  0027  0832               	movf	printNumber@i,w
   553  0028  3E2C               	addlw	printNumber@buffer& (0+255)
   554  0029  0084               	movwf	4
   555  002A  1383               	bcf	3,7	;select IRP bank0
   556  002B  0180               	clrf	0
   557                           
   558                           ;LE4-6.c: 87: if (num == 0) {
   559  002C  082A               	movf	printNumber@num+1,w
   560  002D  0429               	iorwf	printNumber@num,w
   561  002E  1D03               	skipz
   562  002F  2877               	goto	l829
   563                           
   564                           ;LE4-6.c: 88: buffer[--i] = '0';
   565  0030  3030               	movlw	48
   566  0031  00AB               	movwf	??_printNumber
   567  0032  30FF               	movlw	255
   568  0033  07B2               	addwf	printNumber@i,f
   569  0034  1803               	skipnc
   570  0035  0AB3               	incf	printNumber@i+1,f
   571  0036  30FF               	movlw	255
   572  0037  07B3               	addwf	printNumber@i+1,f
   573  0038  0832               	movf	printNumber@i,w
   574  0039  3E2C               	addlw	printNumber@buffer& (0+255)
   575  003A  0084               	movwf	4
   576  003B  082B               	movf	??_printNumber,w
   577  003C  0080               	movwf	0
   578                           
   579                           ;LE4-6.c: 89: } else {
   580  003D  2886               	goto	l833
   581  003E                     l825:	
   582                           ;LE4-6.c: 90: while (num > 0 && i > 0) {
   583                           
   584                           
   585                           ;LE4-6.c: 91: buffer[--i] = (num % 10) + '0';
   586  003E  300A               	movlw	10
   587  003F  1283               	bcf	3,5	;RP0=0, select bank0
   588  0040  1303               	bcf	3,6	;RP1=0, select bank0
   589  0041  00A0               	movwf	___lwmod@divisor
   590  0042  3000               	movlw	0
   591  0043  00A1               	movwf	___lwmod@divisor+1
   592  0044  082A               	movf	printNumber@num+1,w
   593  0045  01A3               	clrf	___lwmod@dividend+1
   594  0046  07A3               	addwf	___lwmod@dividend+1,f
   595  0047  0829               	movf	printNumber@num,w
   596  0048  01A2               	clrf	___lwmod@dividend
   597  0049  07A2               	addwf	___lwmod@dividend,f
   598  004A  120A  118A  2177  120A  118A  	fcall	___lwmod
   599  004F  1283               	bcf	3,5	;RP0=0, select bank0
   600  0050  1303               	bcf	3,6	;RP1=0, select bank0
   601  0051  0820               	movf	?___lwmod,w
   602  0052  3E30               	addlw	48
   603  0053  00AB               	movwf	??_printNumber
   604  0054  30FF               	movlw	255
   605  0055  07B2               	addwf	printNumber@i,f
   606  0056  1803               	skipnc
   607  0057  0AB3               	incf	printNumber@i+1,f
   608  0058  30FF               	movlw	255
   609  0059  07B3               	addwf	printNumber@i+1,f
   610  005A  0832               	movf	printNumber@i,w
   611  005B  3E2C               	addlw	printNumber@buffer& (0+255)
   612  005C  0084               	movwf	4
   613  005D  082B               	movf	??_printNumber,w
   614  005E  1383               	bcf	3,7	;select IRP bank0
   615  005F  0080               	movwf	0
   616                           
   617                           ;LE4-6.c: 92: num /= 10;
   618  0060  300A               	movlw	10
   619  0061  00A0               	movwf	___lwdiv@divisor
   620  0062  3000               	movlw	0
   621  0063  00A1               	movwf	___lwdiv@divisor+1
   622  0064  082A               	movf	printNumber@num+1,w
   623  0065  01A3               	clrf	___lwdiv@dividend+1
   624  0066  07A3               	addwf	___lwdiv@dividend+1,f
   625  0067  0829               	movf	printNumber@num,w
   626  0068  01A2               	clrf	___lwdiv@dividend
   627  0069  07A2               	addwf	___lwdiv@dividend,f
   628  006A  120A  118A  20F9  120A  118A  	fcall	___lwdiv
   629  006F  1283               	bcf	3,5	;RP0=0, select bank0
   630  0070  1303               	bcf	3,6	;RP1=0, select bank0
   631  0071  0821               	movf	?___lwdiv+1,w
   632  0072  01AA               	clrf	printNumber@num+1
   633  0073  07AA               	addwf	printNumber@num+1,f
   634  0074  0820               	movf	?___lwdiv,w
   635  0075  01A9               	clrf	printNumber@num
   636  0076  07A9               	addwf	printNumber@num,f
   637  0077                     l829:	
   638  0077  082A               	movf	printNumber@num+1,w
   639  0078  0429               	iorwf	printNumber@num,w
   640  0079  1903               	skipnz
   641  007A  2886               	goto	l833
   642  007B  0833               	movf	printNumber@i+1,w
   643  007C  3A80               	xorlw	128
   644  007D  00FF               	movwf	127
   645  007E  3080               	movlw	128
   646  007F  027F               	subwf	127,w
   647  0080  1D03               	skipz
   648  0081  2884               	goto	u485
   649  0082  3001               	movlw	1
   650  0083  0232               	subwf	printNumber@i,w
   651  0084                     u485:	
   652  0084  1803               	skipnc
   653  0085  283E               	goto	l825
   654  0086                     l833:	
   655                           
   656                           ;LE4-6.c: 93: }
   657                           ;LE4-6.c: 94: }
   658                           ;LE4-6.c: 97: printString(&buffer[i]);
   659  0086  1283               	bcf	3,5	;RP0=0, select bank0
   660  0087  1303               	bcf	3,6	;RP1=0, select bank0
   661  0088  0832               	movf	printNumber@i,w
   662  0089  3E2C               	addlw	printNumber@buffer& (0+255)
   663  008A  00A7               	movwf	printString@str
   664  008B  3000               	movlw	0
   665  008C  00A8               	movwf	printString@str+1
   666  008D  120A  118A  2285   	fcall	_printString
   667  0090  0008               	return
   668  0091                     __end_of_printNumber:	
   669                           
   670                           	psect	text2
   671  0285                     __ptext2:	
   672 ;; *************** function _printString *****************
   673 ;; Defined at:
   674 ;;		line 74 in file "Z:\CPE3201-Sevilla\PracticalActivities\PA4\LE4-6.c"
   675 ;; Parameters:    Size  Location     Type
   676 ;;  str             2    7[BANK0 ] PTR const unsigned char 
   677 ;;		 -> STR_3(4), STR_2(21), STR_1(8), printNumber@buffer(6), 
   678 ;; Auto vars:     Size  Location     Type
   679 ;;		None
   680 ;; Return value:  Size  Location     Type
   681 ;;		None               void
   682 ;; Registers used:
   683 ;;		wreg, fsr0l, fsr0h, status,2, status,0, btemp+1, pclath, cstack
   684 ;; Tracked objects:
   685 ;;		On entry : 0/0
   686 ;;		On exit  : 0/0
   687 ;;		Unchanged: 0/0
   688 ;; Data sizes:     COMMON   BANK0   BANK1   BANK3   BANK2
   689 ;;      Params:         0       2       0       0       0
   690 ;;      Locals:         0       0       0       0       0
   691 ;;      Temps:          0       0       0       0       0
   692 ;;      Totals:         0       2       0       0       0
   693 ;;Total ram usage:        2 bytes
   694 ;; Hardware stack levels used:    1
   695 ;; Hardware stack levels required when called:    4
   696 ;; This function calls:
   697 ;;		_dataCtrl
   698 ;; This function is called by:
   699 ;;		_printNumber
   700 ;;		_main
   701 ;; This function uses a non-reentrant model
   702 ;;
   703                           
   704                           
   705                           ;psect for function _printString
   706  0285                     _printString:	
   707  0285                     l765:	
   708                           ;LE4-6.c: 75: while(*str) {
   709                           
   710                           ;incstack = 0
   711                           ; Regs used in _printString: [wreg-fsr0h+status,2+status,0+btemp+1+pclath+cstack]
   712                           
   713  0285  1283               	bcf	3,5	;RP0=0, select bank0
   714  0286  1303               	bcf	3,6	;RP1=0, select bank0
   715  0287  0828               	movf	printString@str+1,w
   716  0288  00FF               	movwf	127
   717  0289  0827               	movf	printString@str,w
   718  028A  0084               	movwf	4
   719  028B  120A  118A  2200  120A  118A  	fcall	stringtab
   720  0290  3800               	iorlw	0
   721  0291  1903               	btfsc	3,2
   722  0292  0008               	return
   723                           
   724                           ;LE4-6.c: 76: dataCtrl(*str++);
   725  0293  1283               	bcf	3,5	;RP0=0, select bank0
   726  0294  1303               	bcf	3,6	;RP1=0, select bank0
   727  0295  0828               	movf	printString@str+1,w
   728  0296  00FF               	movwf	127
   729  0297  0827               	movf	printString@str,w
   730  0298  0084               	movwf	4
   731  0299  120A  118A  2200  120A  118A  	fcall	stringtab
   732  029E  120A  118A  22AA  120A  118A  	fcall	_dataCtrl
   733  02A3  3001               	movlw	1
   734  02A4  1283               	bcf	3,5	;RP0=0, select bank0
   735  02A5  1303               	bcf	3,6	;RP1=0, select bank0
   736  02A6  07A7               	addwf	printString@str,f
   737  02A7  1803               	skipnc
   738  02A8  0AA8               	incf	printString@str+1,f
   739  02A9  2A85               	goto	l765
   740  02AA                     __end_of_printString:	
   741                           
   742                           	psect	text3
   743  02AA                     __ptext3:	
   744 ;; *************** function _dataCtrl *****************
   745 ;; Defined at:
   746 ;;		line 58 in file "Z:\CPE3201-Sevilla\PracticalActivities\PA4\LE4-6.c"
   747 ;; Parameters:    Size  Location     Type
   748 ;;  data            1    wreg     unsigned char 
   749 ;; Auto vars:     Size  Location     Type
   750 ;;  data            1    6[BANK0 ] unsigned char 
   751 ;; Return value:  Size  Location     Type
   752 ;;		None               void
   753 ;; Registers used:
   754 ;;		wreg, status,2, status,0, pclath, cstack
   755 ;; Tracked objects:
   756 ;;		On entry : 0/0
   757 ;;		On exit  : 0/0
   758 ;;		Unchanged: 0/0
   759 ;; Data sizes:     COMMON   BANK0   BANK1   BANK3   BANK2
   760 ;;      Params:         0       0       0       0       0
   761 ;;      Locals:         0       1       0       0       0
   762 ;;      Temps:          0       0       0       0       0
   763 ;;      Totals:         0       1       0       0       0
   764 ;;Total ram usage:        1 bytes
   765 ;; Hardware stack levels used:    1
   766 ;; Hardware stack levels required when called:    3
   767 ;; This function calls:
   768 ;;		_delay
   769 ;; This function is called by:
   770 ;;		_printString
   771 ;; This function uses a non-reentrant model
   772 ;;
   773                           
   774                           
   775                           ;psect for function _dataCtrl
   776  02AA                     _dataCtrl:	
   777                           
   778                           ;incstack = 0
   779                           ; Regs used in _dataCtrl: [wreg+status,2+status,0+pclath+cstack]
   780                           ;dataCtrl@data stored from wreg
   781  02AA  1283               	bcf	3,5	;RP0=0, select bank0
   782  02AB  1303               	bcf	3,6	;RP1=0, select bank0
   783  02AC  00A6               	movwf	dataCtrl@data
   784                           
   785                           ;LE4-6.c: 59: PORTB = data;
   786  02AD  0826               	movf	dataCtrl@data,w
   787  02AE  0086               	movwf	6	;volatile
   788                           
   789                           ;LE4-6.c: 60: RC5 = 1;
   790  02AF  1687               	bsf	7,5	;volatile
   791                           
   792                           ;LE4-6.c: 61: RC7 = 0;
   793  02B0  1387               	bcf	7,7	;volatile
   794                           
   795                           ;LE4-6.c: 62: RC6 = 1;
   796  02B1  1707               	bsf	7,6	;volatile
   797                           
   798                           ;LE4-6.c: 63: delay(1);
   799  02B2  3001               	movlw	1
   800  02B3  00A0               	movwf	delay@ms
   801  02B4  3000               	movlw	0
   802  02B5  00A1               	movwf	delay@ms+1
   803  02B6  120A  118A  225C   	fcall	_delay
   804                           
   805                           ;LE4-6.c: 64: RC6 = 0;
   806  02B9  1283               	bcf	3,5	;RP0=0, select bank0
   807  02BA  1303               	bcf	3,6	;RP1=0, select bank0
   808  02BB  1307               	bcf	7,6	;volatile
   809  02BC  0008               	return
   810  02BD                     __end_of_dataCtrl:	
   811                           
   812                           	psect	text4
   813  0177                     __ptext4:	
   814 ;; *************** function ___lwmod *****************
   815 ;; Defined at:
   816 ;;		line 6 in file "C:\Program Files (x86)\Microchip\xc8\v1.33\sources\common\lwmod.c"
   817 ;; Parameters:    Size  Location     Type
   818 ;;  divisor         2    0[BANK0 ] unsigned int 
   819 ;;  dividend        2    2[BANK0 ] unsigned int 
   820 ;; Auto vars:     Size  Location     Type
   821 ;;  counter         1    5[BANK0 ] unsigned char 
   822 ;; Return value:  Size  Location     Type
   823 ;;                  2    0[BANK0 ] unsigned int 
   824 ;; Registers used:
   825 ;;		wreg, status,2, status,0
   826 ;; Tracked objects:
   827 ;;		On entry : 0/0
   828 ;;		On exit  : 0/0
   829 ;;		Unchanged: 0/0
   830 ;; Data sizes:     COMMON   BANK0   BANK1   BANK3   BANK2
   831 ;;      Params:         0       4       0       0       0
   832 ;;      Locals:         0       1       0       0       0
   833 ;;      Temps:          0       1       0       0       0
   834 ;;      Totals:         0       6       0       0       0
   835 ;;Total ram usage:        6 bytes
   836 ;; Hardware stack levels used:    1
   837 ;; Hardware stack levels required when called:    2
   838 ;; This function calls:
   839 ;;		Nothing
   840 ;; This function is called by:
   841 ;;		_printNumber
   842 ;; This function uses a non-reentrant model
   843 ;;
   844                           
   845                           
   846                           ;psect for function ___lwmod
   847  0177                     ___lwmod:	
   848                           
   849                           ;incstack = 0
   850                           ; Regs used in ___lwmod: [wreg+status,2+status,0]
   851  0177  1283               	bcf	3,5	;RP0=0, select bank0
   852  0178  1303               	bcf	3,6	;RP1=0, select bank0
   853  0179  0821               	movf	___lwmod@divisor+1,w
   854  017A  0420               	iorwf	___lwmod@divisor,w
   855  017B  1903               	skipnz
   856  017C  29A6               	goto	l811
   857  017D  01A5               	clrf	___lwmod@counter
   858  017E  0AA5               	incf	___lwmod@counter,f
   859  017F                     l801:	
   860  017F  1BA1               	btfsc	___lwmod@divisor+1,7
   861  0180  298D               	goto	l803
   862  0181  3001               	movlw	1
   863  0182                     u415:	
   864  0182  1003               	clrc
   865  0183  0DA0               	rlf	___lwmod@divisor,f
   866  0184  0DA1               	rlf	___lwmod@divisor+1,f
   867  0185  3EFF               	addlw	-1
   868  0186  1D03               	skipz
   869  0187  2982               	goto	u415
   870  0188  3001               	movlw	1
   871  0189  00A4               	movwf	??___lwmod
   872  018A  0824               	movf	??___lwmod,w
   873  018B  07A5               	addwf	___lwmod@counter,f
   874  018C  297F               	goto	l801
   875  018D                     l803:	
   876  018D  0821               	movf	___lwmod@divisor+1,w
   877  018E  0223               	subwf	___lwmod@dividend+1,w
   878  018F  1D03               	skipz
   879  0190  2993               	goto	u435
   880  0191  0820               	movf	___lwmod@divisor,w
   881  0192  0222               	subwf	___lwmod@dividend,w
   882  0193                     u435:	
   883  0193  1C03               	skipc
   884  0194  299B               	goto	l807
   885  0195  0820               	movf	___lwmod@divisor,w
   886  0196  02A2               	subwf	___lwmod@dividend,f
   887  0197  0821               	movf	___lwmod@divisor+1,w
   888  0198  1C03               	skipc
   889  0199  03A3               	decf	___lwmod@dividend+1,f
   890  019A  02A3               	subwf	___lwmod@dividend+1,f
   891  019B                     l807:	
   892  019B  3001               	movlw	1
   893  019C                     u445:	
   894  019C  1003               	clrc
   895  019D  0CA1               	rrf	___lwmod@divisor+1,f
   896  019E  0CA0               	rrf	___lwmod@divisor,f
   897  019F  3EFF               	addlw	-1
   898  01A0  1D03               	skipz
   899  01A1  299C               	goto	u445
   900  01A2  3001               	movlw	1
   901  01A3  02A5               	subwf	___lwmod@counter,f
   902  01A4  1D03               	btfss	3,2
   903  01A5  298D               	goto	l803
   904  01A6                     l811:	
   905  01A6  0823               	movf	___lwmod@dividend+1,w
   906  01A7  01A1               	clrf	?___lwmod+1
   907  01A8  07A1               	addwf	?___lwmod+1,f
   908  01A9  0822               	movf	___lwmod@dividend,w
   909  01AA  01A0               	clrf	?___lwmod
   910  01AB  07A0               	addwf	?___lwmod,f
   911  01AC  0008               	return
   912  01AD                     __end_of___lwmod:	
   913                           
   914                           	psect	text5
   915  00F9                     __ptext5:	
   916 ;; *************** function ___lwdiv *****************
   917 ;; Defined at:
   918 ;;		line 6 in file "C:\Program Files (x86)\Microchip\xc8\v1.33\sources\common\lwdiv.c"
   919 ;; Parameters:    Size  Location     Type
   920 ;;  divisor         2    0[BANK0 ] unsigned int 
   921 ;;  dividend        2    2[BANK0 ] unsigned int 
   922 ;; Auto vars:     Size  Location     Type
   923 ;;  quotient        2    5[BANK0 ] unsigned int 
   924 ;;  counter         1    7[BANK0 ] unsigned char 
   925 ;; Return value:  Size  Location     Type
   926 ;;                  2    0[BANK0 ] unsigned int 
   927 ;; Registers used:
   928 ;;		wreg, status,2, status,0
   929 ;; Tracked objects:
   930 ;;		On entry : 0/0
   931 ;;		On exit  : 0/0
   932 ;;		Unchanged: 0/0
   933 ;; Data sizes:     COMMON   BANK0   BANK1   BANK3   BANK2
   934 ;;      Params:         0       4       0       0       0
   935 ;;      Locals:         0       3       0       0       0
   936 ;;      Temps:          0       1       0       0       0
   937 ;;      Totals:         0       8       0       0       0
   938 ;;Total ram usage:        8 bytes
   939 ;; Hardware stack levels used:    1
   940 ;; Hardware stack levels required when called:    2
   941 ;; This function calls:
   942 ;;		Nothing
   943 ;; This function is called by:
   944 ;;		_printNumber
   945 ;; This function uses a non-reentrant model
   946 ;;
   947                           
   948                           
   949                           ;psect for function ___lwdiv
   950  00F9                     ___lwdiv:	
   951                           
   952                           ;incstack = 0
   953                           ; Regs used in ___lwdiv: [wreg+status,2+status,0]
   954  00F9  1283               	bcf	3,5	;RP0=0, select bank0
   955  00FA  1303               	bcf	3,6	;RP1=0, select bank0
   956  00FB  01A5               	clrf	___lwdiv@quotient
   957  00FC  01A6               	clrf	___lwdiv@quotient+1
   958  00FD  0821               	movf	___lwdiv@divisor+1,w
   959  00FE  0420               	iorwf	___lwdiv@divisor,w
   960  00FF  1903               	skipnz
   961  0100  2932               	goto	l789
   962  0101  01A7               	clrf	___lwdiv@counter
   963  0102  0AA7               	incf	___lwdiv@counter,f
   964  0103                     l777:	
   965  0103  1BA1               	btfsc	___lwdiv@divisor+1,7
   966  0104  2911               	goto	l779
   967  0105  3001               	movlw	1
   968  0106                     u345:	
   969  0106  1003               	clrc
   970  0107  0DA0               	rlf	___lwdiv@divisor,f
   971  0108  0DA1               	rlf	___lwdiv@divisor+1,f
   972  0109  3EFF               	addlw	-1
   973  010A  1D03               	skipz
   974  010B  2906               	goto	u345
   975  010C  3001               	movlw	1
   976  010D  00A4               	movwf	??___lwdiv
   977  010E  0824               	movf	??___lwdiv,w
   978  010F  07A7               	addwf	___lwdiv@counter,f
   979  0110  2903               	goto	l777
   980  0111                     l779:	
   981  0111  3001               	movlw	1
   982  0112                     u365:	
   983  0112  1003               	clrc
   984  0113  0DA5               	rlf	___lwdiv@quotient,f
   985  0114  0DA6               	rlf	___lwdiv@quotient+1,f
   986  0115  3EFF               	addlw	-1
   987  0116  1D03               	skipz
   988  0117  2912               	goto	u365
   989  0118  0821               	movf	___lwdiv@divisor+1,w
   990  0119  0223               	subwf	___lwdiv@dividend+1,w
   991  011A  1D03               	skipz
   992  011B  291E               	goto	u375
   993  011C  0820               	movf	___lwdiv@divisor,w
   994  011D  0222               	subwf	___lwdiv@dividend,w
   995  011E                     u375:	
   996  011E  1C03               	skipc
   997  011F  2927               	goto	l785
   998  0120  0820               	movf	___lwdiv@divisor,w
   999  0121  02A2               	subwf	___lwdiv@dividend,f
  1000  0122  0821               	movf	___lwdiv@divisor+1,w
  1001  0123  1C03               	skipc
  1002  0124  03A3               	decf	___lwdiv@dividend+1,f
  1003  0125  02A3               	subwf	___lwdiv@dividend+1,f
  1004  0126  1425               	bsf	___lwdiv@quotient,0
  1005  0127                     l785:	
  1006  0127  3001               	movlw	1
  1007  0128                     u385:	
  1008  0128  1003               	clrc
  1009  0129  0CA1               	rrf	___lwdiv@divisor+1,f
  1010  012A  0CA0               	rrf	___lwdiv@divisor,f
  1011  012B  3EFF               	addlw	-1
  1012  012C  1D03               	skipz
  1013  012D  2928               	goto	u385
  1014  012E  3001               	movlw	1
  1015  012F  02A7               	subwf	___lwdiv@counter,f
  1016  0130  1D03               	btfss	3,2
  1017  0131  2911               	goto	l779
  1018  0132                     l789:	
  1019  0132  0826               	movf	___lwdiv@quotient+1,w
  1020  0133  01A1               	clrf	?___lwdiv+1
  1021  0134  07A1               	addwf	?___lwdiv+1,f
  1022  0135  0825               	movf	___lwdiv@quotient,w
  1023  0136  01A0               	clrf	?___lwdiv
  1024  0137  07A0               	addwf	?___lwdiv,f
  1025  0138  0008               	return
  1026  0139                     __end_of___lwdiv:	
  1027                           
  1028                           	psect	text6
  1029  01AD                     __ptext6:	
  1030 ;; *************** function _initLCD *****************
  1031 ;; Defined at:
  1032 ;;		line 48 in file "Z:\CPE3201-Sevilla\PracticalActivities\PA4\LE4-6.c"
  1033 ;; Parameters:    Size  Location     Type
  1034 ;;		None
  1035 ;; Auto vars:     Size  Location     Type
  1036 ;;		None
  1037 ;; Return value:  Size  Location     Type
  1038 ;;		None               void
  1039 ;; Registers used:
  1040 ;;		wreg, status,2, status,0, pclath, cstack
  1041 ;; Tracked objects:
  1042 ;;		On entry : 0/0
  1043 ;;		On exit  : 0/0
  1044 ;;		Unchanged: 0/0
  1045 ;; Data sizes:     COMMON   BANK0   BANK1   BANK3   BANK2
  1046 ;;      Params:         0       0       0       0       0
  1047 ;;      Locals:         0       0       0       0       0
  1048 ;;      Temps:          0       0       0       0       0
  1049 ;;      Totals:         0       0       0       0       0
  1050 ;;Total ram usage:        0 bytes
  1051 ;; Hardware stack levels used:    1
  1052 ;; Hardware stack levels required when called:    4
  1053 ;; This function calls:
  1054 ;;		_delay
  1055 ;;		_instCtrl
  1056 ;; This function is called by:
  1057 ;;		_main
  1058 ;; This function uses a non-reentrant model
  1059 ;;
  1060                           
  1061                           
  1062                           ;psect for function _initLCD
  1063  01AD                     _initLCD:	
  1064                           
  1065                           ;LE4-6.c: 49: delay(15);
  1066                           
  1067                           ;incstack = 0
  1068                           ; Regs used in _initLCD: [wreg+status,2+status,0+pclath+cstack]
  1069  01AD  300F               	movlw	15
  1070  01AE  1283               	bcf	3,5	;RP0=0, select bank0
  1071  01AF  1303               	bcf	3,6	;RP1=0, select bank0
  1072  01B0  00A0               	movwf	delay@ms
  1073  01B1  3000               	movlw	0
  1074  01B2  00A1               	movwf	delay@ms+1
  1075  01B3  120A  118A  225C  120A  118A  	fcall	_delay
  1076                           
  1077                           ;LE4-6.c: 50: instCtrl(0x38);
  1078  01B8  3038               	movlw	56
  1079  01B9  120A  118A  22BD  120A  118A  	fcall	_instCtrl
  1080                           
  1081                           ;LE4-6.c: 51: instCtrl(0x08);
  1082  01BE  3008               	movlw	8
  1083  01BF  120A  118A  22BD  120A  118A  	fcall	_instCtrl
  1084                           
  1085                           ;LE4-6.c: 52: instCtrl(0x01);
  1086  01C4  3001               	movlw	1
  1087  01C5  120A  118A  22BD  120A  118A  	fcall	_instCtrl
  1088                           
  1089                           ;LE4-6.c: 53: delay(2);
  1090  01CA  3002               	movlw	2
  1091  01CB  1283               	bcf	3,5	;RP0=0, select bank0
  1092  01CC  1303               	bcf	3,6	;RP1=0, select bank0
  1093  01CD  00A0               	movwf	delay@ms
  1094  01CE  3000               	movlw	0
  1095  01CF  00A1               	movwf	delay@ms+1
  1096  01D0  120A  118A  225C  120A  118A  	fcall	_delay
  1097                           
  1098                           ;LE4-6.c: 54: instCtrl(0x06);
  1099  01D5  3006               	movlw	6
  1100  01D6  120A  118A  22BD  120A  118A  	fcall	_instCtrl
  1101                           
  1102                           ;LE4-6.c: 55: instCtrl(0x0C);
  1103  01DB  300C               	movlw	12
  1104  01DC  120A  118A  22BD   	fcall	_instCtrl
  1105  01DF  0008               	return
  1106  01E0                     __end_of_initLCD:	
  1107                           
  1108                           	psect	text7
  1109  02BD                     __ptext7:	
  1110 ;; *************** function _instCtrl *****************
  1111 ;; Defined at:
  1112 ;;		line 39 in file "Z:\CPE3201-Sevilla\PracticalActivities\PA4\LE4-6.c"
  1113 ;; Parameters:    Size  Location     Type
  1114 ;;  cmd             1    wreg     unsigned char 
  1115 ;; Auto vars:     Size  Location     Type
  1116 ;;  cmd             1    6[BANK0 ] unsigned char 
  1117 ;; Return value:  Size  Location     Type
  1118 ;;		None               void
  1119 ;; Registers used:
  1120 ;;		wreg, status,2, status,0, pclath, cstack
  1121 ;; Tracked objects:
  1122 ;;		On entry : 0/0
  1123 ;;		On exit  : 0/0
  1124 ;;		Unchanged: 0/0
  1125 ;; Data sizes:     COMMON   BANK0   BANK1   BANK3   BANK2
  1126 ;;      Params:         0       0       0       0       0
  1127 ;;      Locals:         0       1       0       0       0
  1128 ;;      Temps:          0       0       0       0       0
  1129 ;;      Totals:         0       1       0       0       0
  1130 ;;Total ram usage:        1 bytes
  1131 ;; Hardware stack levels used:    1
  1132 ;; Hardware stack levels required when called:    3
  1133 ;; This function calls:
  1134 ;;		_delay
  1135 ;; This function is called by:
  1136 ;;		_initLCD
  1137 ;;		_main
  1138 ;; This function uses a non-reentrant model
  1139 ;;
  1140                           
  1141                           
  1142                           ;psect for function _instCtrl
  1143  02BD                     _instCtrl:	
  1144                           
  1145                           ;incstack = 0
  1146                           ; Regs used in _instCtrl: [wreg+status,2+status,0+pclath+cstack]
  1147                           ;instCtrl@cmd stored from wreg
  1148  02BD  1283               	bcf	3,5	;RP0=0, select bank0
  1149  02BE  1303               	bcf	3,6	;RP1=0, select bank0
  1150  02BF  00A6               	movwf	instCtrl@cmd
  1151                           
  1152                           ;LE4-6.c: 40: PORTB = cmd;
  1153  02C0  0826               	movf	instCtrl@cmd,w
  1154  02C1  0086               	movwf	6	;volatile
  1155                           
  1156                           ;LE4-6.c: 41: RC5 = 0;
  1157  02C2  1287               	bcf	7,5	;volatile
  1158                           
  1159                           ;LE4-6.c: 42: RC7 = 0;
  1160  02C3  1387               	bcf	7,7	;volatile
  1161                           
  1162                           ;LE4-6.c: 43: RC6 = 1;
  1163  02C4  1707               	bsf	7,6	;volatile
  1164                           
  1165                           ;LE4-6.c: 44: delay(1);
  1166  02C5  3001               	movlw	1
  1167  02C6  00A0               	movwf	delay@ms
  1168  02C7  3000               	movlw	0
  1169  02C8  00A1               	movwf	delay@ms+1
  1170  02C9  120A  118A  225C   	fcall	_delay
  1171                           
  1172                           ;LE4-6.c: 45: RC6 = 0;
  1173  02CC  1283               	bcf	3,5	;RP0=0, select bank0
  1174  02CD  1303               	bcf	3,6	;RP1=0, select bank0
  1175  02CE  1307               	bcf	7,6	;volatile
  1176  02CF  0008               	return
  1177  02D0                     __end_of_instCtrl:	
  1178                           
  1179                           	psect	text8
  1180  025C                     __ptext8:	
  1181 ;; *************** function _delay *****************
  1182 ;; Defined at:
  1183 ;;		line 67 in file "Z:\CPE3201-Sevilla\PracticalActivities\PA4\LE4-6.c"
  1184 ;; Parameters:    Size  Location     Type
  1185 ;;  ms              2    0[BANK0 ] unsigned int 
  1186 ;; Auto vars:     Size  Location     Type
  1187 ;;  j               2    4[BANK0 ] unsigned int 
  1188 ;;  i               2    2[BANK0 ] unsigned int 
  1189 ;; Return value:  Size  Location     Type
  1190 ;;		None               void
  1191 ;; Registers used:
  1192 ;;		wreg, status,2
  1193 ;; Tracked objects:
  1194 ;;		On entry : 0/0
  1195 ;;		On exit  : 0/0
  1196 ;;		Unchanged: 0/0
  1197 ;; Data sizes:     COMMON   BANK0   BANK1   BANK3   BANK2
  1198 ;;      Params:         0       2       0       0       0
  1199 ;;      Locals:         0       4       0       0       0
  1200 ;;      Temps:          0       0       0       0       0
  1201 ;;      Totals:         0       6       0       0       0
  1202 ;;Total ram usage:        6 bytes
  1203 ;; Hardware stack levels used:    1
  1204 ;; Hardware stack levels required when called:    2
  1205 ;; This function calls:
  1206 ;;		Nothing
  1207 ;; This function is called by:
  1208 ;;		_instCtrl
  1209 ;;		_initLCD
  1210 ;;		_dataCtrl
  1211 ;;		_main
  1212 ;; This function uses a non-reentrant model
  1213 ;;
  1214                           
  1215                           
  1216                           ;psect for function _delay
  1217  025C                     _delay:	
  1218                           
  1219                           ;LE4-6.c: 68: unsigned int i, j;
  1220                           ;LE4-6.c: 69: for(i = 0; i < ms; i++){
  1221                           
  1222                           ;incstack = 0
  1223                           ; Regs used in _delay: [wreg+status,2]
  1224  025C  1283               	bcf	3,5	;RP0=0, select bank0
  1225  025D  1303               	bcf	3,6	;RP1=0, select bank0
  1226  025E  01A2               	clrf	delay@i
  1227  025F  01A3               	clrf	delay@i+1
  1228  0260                     l52:	
  1229  0260  0821               	movf	delay@ms+1,w
  1230  0261  0223               	subwf	delay@i+1,w
  1231  0262  1D03               	skipz
  1232  0263  2A66               	goto	u315
  1233  0264  0820               	movf	delay@ms,w
  1234  0265  0222               	subwf	delay@i,w
  1235  0266                     u315:	
  1236  0266  1803               	btfsc	3,0
  1237  0267  0008               	return
  1238                           
  1239                           ;LE4-6.c: 70: for(j = 0; j < 1000; j++);
  1240  0268  01A4               	clrf	delay@j
  1241  0269  01A5               	clrf	delay@j+1
  1242  026A  3003               	movlw	3
  1243  026B  0225               	subwf	delay@j+1,w
  1244  026C  30E8               	movlw	232
  1245  026D  1903               	skipnz
  1246  026E  0224               	subwf	delay@j,w
  1247  026F  1803               	btfsc	3,0
  1248  0270  2A7E               	goto	l733
  1249  0271                     l731:	
  1250  0271  3001               	movlw	1
  1251  0272  07A4               	addwf	delay@j,f
  1252  0273  1803               	skipnc
  1253  0274  0AA5               	incf	delay@j+1,f
  1254  0275  3000               	movlw	0
  1255  0276  07A5               	addwf	delay@j+1,f
  1256  0277  3003               	movlw	3
  1257  0278  0225               	subwf	delay@j+1,w
  1258  0279  30E8               	movlw	232
  1259  027A  1903               	skipnz
  1260  027B  0224               	subwf	delay@j,w
  1261  027C  1C03               	skipc
  1262  027D  2A71               	goto	l731
  1263  027E                     l733:	
  1264  027E  3001               	movlw	1
  1265  027F  07A2               	addwf	delay@i,f
  1266  0280  1803               	skipnc
  1267  0281  0AA3               	incf	delay@i+1,f
  1268  0282  3000               	movlw	0
  1269  0283  07A3               	addwf	delay@i+1,f
  1270  0284  2A60               	goto	l52
  1271  0285                     __end_of_delay:	
  1272                           
  1273                           	psect	text9
  1274  0231                     __ptext9:	
  1275 ;; *************** function _ISR *****************
  1276 ;; Defined at:
  1277 ;;		line 101 in file "Z:\CPE3201-Sevilla\PracticalActivities\PA4\LE4-6.c"
  1278 ;; Parameters:    Size  Location     Type
  1279 ;;		None
  1280 ;; Auto vars:     Size  Location     Type
  1281 ;;		None
  1282 ;; Return value:  Size  Location     Type
  1283 ;;		None               void
  1284 ;; Registers used:
  1285 ;;		wreg, status,2, status,0, pclath, cstack
  1286 ;; Tracked objects:
  1287 ;;		On entry : 0/0
  1288 ;;		On exit  : 0/0
  1289 ;;		Unchanged: 0/0
  1290 ;; Data sizes:     COMMON   BANK0   BANK1   BANK3   BANK2
  1291 ;;      Params:         0       0       0       0       0
  1292 ;;      Locals:         0       0       0       0       0
  1293 ;;      Temps:          4       0       0       0       0
  1294 ;;      Totals:         4       0       0       0       0
  1295 ;;Total ram usage:        4 bytes
  1296 ;; Hardware stack levels used:    1
  1297 ;; Hardware stack levels required when called:    1
  1298 ;; This function calls:
  1299 ;;		i1___lwdiv
  1300 ;; This function is called by:
  1301 ;;		Interrupt level 1
  1302 ;; This function uses a non-reentrant model
  1303 ;;
  1304                           
  1305                           
  1306                           ;psect for function _ISR
  1307  0231                     _ISR:	
  1308                           
  1309                           ;LE4-6.c: 103: GIE = 0;
  1310  0231  138B               	bcf	11,7	;volatile
  1311                           
  1312                           ;LE4-6.c: 104: if(CCP1IF==1)
  1313  0232  1D0C               	btfss	12,2	;volatile
  1314  0233  2A50               	goto	i1l871
  1315                           
  1316                           ;LE4-6.c: 105: {
  1317                           ;LE4-6.c: 106: CCP1IF = 0;
  1318  0234  110C               	bcf	12,2	;volatile
  1319                           
  1320                           ;LE4-6.c: 107: TMR1 = 0;
  1321  0235  018E               	clrf	14	;volatile
  1322  0236  018F               	clrf	15	;volatile
  1323                           
  1324                           ;LE4-6.c: 108: RA0 = RA0^1;
  1325  0237  3001               	movlw	1
  1326  0238  0685               	xorwf	5,f
  1327                           
  1328                           ;LE4-6.c: 111: period = CCPR1/125;
  1329  0239  307D               	movlw	125
  1330  023A  00F0               	movwf	i1___lwdiv@divisor
  1331  023B  3000               	movlw	0
  1332  023C  00F1               	movwf	i1___lwdiv@divisor+1
  1333  023D  0816               	movf	22,w	;volatile
  1334  023E  01F3               	clrf	i1___lwdiv@dividend+1
  1335  023F  07F3               	addwf	i1___lwdiv@dividend+1,f
  1336  0240  0815               	movf	21,w	;volatile
  1337  0241  01F2               	clrf	i1___lwdiv@dividend
  1338  0242  07F2               	addwf	i1___lwdiv@dividend,f
  1339  0243  120A  118A  2139  120A  118A  	fcall	i1___lwdiv
  1340  0248  0871               	movf	?i1___lwdiv+1,w
  1341  0249  1283               	bcf	3,5	;RP0=0, select bank0
  1342  024A  1303               	bcf	3,6	;RP1=0, select bank0
  1343  024B  01B5               	clrf	_period+1	;volatile
  1344  024C  07B5               	addwf	_period+1,f	;volatile
  1345  024D  0870               	movf	?i1___lwdiv,w
  1346  024E  01B4               	clrf	_period	;volatile
  1347  024F  07B4               	addwf	_period,f	;volatile
  1348  0250                     i1l871:	
  1349                           
  1350                           ;LE4-6.c: 114: }
  1351                           ;LE4-6.c: 115: GIE = 1;
  1352  0250  178B               	bsf	11,7	;volatile
  1353  0251  087B               	movf	??_ISR+3,w
  1354  0252  00FF               	movwf	127
  1355  0253  087A               	movf	??_ISR+2,w
  1356  0254  008A               	movwf	10
  1357  0255  0879               	movf	??_ISR+1,w
  1358  0256  0084               	movwf	4
  1359  0257  0E78               	swapf	??_ISR^(0+-128),w
  1360  0258  0083               	movwf	3
  1361  0259  0EFE               	swapf	126,f
  1362  025A  0E7E               	swapf	126,w
  1363  025B  0009               	retfie
  1364  025C                     __end_of_ISR:	
  1365                           
  1366                           	psect	intentry
  1367  0004                     __pintentry:	
  1368                           ;incstack = 0
  1369                           ; Regs used in _ISR: [wreg+status,2+status,0+pclath+cstack]
  1370                           
  1371  0004                     interrupt_function:	
  1372  007E                     saved_w	set	btemp
  1373  0004  00FE               	movwf	btemp
  1374  0005  0E03               	swapf	3,w
  1375  0006  00F8               	movwf	??_ISR
  1376  0007  0804               	movf	4,w
  1377  0008  00F9               	movwf	??_ISR+1
  1378  0009  080A               	movf	10,w
  1379  000A  00FA               	movwf	??_ISR+2
  1380  000B  1283               	bcf	3,5	;RP0=0, select bank0
  1381  000C  1303               	bcf	3,6	;RP1=0, select bank0
  1382  000D  087F               	movf	btemp+1,w
  1383  000E  00FB               	movwf	??_ISR+3
  1384  000F  120A  118A  2A31   	ljmp	_ISR
  1385                           
  1386                           	psect	text10
  1387  0139                     __ptext10:	
  1388 ;; *************** function i1___lwdiv *****************
  1389 ;; Defined at:
  1390 ;;		line 6 in file "C:\Program Files (x86)\Microchip\xc8\v1.33\sources\common\lwdiv.c"
  1391 ;; Parameters:    Size  Location     Type
  1392 ;;  divisor         2    0[COMMON] unsigned int 
  1393 ;;  dividend        2    2[COMMON] unsigned int 
  1394 ;; Auto vars:     Size  Location     Type
  1395 ;;  __lwdiv         2    5[COMMON] unsigned int 
  1396 ;;  __lwdiv         1    7[COMMON] unsigned char 
  1397 ;; Return value:  Size  Location     Type
  1398 ;;                  2    0[COMMON] unsigned int 
  1399 ;; Registers used:
  1400 ;;		wreg, status,2, status,0
  1401 ;; Tracked objects:
  1402 ;;		On entry : 0/0
  1403 ;;		On exit  : 0/0
  1404 ;;		Unchanged: 0/0
  1405 ;; Data sizes:     COMMON   BANK0   BANK1   BANK3   BANK2
  1406 ;;      Params:         4       0       0       0       0
  1407 ;;      Locals:         3       0       0       0       0
  1408 ;;      Temps:          1       0       0       0       0
  1409 ;;      Totals:         8       0       0       0       0
  1410 ;;Total ram usage:        8 bytes
  1411 ;; Hardware stack levels used:    1
  1412 ;; This function calls:
  1413 ;;		Nothing
  1414 ;; This function is called by:
  1415 ;;		_ISR
  1416 ;; This function uses a non-reentrant model
  1417 ;;
  1418                           
  1419                           
  1420                           ;psect for function i1___lwdiv
  1421  0139                     i1___lwdiv:	
  1422                           
  1423                           ;incstack = 0
  1424                           ; Regs used in i1___lwdiv: [wreg+status,2+status,0]
  1425  0139  01F5               	clrf	i1___lwdiv@quotient
  1426  013A  01F6               	clrf	i1___lwdiv@quotient+1
  1427  013B  0871               	movf	i1___lwdiv@divisor+1,w
  1428  013C  0470               	iorwf	i1___lwdiv@divisor,w
  1429  013D  1903               	skipnz
  1430  013E  2970               	goto	i1l857
  1431  013F  01F7               	clrf	i1___lwdiv@counter
  1432  0140  0AF7               	incf	i1___lwdiv@counter,f
  1433  0141                     i1l845:	
  1434  0141  1BF1               	btfsc	i1___lwdiv@divisor+1,7
  1435  0142  294F               	goto	i1l847
  1436  0143  3001               	movlw	1
  1437  0144                     u50_25:	
  1438  0144  1003               	clrc
  1439  0145  0DF0               	rlf	i1___lwdiv@divisor,f
  1440  0146  0DF1               	rlf	i1___lwdiv@divisor+1,f
  1441  0147  3EFF               	addlw	-1
  1442  0148  1D03               	skipz
  1443  0149  2944               	goto	u50_25
  1444  014A  3001               	movlw	1
  1445  014B  00F4               	movwf	??i1___lwdiv
  1446  014C  0874               	movf	??i1___lwdiv,w
  1447  014D  07F7               	addwf	i1___lwdiv@counter,f
  1448  014E  2941               	goto	i1l845
  1449  014F                     i1l847:	
  1450  014F  3001               	movlw	1
  1451  0150                     u52_25:	
  1452  0150  1003               	clrc
  1453  0151  0DF5               	rlf	i1___lwdiv@quotient,f
  1454  0152  0DF6               	rlf	i1___lwdiv@quotient+1,f
  1455  0153  3EFF               	addlw	-1
  1456  0154  1D03               	skipz
  1457  0155  2950               	goto	u52_25
  1458  0156  0871               	movf	i1___lwdiv@divisor+1,w
  1459  0157  0273               	subwf	i1___lwdiv@dividend+1,w
  1460  0158  1D03               	skipz
  1461  0159  295C               	goto	u53_25
  1462  015A  0870               	movf	i1___lwdiv@divisor,w
  1463  015B  0272               	subwf	i1___lwdiv@dividend,w
  1464  015C                     u53_25:	
  1465  015C  1C03               	skipc
  1466  015D  2965               	goto	i1l853
  1467  015E  0870               	movf	i1___lwdiv@divisor,w
  1468  015F  02F2               	subwf	i1___lwdiv@dividend,f
  1469  0160  0871               	movf	i1___lwdiv@divisor+1,w
  1470  0161  1C03               	skipc
  1471  0162  03F3               	decf	i1___lwdiv@dividend+1,f
  1472  0163  02F3               	subwf	i1___lwdiv@dividend+1,f
  1473  0164  1475               	bsf	i1___lwdiv@quotient,0
  1474  0165                     i1l853:	
  1475  0165  3001               	movlw	1
  1476  0166                     u54_25:	
  1477  0166  1003               	clrc
  1478  0167  0CF1               	rrf	i1___lwdiv@divisor+1,f
  1479  0168  0CF0               	rrf	i1___lwdiv@divisor,f
  1480  0169  3EFF               	addlw	-1
  1481  016A  1D03               	skipz
  1482  016B  2966               	goto	u54_25
  1483  016C  3001               	movlw	1
  1484  016D  02F7               	subwf	i1___lwdiv@counter,f
  1485  016E  1D03               	btfss	3,2
  1486  016F  294F               	goto	i1l847
  1487  0170                     i1l857:	
  1488  0170  0876               	movf	i1___lwdiv@quotient+1,w
  1489  0171  01F1               	clrf	?i1___lwdiv+1
  1490  0172  07F1               	addwf	?i1___lwdiv+1,f
  1491  0173  0875               	movf	i1___lwdiv@quotient,w
  1492  0174  01F0               	clrf	?i1___lwdiv
  1493  0175  07F0               	addwf	?i1___lwdiv,f
  1494  0176  0008               	return
  1495  0177                     __end_ofi1___lwdiv:	
  1496  007E                     btemp	set	126	;btemp
  1497  007E                     wtemp	set	126
  1498  007E                     wtemp0	set	126
  1499  0080                     wtemp1	set	128
  1500  0082                     wtemp2	set	130
  1501  0084                     wtemp3	set	132
  1502  0086                     wtemp4	set	134
  1503  0088                     wtemp5	set	136
  1504  007F                     wtemp6	set	127
  1505  007E                     ttemp	set	126
  1506  007E                     ttemp0	set	126
  1507  0081                     ttemp1	set	129
  1508  0084                     ttemp2	set	132
  1509  0087                     ttemp3	set	135
  1510  007F                     ttemp4	set	127
  1511  007E                     ltemp	set	126
  1512  007E                     ltemp0	set	126
  1513  0082                     ltemp1	set	130
  1514  0086                     ltemp2	set	134
  1515  0080                     ltemp3	set	128


Data Sizes:
    Strings     33
    Constant    0
    Data        0
    BSS         2
    Persistent  0
    Stack       0

Auto Spaces:
    Space          Size  Autos    Used
    COMMON           14     12      12
    BANK0            80     20      22
    BANK1            80      0       0
    BANK3            96      0       0
    BANK2            96      0       0

Pointer List with Targets:

    printString@str	PTR const unsigned char  size(2) Largest target is 21
		 -> STR_3(CODE[4]), STR_2(CODE[21]), STR_1(CODE[8]), printNumber@buffer(BANK0[6]), 


Critical Paths under _main in COMMON

    None.

Critical Paths under _ISR in COMMON

    _ISR->i1___lwdiv

Critical Paths under _main in BANK0

    _main->_printNumber
    _printNumber->_printString
    _printString->_dataCtrl
    _dataCtrl->_delay
    _initLCD->_instCtrl
    _instCtrl->_delay

Critical Paths under _ISR in BANK0

    None.

Critical Paths under _main in BANK1

    None.

Critical Paths under _ISR in BANK1

    None.

Critical Paths under _main in BANK3

    None.

Critical Paths under _ISR in BANK3

    None.

Critical Paths under _main in BANK2

    None.

Critical Paths under _ISR in BANK2

    None.

Call Graph Tables:

 ---------------------------------------------------------------------------------
 (Depth) Function   	        Calls       Base Space   Used Autos Params    Refs
 ---------------------------------------------------------------------------------
 (0) _main                                                 0     0      0    3680
                              _delay
                            _initLCD
                           _instCtrl
                        _printNumber
                        _printString
 ---------------------------------------------------------------------------------
 (1) _printNumber                                         11     9      2    1572
                                              9 BANK0     11     9      2
                            ___lwdiv
                            ___lwmod
                        _printString
 ---------------------------------------------------------------------------------
 (1) _printString                                          2     0      2     636
                                              7 BANK0      2     0      2
                           _dataCtrl
 ---------------------------------------------------------------------------------
 (2) _dataCtrl                                             1     1      0     379
                                              6 BANK0      1     1      0
                              _delay
 ---------------------------------------------------------------------------------
 (2) ___lwmod                                              6     2      4     265
                                              0 BANK0      6     2      4
 ---------------------------------------------------------------------------------
 (2) ___lwdiv                                              8     4      4     322
                                              0 BANK0      8     4      4
 ---------------------------------------------------------------------------------
 (1) _initLCD                                              0     0      0     736
                              _delay
                           _instCtrl
 ---------------------------------------------------------------------------------
 (1) _instCtrl                                             1     1      0     379
                                              6 BANK0      1     1      0
                              _delay
 ---------------------------------------------------------------------------------
 (3) _delay                                                6     4      2     357
                                              0 BANK0      6     4      2
 ---------------------------------------------------------------------------------
 Estimated maximum stack depth 3
 ---------------------------------------------------------------------------------
 (Depth) Function   	        Calls       Base Space   Used Autos Params    Refs
 ---------------------------------------------------------------------------------
 (5) _ISR                                                  4     4      0     214
                                              8 COMMON     4     4      0
                          i1___lwdiv
 ---------------------------------------------------------------------------------
 (6) i1___lwdiv                                            8     4      4     214
                                              0 COMMON     8     4      4
 ---------------------------------------------------------------------------------
 Estimated maximum stack depth 6
 ---------------------------------------------------------------------------------

 Call Graph Graphs:

 _main (ROOT)
   _delay
   _initLCD
     _delay
     _instCtrl
       _delay
   _instCtrl
     _delay
   _printNumber
     ___lwdiv
     ___lwmod
     _printString
       _dataCtrl
         _delay
   _printString
     _dataCtrl
       _delay

 _ISR (ROOT)
   i1___lwdiv

 Address spaces:
Name               Size   Autos  Total    Cost      Usage
BITCOMMON            E      0       0       0        0.0%
EEDATA             100      0       0       0        0.0%
NULL                 0      0       0       0        0.0%
CODE                 0      0       0       0        0.0%
COMMON               E      C       C       1       85.7%
BITSFR0              0      0       0       1        0.0%
SFR0                 0      0       0       1        0.0%
BITSFR1              0      0       0       2        0.0%
SFR1                 0      0       0       2        0.0%
STACK                0      0       0       2        0.0%
ABS                  0      0      22       3        0.0%
BITBANK0            50      0       0       4        0.0%
BITSFR3              0      0       0       4        0.0%
SFR3                 0      0       0       4        0.0%
BANK0               50     14      16       5       27.5%
BITSFR2              0      0       0       5        0.0%
SFR2                 0      0       0       5        0.0%
BITBANK1            50      0       0       6        0.0%
BANK1               50      0       0       7        0.0%
BITBANK3            60      0       0       8        0.0%
BANK3               60      0       0       9        0.0%
BITBANK2            60      0       0      10        0.0%
BANK2               60      0       0      11        0.0%
DATA                 0      0      22      12        0.0%


Microchip Technology PIC Macro Assembler V1.33 build 59893 
Symbol Table                                                                                   Mon Apr 06 10:46:21 2026

                      pc 0002              __CFG_CP$OFF 0000                       l52 0260  
                     fsr 0004                      l801 017F                      l731 0271  
                    l803 018D                      l811 01A6                      l733 027E  
                    l807 019B                      l825 003E                      l833 0086  
                    l765 0285                      l829 0077                      l785 0127  
                    l777 0103                      l779 0111                      l789 0132  
                    l895 00BE                      _GIE 005F                      _RA0 0028  
                    _RC5 003D                      _RC6 003E                      _RC7 003F  
                    u315 0266                      u415 0182                      u345 0106  
           __CFG_CPD$OFF 0000                      u435 0193                      _ISR 0231  
                    u365 0112                      u445 019C                      u375 011E  
                    u385 0128                      u485 0084                      fsr0 0004  
                    indf 0000             __CFG_FOSC$XT 0000             __CFG_LVP$OFF 0000  
                   ?_ISR 0070             printNumber@i 0032                     STR_1 0225  
                   STR_2 0210                     STR_3 022D                     _PEIE 005E  
                   _TMR1 000E             __CFG_WRT$OFF 0000                     _main 0091  
                   btemp 007E            __CFG_BOREN$ON 0000                     ltemp 007E  
                   start 0012                     ttemp 007E                     wtemp 007E  
                  ??_ISR 0078                    ?_main 0070                    _CCPR1 0015  
          __CFG_WDTE$OFF 0000                    _T1CON 0010          __end_of___lwdiv 0139  
        __end_of___lwmod 01AD                    i1l853 0165                    i1l845 0141  
                  i1l847 014F                    i1l871 0250                    i1l857 0170  
                  u50_25 0144                    _PORTB 0006                    u52_25 0150  
                  u53_25 015C                    u54_25 0166                    _TRISA 0085  
                  _TRISB 0086                    _TRISC 0087            __CFG_PWRTE$ON 0000  
        __end_of_initLCD 01E0                    _delay 025C                    pclath 000A  
                  ltemp0 007E                    ltemp1 0082                    ltemp2 0086  
                  ltemp3 0080                    ttemp0 007E                    ttemp1 0081  
                  ttemp2 0084                    ttemp3 0087                    ttemp4 007F  
                  status 0003                    wtemp0 007E                    wtemp1 0080  
                  wtemp2 0082                    wtemp3 0084                    wtemp4 0086  
                  wtemp5 0088                    wtemp6 007F       __size_ofi1___lwdiv 003E  
        __initialization 0015             __end_of_main 00F9                   ??_main 0034  
         printNumber@num 0029                   ?_delay 0020                   _ADCON1 009F  
                 _CCP1IE 0462                   _CCP1IF 0062                   _TMR1ON 0080  
       __end_of_dataCtrl 02BD                ??___lwdiv 0024                ??___lwmod 0024  
                 delay@i 0022                   delay@j 0024                   _period 0034  
       __end_of_instCtrl 02D0                ??_initLCD 0027           printString@str 0027  
      __end_ofi1___lwdiv 0177                   saved_w 007E             ?_printNumber 0029  
           ?_printString 0027  __end_of__initialization 0017              instCtrl@cmd 0026  
         __pcstackCOMMON 0070            __end_of_delay 0285                  ??_delay 0022  
             __pbssBANK0 0034        printNumber@buffer 002C               __pmaintext 0091  
             __pintentry 0004                  _CCP1CON 0017                ?_dataCtrl 0070  
             __stringtab 0200                ?_instCtrl 0070                  ___lwdiv 00F9  
                ___lwmod 0177                  __ptext1 001B                  __ptext2 0285  
                __ptext3 02AA                  __ptext4 0177                  __ptext5 00F9  
                __ptext6 01AD                  __ptext7 02BD                  __ptext8 025C  
                __ptext9 0231                  _initLCD 01AD             __size_of_ISR 002B  
      i1___lwdiv@divisor 0070               ??_dataCtrl 0026        i1___lwdiv@counter 0077  
                delay@ms 0020     end_of_initialization 0017     __size_of_printNumber 0076  
             ??_instCtrl 0026     __size_of_printString 0025                i1___lwdiv 0139  
    start_initialization 0015              __end_of_ISR 025C               ?i1___lwdiv 0070  
           dataCtrl@data 0026                ___latbits 0002            __pcstackBANK0 0020  
    __end_of__stringdata 0231        __size_of_dataCtrl 0013         ___lwdiv@dividend 0022  
      __size_of_instCtrl 0013                 ?___lwdiv 0020                 ?___lwmod 0020  
              __pstrings 0200                 ?_initLCD 0070         ___lwdiv@quotient 0025  
            ??i1___lwdiv 0074           __size_of_delay 0029        interrupt_function 0004  
            __stringbase 020F              __stringdata 0210            ??_printNumber 002B  
          ??_printString 0029         __size_of___lwdiv 0040         __size_of___lwmod 0036  
     __end_of__stringtab 0210                 _dataCtrl 02AA         __size_of_initLCD 0033  
        ___lwdiv@divisor 0020          ___lwdiv@counter 0027                 __ptext10 0139  
     i1___lwdiv@dividend 0072            __size_of_main 0068                 _instCtrl 02BD  
    __end_of_printNumber 0091      __end_of_printString 02AA       i1___lwdiv@quotient 0075  
               intlevel1 0000         ___lwmod@dividend 0022                stringcode 020A  
        ___lwmod@divisor 0020          ___lwmod@counter 0025                 stringdir 020A  
               stringtab 0200              _printNumber 001B              _printString 0285  
