Microchip MPLAB XC8 Compiler V1.33 ()

Linker command line:

--edf=C:\Program Files (x86)\Microchip\xc8\v1.33\dat\en_msgs.txt -cs \
  -h+PA4.sym --cmf=PA4.cmf -z -Q16F877A \
  -oC:\Users\CSSEVI~1\AppData\Local\Temp\sk90.6 -MPA4.map -E1 -ver=XC8 \
  -ASTACK=0110h-016fh -pstack=STACK -ACONST=00h-0FFhx32 -ACODE=00h-07FFhx4 \
  -ASTRCODE=00h-01FFFh -AENTRY=00h-0FFhx32 -ASTRING=00h-0FFhx32 \
  -ACOMMON=070h-07Fh -ABANK0=020h-06Fh -ABANK1=0A0h-0EFh \
  -ABANK2=0110h-016Fh -ABANK3=0190h-01EFh \
  -ARAM=020h-06Fh,0A0h-0EFh,0110h-016Fh,0190h-01EFh \
  -AABS1=020h-07Fh,0A0h-0EFh,0110h-016Fh,0190h-01EFh -ASFR0=00h-01Fh \
  -ASFR1=080h-09Fh -ASFR2=0100h-010Fh -ASFR3=0180h-018Fh \
  -preset_vec=00h,intentry=04h,init,end_init -ppowerup=CODE -pcinit=CODE \
  -pfunctab=CODE -ACONFIG=02007h-02007h -pconfig=CONFIG -DCONFIG=2 \
  -AIDLOC=02000h-02003h -pidloc=IDLOC -DIDLOC=2 -AEEDATA=00h-0FFh/02100h \
  -peeprom_data=EEDATA -DEEDATA=2 -DCODE=2 -DSTRCODE=2 -DSTRING=2 -DCONST=2 \
  -DENTRY=2 -k startup.obj PA4.obj 

Object code version is 3.11

Machine type is 16F877A



                Name                               Link     Load   Length Selector   Space Scale
startup.obj     end_init                             12       12        3        8       0
                reset_vec                             0        0        3        0       0
                config                             2007     2007        1     400E       0
PA4.obj         cinit                                15       15        6        8       0
                intentry                              4        4        E        8       0
                text11                              1C5      1C5       3E      38A       0
                text10                              203      203       3C      38A       0
                text9                               2A8      2A8       29      38A       0
                text8                               325      325       13      38A       0
                text7                               275      275       33      38A       0
                text6                               312      312       13      38A       0
                text5                               2D1      2D1       25      38A       0
                text4                               147      147       40        8       0
                text3                               23F      23F       36      38A       0
                text2                                1B       1B       C4        8       0
                text1                               2F6      2F6       1C      38A       0
                maintext                             DF       DF       68        8       0
                cstackBANK0                          20       20       30       20       1
                cstackCOMMON                         70       70        E       70       1
                bssBANK0                             50       50        2       20       1
                strings                             187      187       3E      30E       0

TOTAL           Name                               Link     Load   Length     Space
        CLASS   STACK          

        CLASS   CONST          

        CLASS   CODE           
                end_init                             12       12        3         0
                cinit                                15       15        6         0
                intentry                              4        4        E         0
                reset_vec                             0        0        3         0
                text11                              1C5      1C5       3E         0
                text10                              203      203       3C         0
                text9                               2A8      2A8       29         0
                text8                               325      325       13         0
                text7                               275      275       33         0
                text6                               312      312       13         0
                text5                               2D1      2D1       25         0
                text4                               147      147       40         0
                text3                               23F      23F       36         0
                text2                                1B       1B       C4         0
                text1                               2F6      2F6       1C         0
                maintext                             DF       DF       68         0

        CLASS   STRCODE        

        CLASS   ENTRY          

        CLASS   STRING         
                strings                             187      187       3E         0

        CLASS   COMMON         
                cstackCOMMON                         70       70        E         1

        CLASS   BANK0          
                cstackBANK0                          20       20       30         1
                bssBANK0                             50       50        2         1

        CLASS   BANK1          

        CLASS   BANK2          

        CLASS   BANK3          

        CLASS   RAM            

        CLASS   ABS1           
                abs_s1                               7E       7E        2         1

        CLASS   SFR0           

        CLASS   SFR1           

        CLASS   SFR2           

        CLASS   SFR3           

        CLASS   CONFIG         
                config                             2007     2007        1         0

        CLASS   IDLOC          

        CLASS   EEDATA         



SEGMENTS        Name                           Load    Length   Top    Selector   Space  Class     Delta

                reset_vec                      000000  000003  000003         0       0  CODE        2
                intentry                       000004  000183  000187         8       0  CODE        2
                cstackBANK0                    000020  000032  000052        20       1  BANK0       1
                cstackCOMMON                   000070  00000E  00007E        70       1  COMMON      1
                strings                        000187  00003E  0001C5       30E       0  STRING      2
                text11                         0001C5  000173  000338       38A       0  CODE        2
                config                         002007  000001  002008      400E       0  CONFIG      2


UNUSED ADDRESS RANGES

        Name                Unused          Largest block    Delta
        BANK0            0052-006F             1E           1
        BANK1            00A0-00EF             50           1
        BANK2            0110-016F             60           1
        BANK3            0190-01EF             60           1
        CODE             0003-0003              1           2
                         0338-1FFF            800
        CONST            0003-0003              1           2
                         0338-1FFF            100
        EEDATA           2100-21FF            100           2
        ENTRY            0003-0003              1           2
                         0338-1FFF            100
        IDLOC            2000-2003              4           2
        RAM              0052-006F             1E           1
                         00A0-00EF             50
                         0110-016F             60
                         0190-01EF             60
        SFR0             0000-001F             20           1
        SFR1             0080-009F             20           1
        SFR2             0100-010F             10           1
        SFR3             0180-018F             10           1
        STACK            0110-016F             60           1
        STRCODE          0003-0003              1           2
                         0338-1FFF           1CC8
        STRING           0003-0003              1           2
                         0338-1FFF            100

                                  Symbol Table

?___lwdiv                cstackBANK0  0020
?___lwmod                cstackBANK0  0028
?_sprintf                cstackBANK0  002E
?i1___lwdiv              cstackCOMMON 0070
_ADCON1                  (abs)        009F
_CCP1CON                 (abs)        0017
_CCP1IE                  (abs)        0462
_CCP1IF                  (abs)        0062
_CCPR1                   (abs)        0015
_GIE                     (abs)        005F
_ISR                     text10       0203
_PEIE                    (abs)        005E
_PORTB                   (abs)        0006
_RA0                     (abs)        0028
_RC5                     (abs)        003D
_RC6                     (abs)        003E
_RC7                     (abs)        003F
_T1CON                   (abs)        0010
_TMR1                    (abs)        000E
_TMR1ON                  (abs)        0080
_TRISA                   (abs)        0085
_TRISB                   (abs)        0086
_TRISC                   (abs)        0087
__CFG_BOREN$ON           (abs)        0000
__CFG_CP$OFF             (abs)        0000
__CFG_CPD$OFF            (abs)        0000
__CFG_FOSC$XT            (abs)        0000
__CFG_LVP$OFF            (abs)        0000
__CFG_PWRTE$ON           (abs)        0000
__CFG_WDTE$OFF           (abs)        0000
__CFG_WRT$OFF            (abs)        0000
__Habs1                  abs1         0000
__Hbank0                 bank0        0000
__Hbank1                 bank1        0000
__Hbank2                 bank2        0000
__Hbank3                 bank3        0000
__HbssBANK0              bssBANK0     0000
__Hcinit                 cinit        001B
__Hclrtext               clrtext      0000
__Hcode                  code         0000
__Hcommon                common       0000
__Hconfig                config       2008
__HcstackBANK0           cstackBANK0  0000
__HcstackCOMMON          cstackCOMMON 0000
__Heeprom_data           eeprom_data  0000
__Hend_init              end_init     0015
__Hfunctab               functab      0000
__Hidloc                 idloc        0000
__Hinit                  init         0012
__Hintentry              intentry     0012
__Hmaintext              maintext     0000
__Hpowerup               powerup      0000
__Hram                   ram          0000
__Hreset_vec             reset_vec    0003
__Hsfr0                  sfr0         0000
__Hsfr1                  sfr1         0000
__Hsfr2                  sfr2         0000
__Hsfr3                  sfr3         0000
__Hspace_0               (abs)        2008
__Hspace_1               (abs)        007E
__Hspace_2               (abs)        0000
__Hspace_3               (abs)        0000
__Hstack                 stack        0000
__Hstrings               strings      0000
__Htext                  text         0000
__Labs1                  abs1         0000
__Lbank0                 bank0        0000
__Lbank1                 bank1        0000
__Lbank2                 bank2        0000
__Lbank3                 bank3        0000
__LbssBANK0              bssBANK0     0000
__Lcinit                 cinit        0015
__Lclrtext               clrtext      0000
__Lcode                  code         0000
__Lcommon                common       0000
__Lconfig                config       2007
__LcstackBANK0           cstackBANK0  0000
__LcstackCOMMON          cstackCOMMON 0000
__Leeprom_data           eeprom_data  0000
__Lend_init              end_init     0012
__Lfunctab               functab      0000
__Lidloc                 idloc        0000
__Linit                  init         0012
__Lintentry              intentry     0004
__Lmaintext              maintext     0000
__Lpowerup               powerup      0000
__Lram                   ram          0000
__Lreset_vec             reset_vec    0000
__Lsfr0                  sfr0         0000
__Lsfr1                  sfr1         0000
__Lsfr2                  sfr2         0000
__Lsfr3                  sfr3         0000
__Lspace_0               (abs)        0000
__Lspace_1               (abs)        0000
__Lspace_2               (abs)        0000
__Lspace_3               (abs)        0000
__Lstack                 stack        0000
__Lstrings               strings      0000
__Ltext                  text         0000
__S0                     (abs)        2008
__S1                     (abs)        007E
__S2                     (abs)        0000
__S3                     (abs)        0000
___int_sp                stack        0000
___latbits               (abs)        0002
___lwdiv                 text4        0147
___lwdiv@counter         cstackBANK0  0027
___lwdiv@dividend        cstackBANK0  0022
___lwdiv@divisor         cstackBANK0  0020
___lwdiv@quotient        cstackBANK0  0025
___lwmod                 text3        023F
___lwmod@counter         cstackBANK0  002D
___lwmod@dividend        cstackBANK0  002A
___lwmod@divisor         cstackBANK0  0028
___sp                    stack        0000
__end_of_ISR             text10       023F
__end_of___lwdiv         text4        0187
__end_of___lwmod         text3        0275
__end_of__initialization cinit        0017
__end_of__stringdata     strings      01C5
__end_of__stringtab      strings      0197
__end_of_dataCtrl        text6        0325
__end_of_delay           text9        02D1
__end_of_dpowers         strings      01A1
__end_of_initLCD         text7        02A8
__end_of_instCtrl        text8        0338
__end_of_main            maintext     0147
__end_of_printNumber     text1        0312
__end_of_printString     text5        02F6
__end_of_sprintf         text2        00DF
__end_ofi1___lwdiv       text11       0203
__initialization         cinit        0015
__pbssBANK0              bssBANK0     0050
__pcstackBANK0           cstackBANK0  0020
__pcstackCOMMON          cstackCOMMON 0070
__pintentry              intentry     0004
__pmaintext              maintext     00DF
__pstrings               strings      0187
__ptext1                 text1        02F6
__ptext10                text10       0203
__ptext11                text11       01C5
__ptext2                 text2        001B
__ptext3                 text3        023F
__ptext4                 text4        0147
__ptext5                 text5        02D1
__ptext6                 text6        0312
__ptext7                 text7        0275
__ptext8                 text8        0325
__ptext9                 text9        02A8
__size_of_ISR            (abs)        0000
__size_of___lwdiv        (abs)        0000
__size_of___lwmod        (abs)        0000
__size_of_dataCtrl       (abs)        0000
__size_of_delay          (abs)        0000
__size_of_initLCD        (abs)        0000
__size_of_instCtrl       (abs)        0000
__size_of_main           (abs)        0000
__size_of_printNumber    (abs)        0000
__size_of_printString    (abs)        0000
__size_of_sprintf        (abs)        0000
__size_ofi1___lwdiv      (abs)        0000
__stringbase             strings      0196
__stringdata             strings      01A1
__stringtab              strings      0187
_dataCtrl                text6        0312
_delay                   text9        02A8
_dpowers                 strings      0197
_initLCD                 text7        0275
_instCtrl                text8        0325
_main                    maintext     00DF
_period                  bssBANK0     0050
_printNumber             text1        02F6
_printString             text5        02D1
_sprintf                 text2        001B
btemp                    (abs)        007E
dataCtrl@data            cstackBANK0  0026
delay@i                  cstackBANK0  0022
delay@j                  cstackBANK0  0024
delay@ms                 cstackBANK0  0020
end_of_initialization    cinit        0017
i1___lwdiv               text11       01C5
i1___lwdiv@counter       cstackCOMMON 0077
i1___lwdiv@dividend      cstackCOMMON 0072
i1___lwdiv@divisor       cstackCOMMON 0070
i1___lwdiv@quotient      cstackCOMMON 0075
instCtrl@cmd             cstackBANK0  0026
interrupt_function       intentry     0004
intlevel0                functab      0000
intlevel1                functab      0000
intlevel2                functab      0000
intlevel3                functab      0000
intlevel4                functab      0000
intlevel5                functab      0000
ltemp                    (abs)        007E
ltemp0                   (abs)        007E
ltemp1                   (abs)        0082
ltemp2                   (abs)        0086
ltemp3                   (abs)        0080
printNumber@buffer       cstackBANK0  0040
printNumber@num          cstackBANK0  003D
printString@str          cstackBANK0  0027
reset_vec                reset_vec    0000
saved_w                  (abs)        007E
sprintf@_val             cstackBANK0  0036
sprintf@ap               cstackBANK0  0035
sprintf@c                cstackBANK0  003C
sprintf@f                cstackBANK0  002E
sprintf@flag             cstackBANK0  0034
sprintf@prec             cstackBANK0  003A
sprintf@sp               cstackBANK0  003B
stackhi                  (abs)        0000
stacklo                  (abs)        0000
start                    init         0012
start_initialization     cinit        0015
ttemp                    (abs)        007E
ttemp0                   (abs)        007E
ttemp1                   (abs)        0081
ttemp2                   (abs)        0084
ttemp3                   (abs)        0087
ttemp4                   (abs)        007F
wtemp                    (abs)        007E
wtemp0                   (abs)        007E
wtemp1                   (abs)        0080
wtemp2                   (abs)        0082
wtemp3                   (abs)        0084
wtemp4                   (abs)        0086
wtemp5                   (abs)        0088
wtemp6                   (abs)        007F


FUNCTION INFORMATION:

 *************** function _main *****************
 Defined at:
		line 103 in file "Z:\CPE3201-Sevilla\PracticalActivities\PA4\LE4-6.c"
 Parameters:    Size  Location     Type
		None
 Auto vars:     Size  Location     Type
		None
 Return value:  Size  Location     Type
		None               void
 Registers used:
		wreg, fsr0l, fsr0h, status,2, status,0, btemp+1, pclath, cstack
 Tracked objects:
		On entry : 
		On exit  : 
		Unchanged: 
 Data sizes:     COMMON   BANK0   BANK1   BANK3   BANK2
      Params:         0       0       0       0       0
      Locals:         0       0       0       0       0
      Temps:          0       0       0       0       0
      Totals:         0       0       0       0       0
Total ram usage:        0 bytes
 Hardware stack levels required when called:    6
 This function calls:
		_delay
		_initLCD
		_instCtrl
		_printNumber
		_printString
 This function is called by:
		Startup code after reset
 This function uses a non-reentrant model


 *************** function _printNumber *****************
 Defined at:
		line 80 in file "Z:\CPE3201-Sevilla\PracticalActivities\PA4\LE4-6.c"
 Parameters:    Size  Location     Type
  num             2   29[BANK0 ] unsigned int 
 Auto vars:     Size  Location     Type
  buffer         16   32[BANK0 ] unsigned char [16]
 Return value:  Size  Location     Type
		None               void
 Registers used:
		wreg, fsr0l, fsr0h, status,2, status,0, btemp+1, pclath, cstack
 Tracked objects:
		On entry : 
		On exit  : 
		Unchanged: 
 Data sizes:     COMMON   BANK0   BANK1   BANK3   BANK2
      Params:         0       2       0       0       0
      Locals:         0      16       0       0       0
      Temps:          0       1       0       0       0
      Totals:         0      19       0       0       0
Total ram usage:       19 bytes
 Hardware stack levels used:    1
 Hardware stack levels required when called:    5
 This function calls:
		_printString
		_sprintf
 This function is called by:
		_main
 This function uses a non-reentrant model


 *************** function _sprintf *****************
 Defined at:
		line 492 in file "C:\Program Files (x86)\Microchip\xc8\v1.33\sources\common\doprnt.c"
 Parameters:    Size  Location     Type
  sp              1    wreg     PTR unsigned char 
		 -> printNumber@buffer(16), 
  f               1   14[BANK0 ] PTR const unsigned char 
		 -> STR_1(3), 
 Auto vars:     Size  Location     Type
  sp              1   27[BANK0 ] PTR unsigned char 
		 -> printNumber@buffer(16), 
  _val            4   22[BANK0 ] struct .
  c               1   28[BANK0 ] char 
  prec            1   26[BANK0 ] char 
  ap              1   21[BANK0 ] PTR void [1]
		 -> ?_sprintf(2), 
  flag            1   20[BANK0 ] unsigned char 
 Return value:  Size  Location     Type
                  2   14[BANK0 ] int 
 Registers used:
		wreg, fsr0l, fsr0h, status,2, status,0, btemp+1, pclath, cstack
 Tracked objects:
		On entry : 
		On exit  : 
		Unchanged: 
 Data sizes:     COMMON   BANK0   BANK1   BANK3   BANK2
      Params:         0       3       0       0       0
      Locals:         0       9       0       0       0
      Temps:          0       3       0       0       0
      Totals:         0      15       0       0       0
Total ram usage:       15 bytes
 Hardware stack levels used:    1
 Hardware stack levels required when called:    3
 This function calls:
		___lwdiv
		___lwmod
 This function is called by:
		_printNumber
 This function uses a non-reentrant model


 *************** function ___lwmod *****************
 Defined at:
		line 6 in file "C:\Program Files (x86)\Microchip\xc8\v1.33\sources\common\lwmod.c"
 Parameters:    Size  Location     Type
  divisor         2    8[BANK0 ] unsigned int 
  dividend        2   10[BANK0 ] unsigned int 
 Auto vars:     Size  Location     Type
  counter         1   13[BANK0 ] unsigned char 
 Return value:  Size  Location     Type
                  2    8[BANK0 ] unsigned int 
 Registers used:
		wreg, status,2, status,0
 Tracked objects:
		On entry : 
		On exit  : 
		Unchanged: 
 Data sizes:     COMMON   BANK0   BANK1   BANK3   BANK2
      Params:         0       4       0       0       0
      Locals:         0       1       0       0       0
      Temps:          0       1       0       0       0
      Totals:         0       6       0       0       0
Total ram usage:        6 bytes
 Hardware stack levels used:    1
 Hardware stack levels required when called:    2
 This function calls:
		Nothing
 This function is called by:
		_sprintf
 This function uses a non-reentrant model


 *************** function ___lwdiv *****************
 Defined at:
		line 6 in file "C:\Program Files (x86)\Microchip\xc8\v1.33\sources\common\lwdiv.c"
 Parameters:    Size  Location     Type
  divisor         2    0[BANK0 ] unsigned int 
  dividend        2    2[BANK0 ] unsigned int 
 Auto vars:     Size  Location     Type
  quotient        2    5[BANK0 ] unsigned int 
  counter         1    7[BANK0 ] unsigned char 
 Return value:  Size  Location     Type
                  2    0[BANK0 ] unsigned int 
 Registers used:
		wreg, status,2, status,0
 Tracked objects:
		On entry : 
		On exit  : 
		Unchanged: 
 Data sizes:     COMMON   BANK0   BANK1   BANK3   BANK2
      Params:         0       4       0       0       0
      Locals:         0       3       0       0       0
      Temps:          0       1       0       0       0
      Totals:         0       8       0       0       0
Total ram usage:        8 bytes
 Hardware stack levels used:    1
 Hardware stack levels required when called:    2
 This function calls:
		Nothing
 This function is called by:
		_sprintf
 This function uses a non-reentrant model


 *************** function _printString *****************
 Defined at:
		line 74 in file "Z:\CPE3201-Sevilla\PracticalActivities\PA4\LE4-6.c"
 Parameters:    Size  Location     Type
  str             2    7[BANK0 ] PTR const unsigned char 
		 -> STR_4(4), STR_3(21), STR_2(8), printNumber@buffer(16), 
 Auto vars:     Size  Location     Type
		None
 Return value:  Size  Location     Type
		None               void
 Registers used:
		wreg, fsr0l, fsr0h, status,2, status,0, btemp+1, pclath, cstack
 Tracked objects:
		On entry : 
		On exit  : 
		Unchanged: 
 Data sizes:     COMMON   BANK0   BANK1   BANK3   BANK2
      Params:         0       2       0       0       0
      Locals:         0       0       0       0       0
      Temps:          0       0       0       0       0
      Totals:         0       2       0       0       0
Total ram usage:        2 bytes
 Hardware stack levels used:    1
 Hardware stack levels required when called:    4
 This function calls:
		_dataCtrl
 This function is called by:
		_printNumber
		_main
 This function uses a non-reentrant model


 *************** function _dataCtrl *****************
 Defined at:
		line 58 in file "Z:\CPE3201-Sevilla\PracticalActivities\PA4\LE4-6.c"
 Parameters:    Size  Location     Type
  data            1    wreg     unsigned char 
 Auto vars:     Size  Location     Type
  data            1    6[BANK0 ] unsigned char 
 Return value:  Size  Location     Type
		None               void
 Registers used:
		wreg, status,2, status,0, pclath, cstack
 Tracked objects:
		On entry : 
		On exit  : 
		Unchanged: 
 Data sizes:     COMMON   BANK0   BANK1   BANK3   BANK2
      Params:         0       0       0       0       0
      Locals:         0       1       0       0       0
      Temps:          0       0       0       0       0
      Totals:         0       1       0       0       0
Total ram usage:        1 bytes
 Hardware stack levels used:    1
 Hardware stack levels required when called:    3
 This function calls:
		_delay
 This function is called by:
		_printString
 This function uses a non-reentrant model


 *************** function _initLCD *****************
 Defined at:
		line 48 in file "Z:\CPE3201-Sevilla\PracticalActivities\PA4\LE4-6.c"
 Parameters:    Size  Location     Type
		None
 Auto vars:     Size  Location     Type
		None
 Return value:  Size  Location     Type
		None               void
 Registers used:
		wreg, status,2, status,0, pclath, cstack
 Tracked objects:
		On entry : 
		On exit  : 
		Unchanged: 
 Data sizes:     COMMON   BANK0   BANK1   BANK3   BANK2
      Params:         0       0       0       0       0
      Locals:         0       0       0       0       0
      Temps:          0       0       0       0       0
      Totals:         0       0       0       0       0
Total ram usage:        0 bytes
 Hardware stack levels used:    1
 Hardware stack levels required when called:    4
 This function calls:
		_delay
		_instCtrl
 This function is called by:
		_main
 This function uses a non-reentrant model


 *************** function _instCtrl *****************
 Defined at:
		line 39 in file "Z:\CPE3201-Sevilla\PracticalActivities\PA4\LE4-6.c"
 Parameters:    Size  Location     Type
  cmd             1    wreg     unsigned char 
 Auto vars:     Size  Location     Type
  cmd             1    6[BANK0 ] unsigned char 
 Return value:  Size  Location     Type
		None               void
 Registers used:
		wreg, status,2, status,0, pclath, cstack
 Tracked objects:
		On entry : 
		On exit  : 
		Unchanged: 
 Data sizes:     COMMON   BANK0   BANK1   BANK3   BANK2
      Params:         0       0       0       0       0
      Locals:         0       1       0       0       0
      Temps:          0       0       0       0       0
      Totals:         0       1       0       0       0
Total ram usage:        1 bytes
 Hardware stack levels used:    1
 Hardware stack levels required when called:    3
 This function calls:
		_delay
 This function is called by:
		_initLCD
		_main
 This function uses a non-reentrant model


 *************** function _delay *****************
 Defined at:
		line 67 in file "Z:\CPE3201-Sevilla\PracticalActivities\PA4\LE4-6.c"
 Parameters:    Size  Location     Type
  ms              2    0[BANK0 ] unsigned int 
 Auto vars:     Size  Location     Type
  j               2    4[BANK0 ] unsigned int 
  i               2    2[BANK0 ] unsigned int 
 Return value:  Size  Location     Type
		None               void
 Registers used:
		wreg, status,2
 Tracked objects:
		On entry : 
		On exit  : 
		Unchanged: 
 Data sizes:     COMMON   BANK0   BANK1   BANK3   BANK2
      Params:         0       2       0       0       0
      Locals:         0       4       0       0       0
      Temps:          0       0       0       0       0
      Totals:         0       6       0       0       0
Total ram usage:        6 bytes
 Hardware stack levels used:    1
 Hardware stack levels required when called:    2
 This function calls:
		Nothing
 This function is called by:
		_instCtrl
		_initLCD
		_dataCtrl
		_main
 This function uses a non-reentrant model


 *************** function _ISR *****************
 Defined at:
		line 87 in file "Z:\CPE3201-Sevilla\PracticalActivities\PA4\LE4-6.c"
 Parameters:    Size  Location     Type
		None
 Auto vars:     Size  Location     Type
		None
 Return value:  Size  Location     Type
		None               void
 Registers used:
		wreg, status,2, status,0, pclath, cstack
 Tracked objects:
		On entry : 
		On exit  : 
		Unchanged: 
 Data sizes:     COMMON   BANK0   BANK1   BANK3   BANK2
      Params:         0       0       0       0       0
      Locals:         0       0       0       0       0
      Temps:          6       0       0       0       0
      Totals:         6       0       0       0       0
Total ram usage:        6 bytes
 Hardware stack levels used:    1
 Hardware stack levels required when called:    1
 This function calls:
		i1___lwdiv
 This function is called by:
		Interrupt level 1
 This function uses a non-reentrant model


 *************** function i1___lwdiv *****************
 Defined at:
		line 6 in file "C:\Program Files (x86)\Microchip\xc8\v1.33\sources\common\lwdiv.c"
 Parameters:    Size  Location     Type
  divisor         2    0[COMMON] unsigned int 
  dividend        2    2[COMMON] unsigned int 
 Auto vars:     Size  Location     Type
  __lwdiv         2    5[COMMON] unsigned int 
  __lwdiv         1    7[COMMON] unsigned char 
 Return value:  Size  Location     Type
                  2    0[COMMON] unsigned int 
 Registers used:
		wreg, status,2, status,0
 Tracked objects:
		On entry : 
		On exit  : 
		Unchanged: 
 Data sizes:     COMMON   BANK0   BANK1   BANK3   BANK2
      Params:         4       0       0       0       0
      Locals:         3       0       0       0       0
      Temps:          1       0       0       0       0
      Totals:         8       0       0       0       0
Total ram usage:        8 bytes
 Hardware stack levels used:    1
 This function calls:
		Nothing
 This function is called by:
		_ISR
 This function uses a non-reentrant model



MODULE INFORMATION

Module		Function		Class		Link	Load	Size
C:\Program Files (x86)\Microchip\xc8\v1.33\sources\common\doprnt.c
		_sprintf       		CODE           	001B	0000	196

C:\Program Files (x86)\Microchip\xc8\v1.33\sources\common\doprnt.c estimated size: 196

Z:\CPE3201-Sevilla\PracticalActivities\PA4\LE4-6.c
		_printNumber   		CODE           	02F6	0000	28
		_printString   		CODE           	02D1	0000	37
		_delay         		CODE           	02A8	0000	41
		_ISR           		CODE           	0203	0000	60
		_main          		CODE           	00DF	0000	104
		_instCtrl      		CODE           	0325	0000	19
		_dataCtrl      		CODE           	0312	0000	19
		_initLCD       		CODE           	0275	0000	51

Z:\CPE3201-Sevilla\PracticalActivities\PA4\LE4-6.c estimated size: 359

C:\Program Files (x86)\Microchip\xc8\v1.33\sources\common\lwmod.c
		___lwmod       		CODE           	023F	0000	54

C:\Program Files (x86)\Microchip\xc8\v1.33\sources\common\lwmod.c estimated size: 54

C:\Program Files (x86)\Microchip\xc8\v1.33\sources\common\lwdiv.c
		___lwdiv       		CODE           	0147	0000	64

C:\Program Files (x86)\Microchip\xc8\v1.33\sources\common\lwdiv.c estimated size: 64

shared
		__stringtab    		STRING         	0187	0000	16
		__stringdata   		STRING         	01A1	0000	36
		i1___lwdiv     		CODE           	01C5	0000	62
		_dpowers       		STRING         	0197	0000	10
		__initializatio		CODE           	0015	0000	2

shared estimated size: 126

