

Microchip Technology PIC LITE Macro Assembler V1.33 build 59893 
                                                                                               Wed Mar 18 10:35:34 2026

Microchip Technology Omniscient Code Generator (Lite mode) build 59893
     1                           	processor	16F877A
     2                           	opt	pw 120
     3                           	opt	lm
     4                           	psect	strings,global,class=STRING,delta=2
     5                           	psect	cinit,global,class=CODE,merge=1,delta=2
     6                           	psect	bitbssCOMMON,global,bit,class=COMMON,space=1,delta=1
     7                           	psect	bssBANK0,global,class=BANK0,space=1,delta=1
     8                           	psect	cstackCOMMON,global,class=COMMON,space=1,delta=1
     9                           	psect	cstackBANK0,global,class=BANK0,space=1,delta=1
    10                           	psect	maintext,global,class=CODE,split=1,delta=2
    11                           	psect	text1,local,class=CODE,merge=1,delta=2
    12                           	psect	text2,local,class=CODE,merge=1,delta=2
    13                           	psect	text3,local,class=CODE,merge=1,delta=2
    14                           	psect	text4,local,class=CODE,merge=1,delta=2
    15                           	psect	text5,local,class=CODE,merge=1,delta=2
    16                           	psect	intentry,global,class=CODE,delta=2
    17                           	dabs	1,0x7E,2
    18  0000                     	;# 
    19  0001                     	;# 
    20  0002                     	;# 
    21  0003                     	;# 
    22  0004                     	;# 
    23  0005                     	;# 
    24  0006                     	;# 
    25  0007                     	;# 
    26  0008                     	;# 
    27  0009                     	;# 
    28  000A                     	;# 
    29  000B                     	;# 
    30  000C                     	;# 
    31  000D                     	;# 
    32  000E                     	;# 
    33  000E                     	;# 
    34  000F                     	;# 
    35  0010                     	;# 
    36  0011                     	;# 
    37  0012                     	;# 
    38  0013                     	;# 
    39  0014                     	;# 
    40  0015                     	;# 
    41  0015                     	;# 
    42  0016                     	;# 
    43  0017                     	;# 
    44  0018                     	;# 
    45  0019                     	;# 
    46  001A                     	;# 
    47  001B                     	;# 
    48  001B                     	;# 
    49  001C                     	;# 
    50  001D                     	;# 
    51  001E                     	;# 
    52  001F                     	;# 
    53  0081                     	;# 
    54  0085                     	;# 
    55  0086                     	;# 
    56  0087                     	;# 
    57  0088                     	;# 
    58  0089                     	;# 
    59  008C                     	;# 
    60  008D                     	;# 
    61  008E                     	;# 
    62  0091                     	;# 
    63  0092                     	;# 
    64  0093                     	;# 
    65  0094                     	;# 
    66  0098                     	;# 
    67  0099                     	;# 
    68  009C                     	;# 
    69  009D                     	;# 
    70  009E                     	;# 
    71  009F                     	;# 
    72  010C                     	;# 
    73  010D                     	;# 
    74  010E                     	;# 
    75  010F                     	;# 
    76  018C                     	;# 
    77  018D                     	;# 
    78                           
    79                           	psect	strings
    80  0183                     __pstrings:	
    81  0183                     stringtab:	
    82  0183                     __stringtab:	
    83  0183                     stringcode:	
    84                           ;	String table - string pointers are 1 byte each
    85                           
    86  0183                     stringdir:	
    87  0183  3001               	movlw	high stringdir
    88  0184  008A               	movwf	10
    89  0185  0804               	movf	4,w
    90  0186  0A84               	incf	4,f
    91  0187  0782               	addwf	2,f
    92  0188                     __stringbase:	
    93  0188  3400               	retlw	0
    94  0189                     __end_of__stringtab:	
    95  0189                     _keypad:	
    96  0189  3431               	retlw	49
    97  018A  3432               	retlw	50
    98  018B  3433               	retlw	51
    99  018C  3420               	retlw	32
   100  018D  3434               	retlw	52
   101  018E  3435               	retlw	53
   102  018F  3436               	retlw	54
   103  0190  3420               	retlw	32
   104  0191  3437               	retlw	55
   105  0192  3438               	retlw	56
   106  0193  3439               	retlw	57
   107  0194  3420               	retlw	32
   108  0195  342A               	retlw	42
   109  0196  3430               	retlw	48
   110  0197  3423               	retlw	35
   111  0198  3420               	retlw	32
   112  0199  3400               	retlw	0
   113  019A                     __end_of_keypad:	
   114  0007                     _PORTC	set	7
   115  0008                     _PORTD	set	8
   116  0001                     _TMR0	set	1
   117  005F                     _GIE	set	95
   118  005C                     _INTE	set	92
   119  0059                     _INTF	set	89
   120  0035                     _RB5	set	53
   121  0036                     _RB6	set	54
   122  0037                     _RB7	set	55
   123  0044                     _RD4	set	68
   124  005D                     _TMR0IE	set	93
   125  005A                     _TMR0IF	set	90
   126  0081                     _OPTION_REG	set	129
   127  0086                     _TRISB	set	134
   128  0087                     _TRISC	set	135
   129  0088                     _TRISD	set	136
   130                           
   131                           ; #config settings
   132  0000                     
   133                           	psect	cinit
   134  0015                     start_initialization:	
   135  0015                     __initialization:	
   136                           
   137                           ; Clear objects allocated to BITCOMMON
   138  0015  01F9               	clrf	(__pbitbssCOMMON/(0+8))& (0+127)
   139                           
   140                           ; Clear objects allocated to BANK0
   141  0016  01A4               	clrf	__pbssBANK0& (0+127)
   142  0017                     end_of_initialization:	
   143                           ;End of C runtime variable initialization code
   144                           
   145  0017                     __end_of__initialization:	
   146  0017  0183               	clrf	3
   147  0018  120A  118A  281B   	ljmp	_main	;jump to C main() function
   148                           
   149                           	psect	bitbssCOMMON
   150  03C8                     __pbitbssCOMMON:	
   151  03C8                     _myINTF:	
   152  03C8                     	ds	1
   153  03C9                     _myTMR0IF:	
   154  03C9                     	ds	1
   155                           
   156                           	psect	bssBANK0
   157  0024                     __pbssBANK0:	
   158  0024                     _counter:	
   159  0024                     	ds	1
   160                           
   161                           	psect	cstackCOMMON
   162  0070                     __pcstackCOMMON:	
   163  0070                     ?_instCtrl:	
   164  0070                     ?_initLCD:	
   165                           ; 0 bytes @ 0x0
   166                           
   167  0070                     ?_dataCtrl:	
   168                           ; 0 bytes @ 0x0
   169                           
   170  0070                     ?_ISR:	
   171                           ; 0 bytes @ 0x0
   172                           
   173  0070                     ??_ISR:	
   174                           ; 0 bytes @ 0x0
   175                           
   176  0070                     ?_main:	
   177                           ; 0 bytes @ 0x0
   178                           
   179                           
   180                           ; 2 bytes @ 0x0
   181  0070                     	ds	4
   182  0074                     ?_delay:	
   183  0074                     delay@ms:	
   184                           ; 0 bytes @ 0x4
   185                           
   186                           
   187                           ; 2 bytes @ 0x4
   188  0074                     	ds	2
   189  0076                     ??_delay:	
   190  0076                     ??_instCtrl:	
   191                           ; 0 bytes @ 0x6
   192                           
   193  0076                     ??_dataCtrl:	
   194                           ; 0 bytes @ 0x6
   195                           
   196  0076                     instCtrl@cmd:	
   197                           ; 0 bytes @ 0x6
   198                           
   199  0076                     dataCtrl@data:	
   200                           ; 1 bytes @ 0x6
   201                           
   202                           
   203                           ; 1 bytes @ 0x6
   204  0076                     	ds	1
   205  0077                     ??_initLCD:	
   206  0077                     ??_main:	
   207                           ; 0 bytes @ 0x7
   208                           
   209                           
   210                           ; 0 bytes @ 0x7
   211  0077                     	ds	1
   212  0078                     main@key:	
   213                           
   214                           ; 1 bytes @ 0x8
   215  0078                     	ds	1
   216                           
   217                           	psect	cstackBANK0
   218  0020                     __pcstackBANK0:	
   219  0020                     delay@i:	
   220                           
   221                           ; 2 bytes @ 0x0
   222  0020                     	ds	2
   223  0022                     delay@j:	
   224                           
   225                           ; 2 bytes @ 0x2
   226  0022                     	ds	2
   227                           
   228                           	psect	maintext
   229  001B                     __pmaintext:	
   230 ;;
   231 ;;Main: autosize = 0, tempsize = 1, incstack = 0, save=0
   232 ;;
   233 ;; *************** function _main *****************
   234 ;; Defined at:
   235 ;;		line 111 in file "Z:\CPE3201-Sevilla\PreMidterm\PreMidterm.c"
   236 ;; Parameters:    Size  Location     Type
   237 ;;		None
   238 ;; Auto vars:     Size  Location     Type
   239 ;;  key             1    8[COMMON] unsigned char 
   240 ;; Return value:  Size  Location     Type
   241 ;;                  2   73[COMMON] int 
   242 ;; Registers used:
   243 ;;		wreg, fsr0l, fsr0h, status,2, status,0, pclath, cstack
   244 ;; Tracked objects:
   245 ;;		On entry : 17F/0
   246 ;;		On exit  : 0/0
   247 ;;		Unchanged: 0/0
   248 ;; Data sizes:     COMMON   BANK0   BANK1   BANK3   BANK2
   249 ;;      Params:         0       0       0       0       0
   250 ;;      Locals:         1       0       0       0       0
   251 ;;      Temps:          1       0       0       0       0
   252 ;;      Totals:         2       0       0       0       0
   253 ;;Total ram usage:        2 bytes
   254 ;; Hardware stack levels required when called:    4
   255 ;; This function calls:
   256 ;;		_dataCtrl
   257 ;;		_delay
   258 ;;		_initLCD
   259 ;;		_instCtrl
   260 ;; This function is called by:
   261 ;;		Startup code after reset
   262 ;; This function uses a non-reentrant model
   263 ;;
   264                           
   265                           
   266                           ;psect for function _main
   267  001B                     _main:	
   268                           
   269                           ;PreMidterm.c: 113: TRISB = 0x0F;
   270                           
   271                           ;incstack = 0
   272                           ; Regs used in _main: [wreg-fsr0h+status,2+status,0+pclath+cstack]
   273  001B  300F               	movlw	15
   274  001C  1683               	bsf	3,5	;RP0=1, select bank1
   275  001D  1303               	bcf	3,6	;RP1=0, select bank1
   276  001E  0086               	movwf	6	;volatile
   277                           
   278                           ;PreMidterm.c: 114: TRISC = 0x00;
   279  001F  0187               	clrf	7	;volatile
   280                           
   281                           ;PreMidterm.c: 115: TRISD = 0xFF;
   282  0020  30FF               	movlw	255
   283  0021  0088               	movwf	8	;volatile
   284                           
   285                           ;PreMidterm.c: 118: OPTION_REG = 0xC4;
   286  0022  30C4               	movlw	196
   287  0023  0081               	movwf	1	;volatile
   288                           
   289                           ;PreMidterm.c: 120: INTF = 0;
   290  0024  108B               	bcf	11,1	;volatile
   291                           
   292                           ;PreMidterm.c: 121: INTE = 1;
   293  0025  160B               	bsf	11,4	;volatile
   294                           
   295                           ;PreMidterm.c: 122: TMR0 = 0;
   296  0026  1283               	bcf	3,5	;RP0=0, select bank0
   297  0027  1303               	bcf	3,6	;RP1=0, select bank0
   298  0028  0181               	clrf	1	;volatile
   299                           
   300                           ;PreMidterm.c: 123: TMR0IE = 1;
   301  0029  168B               	bsf	11,5	;volatile
   302                           
   303                           ;PreMidterm.c: 124: GIE = 1;
   304  002A  178B               	bsf	11,7	;volatile
   305                           
   306                           ;PreMidterm.c: 126: initLCD();
   307  002B  120A  118A  215D  120A  118A  	fcall	_initLCD
   308  0030                     l914:	
   309                           ;PreMidterm.c: 129: while(1){
   310                           
   311                           
   312                           ;PreMidterm.c: 130: unsigned char key = PORTD & 0x0F;
   313  0030  1283               	bcf	3,5	;RP0=0, select bank0
   314  0031  1303               	bcf	3,6	;RP1=0, select bank0
   315  0032  0808               	movf	8,w	;volatile
   316  0033  390F               	andlw	15
   317  0034  00F7               	movwf	??_main
   318  0035  0877               	movf	??_main,w
   319  0036  00F8               	movwf	main@key
   320  0037                     l75:	
   321                           ;PreMidterm.c: 131: while(RD4);
   322                           
   323  0037  1A08               	btfsc	8,4	;volatile
   324  0038  2837               	goto	l75
   325                           
   326                           ;PreMidterm.c: 133: delay(2);
   327  0039  3002               	movlw	2
   328  003A  00F4               	movwf	delay@ms
   329  003B  3000               	movlw	0
   330  003C  00F5               	movwf	delay@ms+1
   331  003D  120A  118A  2134  120A  118A  	fcall	_delay
   332                           
   333                           ;PreMidterm.c: 134: instCtrl(0xC7);
   334  0042  30C7               	movlw	199
   335  0043  120A  118A  21AF  120A  118A  	fcall	_instCtrl
   336                           
   337                           ;PreMidterm.c: 136: dataCtrl('T');
   338  0048  3054               	movlw	84
   339  0049  120A  118A  21C2  120A  118A  	fcall	_dataCtrl
   340                           
   341                           ;PreMidterm.c: 137: dataCtrl('I');
   342  004E  3049               	movlw	73
   343  004F  120A  118A  21C2  120A  118A  	fcall	_dataCtrl
   344                           
   345                           ;PreMidterm.c: 138: dataCtrl('M');
   346  0054  304D               	movlw	77
   347  0055  120A  118A  21C2  120A  118A  	fcall	_dataCtrl
   348                           
   349                           ;PreMidterm.c: 139: dataCtrl('E');
   350  005A  3045               	movlw	69
   351  005B  120A  118A  21C2  120A  118A  	fcall	_dataCtrl
   352                           
   353                           ;PreMidterm.c: 140: dataCtrl('R');
   354  0060  3052               	movlw	82
   355  0061  120A  118A  21C2  120A  118A  	fcall	_dataCtrl
   356                           
   357                           ;PreMidterm.c: 142: instCtrl(0x9D);
   358  0066  309D               	movlw	157
   359  0067  120A  118A  21AF  120A  118A  	fcall	_instCtrl
   360                           
   361                           ;PreMidterm.c: 146: if (counter == 0x00) {dataCtrl('0');dataCtrl(' ');}
   362  006C  1283               	bcf	3,5	;RP0=0, select bank0
   363  006D  1303               	bcf	3,6	;RP1=0, select bank0
   364  006E  08A4               	movf	_counter,f	;volatile
   365  006F  1D03               	skipz
   366  0070  2873               	goto	l922
   367  0071  3030               	movlw	48
   368  0072  28BA               	goto	L11
   369  0073                     l922:	
   370                           
   371                           ;PreMidterm.c: 147: else if (counter == 0x01) {dataCtrl('1');dataCtrl(' ');}
   372  0073  1283               	bcf	3,5	;RP0=0, select bank0
   373  0074  1303               	bcf	3,6	;RP1=0, select bank0
   374  0075  0824               	movf	_counter,w	;volatile
   375  0076  3A01               	xorlw	1
   376  0077  1D03               	skipz
   377  0078  287B               	goto	l926
   378  0079  3031               	movlw	49
   379  007A  28BA               	goto	L11
   380  007B                     l926:	
   381                           
   382                           ;PreMidterm.c: 148: else if (counter == 0x02) {dataCtrl('2');dataCtrl(' ');}
   383  007B  1283               	bcf	3,5	;RP0=0, select bank0
   384  007C  1303               	bcf	3,6	;RP1=0, select bank0
   385  007D  0824               	movf	_counter,w	;volatile
   386  007E  3A02               	xorlw	2
   387  007F  1D03               	skipz
   388  0080  2883               	goto	l930
   389  0081  3032               	movlw	50
   390  0082  28BA               	goto	L11
   391  0083                     l930:	
   392                           
   393                           ;PreMidterm.c: 149: else if (counter == 0x03) {dataCtrl('3');dataCtrl(' ');}
   394  0083  1283               	bcf	3,5	;RP0=0, select bank0
   395  0084  1303               	bcf	3,6	;RP1=0, select bank0
   396  0085  0824               	movf	_counter,w	;volatile
   397  0086  3A03               	xorlw	3
   398  0087  1D03               	skipz
   399  0088  288B               	goto	l934
   400  0089  3033               	movlw	51
   401  008A  28BA               	goto	L11
   402  008B                     l934:	
   403                           
   404                           ;PreMidterm.c: 150: else if (counter == 0x04) {dataCtrl('4');dataCtrl(' ');}
   405  008B  1283               	bcf	3,5	;RP0=0, select bank0
   406  008C  1303               	bcf	3,6	;RP1=0, select bank0
   407  008D  0824               	movf	_counter,w	;volatile
   408  008E  3A04               	xorlw	4
   409  008F  1D03               	skipz
   410  0090  2893               	goto	l938
   411  0091  3034               	movlw	52
   412  0092  28BA               	goto	L11
   413  0093                     l938:	
   414                           
   415                           ;PreMidterm.c: 151: else if (counter == 0x05) {dataCtrl('5');dataCtrl(' ');}
   416  0093  1283               	bcf	3,5	;RP0=0, select bank0
   417  0094  1303               	bcf	3,6	;RP1=0, select bank0
   418  0095  0824               	movf	_counter,w	;volatile
   419  0096  3A05               	xorlw	5
   420  0097  1D03               	skipz
   421  0098  289B               	goto	l942
   422  0099  3035               	movlw	53
   423  009A  28BA               	goto	L11
   424  009B                     l942:	
   425                           
   426                           ;PreMidterm.c: 152: else if (counter == 0x06) {dataCtrl('6');dataCtrl(' ');}
   427  009B  1283               	bcf	3,5	;RP0=0, select bank0
   428  009C  1303               	bcf	3,6	;RP1=0, select bank0
   429  009D  0824               	movf	_counter,w	;volatile
   430  009E  3A06               	xorlw	6
   431  009F  1D03               	skipz
   432  00A0  28A3               	goto	l946
   433  00A1  3036               	movlw	54
   434  00A2  28BA               	goto	L11
   435  00A3                     l946:	
   436                           
   437                           ;PreMidterm.c: 153: else if (counter == 0x07) {dataCtrl('7');dataCtrl(' ');}
   438  00A3  1283               	bcf	3,5	;RP0=0, select bank0
   439  00A4  1303               	bcf	3,6	;RP1=0, select bank0
   440  00A5  0824               	movf	_counter,w	;volatile
   441  00A6  3A07               	xorlw	7
   442  00A7  1D03               	skipz
   443  00A8  28AB               	goto	l950
   444  00A9  3037               	movlw	55
   445  00AA  28BA               	goto	L11
   446  00AB                     l950:	
   447                           
   448                           ;PreMidterm.c: 154: else if (counter == 0x08) {dataCtrl('8');dataCtrl(' ');}
   449  00AB  1283               	bcf	3,5	;RP0=0, select bank0
   450  00AC  1303               	bcf	3,6	;RP1=0, select bank0
   451  00AD  0824               	movf	_counter,w	;volatile
   452  00AE  3A08               	xorlw	8
   453  00AF  1D03               	skipz
   454  00B0  28B3               	goto	l954
   455  00B1  3038               	movlw	56
   456  00B2  28BA               	goto	L11
   457  00B3                     l954:	
   458                           
   459                           ;PreMidterm.c: 155: else if (counter == 0x09) {dataCtrl('9');dataCtrl(' ');}
   460  00B3  1283               	bcf	3,5	;RP0=0, select bank0
   461  00B4  1303               	bcf	3,6	;RP1=0, select bank0
   462  00B5  0824               	movf	_counter,w	;volatile
   463  00B6  3A09               	xorlw	9
   464  00B7  1D03               	skipz
   465  00B8  28C1               	goto	l958
   466  00B9  3039               	movlw	57
   467  00BA                     L11:	
   468  00BA  120A  118A  21C2  120A  118A  	fcall	_dataCtrl
   469  00BF  3020               	movlw	32
   470  00C0  2906               	goto	L1
   471  00C1                     l958:	
   472                           
   473                           ;PreMidterm.c: 156: else if (counter == 0x0A) {dataCtrl('1');dataCtrl('0');}
   474  00C1  1283               	bcf	3,5	;RP0=0, select bank0
   475  00C2  1303               	bcf	3,6	;RP1=0, select bank0
   476  00C3  0824               	movf	_counter,w	;volatile
   477  00C4  3A0A               	xorlw	10
   478  00C5  1D03               	skipz
   479  00C6  28CF               	goto	l962
   480  00C7  3031               	movlw	49
   481  00C8  120A  118A  21C2  120A  118A  	fcall	_dataCtrl
   482  00CD  3030               	movlw	48
   483  00CE  2906               	goto	L1
   484  00CF                     l962:	
   485                           
   486                           ;PreMidterm.c: 157: else if (counter == 0x0B) {dataCtrl('1');dataCtrl('1');}
   487  00CF  1283               	bcf	3,5	;RP0=0, select bank0
   488  00D0  1303               	bcf	3,6	;RP1=0, select bank0
   489  00D1  0824               	movf	_counter,w	;volatile
   490  00D2  3A0B               	xorlw	11
   491  00D3  1D03               	skipz
   492  00D4  28DD               	goto	l966
   493  00D5  3031               	movlw	49
   494  00D6  120A  118A  21C2  120A  118A  	fcall	_dataCtrl
   495  00DB  3031               	movlw	49
   496  00DC  2906               	goto	L1
   497  00DD                     l966:	
   498                           
   499                           ;PreMidterm.c: 158: else if (counter == 0x0C) {dataCtrl('1');dataCtrl('2');}
   500  00DD  1283               	bcf	3,5	;RP0=0, select bank0
   501  00DE  1303               	bcf	3,6	;RP1=0, select bank0
   502  00DF  0824               	movf	_counter,w	;volatile
   503  00E0  3A0C               	xorlw	12
   504  00E1  1D03               	skipz
   505  00E2  28EB               	goto	l970
   506  00E3  3031               	movlw	49
   507  00E4  120A  118A  21C2  120A  118A  	fcall	_dataCtrl
   508  00E9  3032               	movlw	50
   509  00EA  2906               	goto	L1
   510  00EB                     l970:	
   511                           
   512                           ;PreMidterm.c: 159: else if (counter == 0x0D) {dataCtrl('1');dataCtrl('3');}
   513  00EB  1283               	bcf	3,5	;RP0=0, select bank0
   514  00EC  1303               	bcf	3,6	;RP1=0, select bank0
   515  00ED  0824               	movf	_counter,w	;volatile
   516  00EE  3A0D               	xorlw	13
   517  00EF  1D03               	skipz
   518  00F0  28F9               	goto	l974
   519  00F1  3031               	movlw	49
   520  00F2  120A  118A  21C2  120A  118A  	fcall	_dataCtrl
   521  00F7  3033               	movlw	51
   522  00F8  2906               	goto	L1
   523  00F9                     l974:	
   524                           
   525                           ;PreMidterm.c: 160: else if (counter == 0x0E) {dataCtrl('1');dataCtrl('4');}
   526  00F9  1283               	bcf	3,5	;RP0=0, select bank0
   527  00FA  1303               	bcf	3,6	;RP1=0, select bank0
   528  00FB  0824               	movf	_counter,w	;volatile
   529  00FC  3A0E               	xorlw	14
   530  00FD  1D03               	skipz
   531  00FE  290B               	goto	l978
   532  00FF  3031               	movlw	49
   533  0100  120A  118A  21C2  120A  118A  	fcall	_dataCtrl
   534  0105  3034               	movlw	52
   535  0106                     L1:	
   536  0106  120A  118A  21C2  120A  118A  	fcall	_dataCtrl
   537  010B                     l978:	
   538                           
   539                           ;PreMidterm.c: 162: if(myINTF) {
   540  010B  1C79               	btfss	_myINTF/(0+8),_myINTF& (0+7)	;volatile
   541  010C  2830               	goto	l914
   542                           
   543                           ;PreMidterm.c: 166: counter++;
   544  010D  3001               	movlw	1
   545  010E  00F7               	movwf	??_main
   546  010F  0877               	movf	??_main,w
   547  0110  1283               	bcf	3,5	;RP0=0, select bank0
   548  0111  1303               	bcf	3,6	;RP1=0, select bank0
   549  0112  07A4               	addwf	_counter,f	;volatile
   550                           
   551                           ;PreMidterm.c: 169: if(counter > 14) {
   552  0113  300F               	movlw	15
   553  0114  0224               	subwf	_counter,w	;volatile
   554  0115  1803               	btfsc	3,0
   555                           
   556                           ;PreMidterm.c: 170: counter = 0;
   557  0116  01A4               	clrf	_counter	;volatile
   558                           
   559                           ;PreMidterm.c: 171: }
   560                           ;PreMidterm.c: 175: delay(61);
   561  0117  303D               	movlw	61
   562  0118  00F4               	movwf	delay@ms
   563  0119  3000               	movlw	0
   564  011A  00F5               	movwf	delay@ms+1
   565  011B  120A  118A  2134  120A  118A  	fcall	_delay
   566  0120                     l109:	
   567                           ;PreMidterm.c: 176: while(RD4);
   568                           
   569  0120  1283               	bcf	3,5	;RP0=0, select bank0
   570  0121  1303               	bcf	3,6	;RP1=0, select bank0
   571  0122  1A08               	btfsc	8,4	;volatile
   572  0123  2920               	goto	l109
   573                           
   574                           ;PreMidterm.c: 177: if(keypad[key]=='0')
   575  0124  0878               	movf	main@key,w
   576  0125  3E01               	addlw	low (_keypad-__stringbase)
   577  0126  0084               	movwf	4
   578  0127  120A  118A  2183  120A  118A  	fcall	stringdir
   579  012C  3A30               	xorlw	48
   580  012D  1D03               	skipz
   581  012E  2830               	goto	l914
   582                           
   583                           ;PreMidterm.c: 178: counter+=2;
   584  012F  3002               	movlw	2
   585  0130  00F7               	movwf	??_main
   586  0131  0877               	movf	??_main,w
   587  0132  07A4               	addwf	_counter,f	;volatile
   588  0133  2830               	goto	l914
   589  0134                     __end_of_main:	
   590                           ;PreMidterm.c: 179: }
   591                           ;PreMidterm.c: 180: }
   592                           ;PreMidterm.c: 182: return 0;
   593                           ;	Return value of _main is never used
   594                           
   595                           
   596                           	psect	text1
   597  015D                     __ptext1:	
   598 ;; *************** function _initLCD *****************
   599 ;; Defined at:
   600 ;;		line 45 in file "Z:\CPE3201-Sevilla\PreMidterm\PreMidterm.c"
   601 ;; Parameters:    Size  Location     Type
   602 ;;		None
   603 ;; Auto vars:     Size  Location     Type
   604 ;;		None
   605 ;; Return value:  Size  Location     Type
   606 ;;		None               void
   607 ;; Registers used:
   608 ;;		wreg, status,2, status,0, pclath, cstack
   609 ;; Tracked objects:
   610 ;;		On entry : 0/0
   611 ;;		On exit  : 0/0
   612 ;;		Unchanged: 0/0
   613 ;; Data sizes:     COMMON   BANK0   BANK1   BANK3   BANK2
   614 ;;      Params:         0       0       0       0       0
   615 ;;      Locals:         0       0       0       0       0
   616 ;;      Temps:          0       0       0       0       0
   617 ;;      Totals:         0       0       0       0       0
   618 ;;Total ram usage:        0 bytes
   619 ;; Hardware stack levels used:    1
   620 ;; Hardware stack levels required when called:    3
   621 ;; This function calls:
   622 ;;		_delay
   623 ;;		_instCtrl
   624 ;; This function is called by:
   625 ;;		_main
   626 ;; This function uses a non-reentrant model
   627 ;;
   628                           
   629                           
   630                           ;psect for function _initLCD
   631  015D                     _initLCD:	
   632                           
   633                           ;PreMidterm.c: 47: delay(1);
   634                           
   635                           ;incstack = 0
   636                           ; Regs used in _initLCD: [wreg+status,2+status,0+pclath+cstack]
   637  015D  3001               	movlw	1
   638  015E  00F4               	movwf	delay@ms
   639  015F  3000               	movlw	0
   640  0160  00F5               	movwf	delay@ms+1
   641  0161  120A  118A  2134  120A  118A  	fcall	_delay
   642                           
   643                           ;PreMidterm.c: 48: instCtrl(0x38);
   644  0166  3038               	movlw	56
   645  0167  120A  118A  21AF  120A  118A  	fcall	_instCtrl
   646                           
   647                           ;PreMidterm.c: 49: instCtrl(0x08);
   648  016C  3008               	movlw	8
   649  016D  120A  118A  21AF  120A  118A  	fcall	_instCtrl
   650                           
   651                           ;PreMidterm.c: 50: instCtrl(0x01);
   652  0172  3001               	movlw	1
   653  0173  120A  118A  21AF  120A  118A  	fcall	_instCtrl
   654                           
   655                           ;PreMidterm.c: 51: instCtrl(0x06);
   656  0178  3006               	movlw	6
   657  0179  120A  118A  21AF  120A  118A  	fcall	_instCtrl
   658                           
   659                           ;PreMidterm.c: 52: instCtrl(0x0C);
   660  017E  300C               	movlw	12
   661  017F  120A  118A  21AF   	fcall	_instCtrl
   662  0182  0008               	return
   663  0183                     __end_of_initLCD:	
   664                           
   665                           	psect	text2
   666  01AF                     __ptext2:	
   667 ;; *************** function _instCtrl *****************
   668 ;; Defined at:
   669 ;;		line 36 in file "Z:\CPE3201-Sevilla\PreMidterm\PreMidterm.c"
   670 ;; Parameters:    Size  Location     Type
   671 ;;  cmd             1    wreg     unsigned char 
   672 ;; Auto vars:     Size  Location     Type
   673 ;;  cmd             1    6[COMMON] unsigned char 
   674 ;; Return value:  Size  Location     Type
   675 ;;		None               void
   676 ;; Registers used:
   677 ;;		wreg, status,2, status,0, pclath, cstack
   678 ;; Tracked objects:
   679 ;;		On entry : 0/0
   680 ;;		On exit  : 0/0
   681 ;;		Unchanged: 0/0
   682 ;; Data sizes:     COMMON   BANK0   BANK1   BANK3   BANK2
   683 ;;      Params:         0       0       0       0       0
   684 ;;      Locals:         1       0       0       0       0
   685 ;;      Temps:          0       0       0       0       0
   686 ;;      Totals:         1       0       0       0       0
   687 ;;Total ram usage:        1 bytes
   688 ;; Hardware stack levels used:    1
   689 ;; Hardware stack levels required when called:    2
   690 ;; This function calls:
   691 ;;		_delay
   692 ;; This function is called by:
   693 ;;		_initLCD
   694 ;;		_main
   695 ;; This function uses a non-reentrant model
   696 ;;
   697                           
   698                           
   699                           ;psect for function _instCtrl
   700  01AF                     _instCtrl:	
   701                           
   702                           ;incstack = 0
   703                           ; Regs used in _instCtrl: [wreg+status,2+status,0+pclath+cstack]
   704                           ;instCtrl@cmd stored from wreg
   705  01AF  00F6               	movwf	instCtrl@cmd
   706                           
   707                           ;PreMidterm.c: 37: PORTC = cmd;
   708  01B0  0876               	movf	instCtrl@cmd,w
   709  01B1  1283               	bcf	3,5	;RP0=0, select bank0
   710  01B2  1303               	bcf	3,6	;RP1=0, select bank0
   711  01B3  0087               	movwf	7	;volatile
   712                           
   713                           ;PreMidterm.c: 38: RB5 = 0;
   714  01B4  1286               	bcf	6,5	;volatile
   715                           
   716                           ;PreMidterm.c: 39: RB6 = 0;
   717  01B5  1306               	bcf	6,6	;volatile
   718                           
   719                           ;PreMidterm.c: 40: RB7 = 1;
   720  01B6  1786               	bsf	6,7	;volatile
   721                           
   722                           ;PreMidterm.c: 41: delay(1);
   723  01B7  3001               	movlw	1
   724  01B8  00F4               	movwf	delay@ms
   725  01B9  3000               	movlw	0
   726  01BA  00F5               	movwf	delay@ms+1
   727  01BB  120A  118A  2134   	fcall	_delay
   728                           
   729                           ;PreMidterm.c: 42: RB7 = 0;
   730  01BE  1283               	bcf	3,5	;RP0=0, select bank0
   731  01BF  1303               	bcf	3,6	;RP1=0, select bank0
   732  01C0  1386               	bcf	6,7	;volatile
   733  01C1  0008               	return
   734  01C2                     __end_of_instCtrl:	
   735                           
   736                           	psect	text3
   737  01C2                     __ptext3:	
   738 ;; *************** function _dataCtrl *****************
   739 ;; Defined at:
   740 ;;		line 55 in file "Z:\CPE3201-Sevilla\PreMidterm\PreMidterm.c"
   741 ;; Parameters:    Size  Location     Type
   742 ;;  data            1    wreg     unsigned char 
   743 ;; Auto vars:     Size  Location     Type
   744 ;;  data            1    6[COMMON] unsigned char 
   745 ;; Return value:  Size  Location     Type
   746 ;;		None               void
   747 ;; Registers used:
   748 ;;		wreg, status,2, status,0, pclath, cstack
   749 ;; Tracked objects:
   750 ;;		On entry : 0/0
   751 ;;		On exit  : 0/0
   752 ;;		Unchanged: 0/0
   753 ;; Data sizes:     COMMON   BANK0   BANK1   BANK3   BANK2
   754 ;;      Params:         0       0       0       0       0
   755 ;;      Locals:         1       0       0       0       0
   756 ;;      Temps:          0       0       0       0       0
   757 ;;      Totals:         1       0       0       0       0
   758 ;;Total ram usage:        1 bytes
   759 ;; Hardware stack levels used:    1
   760 ;; Hardware stack levels required when called:    2
   761 ;; This function calls:
   762 ;;		_delay
   763 ;; This function is called by:
   764 ;;		_main
   765 ;; This function uses a non-reentrant model
   766 ;;
   767                           
   768                           
   769                           ;psect for function _dataCtrl
   770  01C2                     _dataCtrl:	
   771                           
   772                           ;incstack = 0
   773                           ; Regs used in _dataCtrl: [wreg+status,2+status,0+pclath+cstack]
   774                           ;dataCtrl@data stored from wreg
   775  01C2  00F6               	movwf	dataCtrl@data
   776                           
   777                           ;PreMidterm.c: 56: PORTC = data;
   778  01C3  0876               	movf	dataCtrl@data,w
   779  01C4  1283               	bcf	3,5	;RP0=0, select bank0
   780  01C5  1303               	bcf	3,6	;RP1=0, select bank0
   781  01C6  0087               	movwf	7	;volatile
   782                           
   783                           ;PreMidterm.c: 57: RB5 = 1;
   784  01C7  1686               	bsf	6,5	;volatile
   785                           
   786                           ;PreMidterm.c: 58: RB6 = 0;
   787  01C8  1306               	bcf	6,6	;volatile
   788                           
   789                           ;PreMidterm.c: 59: RB7 = 1;
   790  01C9  1786               	bsf	6,7	;volatile
   791                           
   792                           ;PreMidterm.c: 60: delay(1);
   793  01CA  3001               	movlw	1
   794  01CB  00F4               	movwf	delay@ms
   795  01CC  3000               	movlw	0
   796  01CD  00F5               	movwf	delay@ms+1
   797  01CE  120A  118A  2134   	fcall	_delay
   798                           
   799                           ;PreMidterm.c: 61: RB7 = 0;
   800  01D1  1283               	bcf	3,5	;RP0=0, select bank0
   801  01D2  1303               	bcf	3,6	;RP1=0, select bank0
   802  01D3  1386               	bcf	6,7	;volatile
   803  01D4  0008               	return
   804  01D5                     __end_of_dataCtrl:	
   805                           
   806                           	psect	text4
   807  0134                     __ptext4:	
   808 ;; *************** function _delay *****************
   809 ;; Defined at:
   810 ;;		line 64 in file "Z:\CPE3201-Sevilla\PreMidterm\PreMidterm.c"
   811 ;; Parameters:    Size  Location     Type
   812 ;;  ms              2    4[COMMON] unsigned int 
   813 ;; Auto vars:     Size  Location     Type
   814 ;;  j               2    2[BANK0 ] unsigned int 
   815 ;;  i               2    0[BANK0 ] unsigned int 
   816 ;; Return value:  Size  Location     Type
   817 ;;		None               void
   818 ;; Registers used:
   819 ;;		wreg, status,2
   820 ;; Tracked objects:
   821 ;;		On entry : 0/0
   822 ;;		On exit  : 0/0
   823 ;;		Unchanged: 0/0
   824 ;; Data sizes:     COMMON   BANK0   BANK1   BANK3   BANK2
   825 ;;      Params:         2       0       0       0       0
   826 ;;      Locals:         0       4       0       0       0
   827 ;;      Temps:          0       0       0       0       0
   828 ;;      Totals:         2       4       0       0       0
   829 ;;Total ram usage:        6 bytes
   830 ;; Hardware stack levels used:    1
   831 ;; Hardware stack levels required when called:    1
   832 ;; This function calls:
   833 ;;		Nothing
   834 ;; This function is called by:
   835 ;;		_instCtrl
   836 ;;		_initLCD
   837 ;;		_dataCtrl
   838 ;;		_main
   839 ;; This function uses a non-reentrant model
   840 ;;
   841                           
   842                           
   843                           ;psect for function _delay
   844  0134                     _delay:	
   845                           
   846                           ;PreMidterm.c: 66: unsigned int i, j;
   847                           ;PreMidterm.c: 67: for(i = 0; i < ms; i++){
   848                           
   849                           ;incstack = 0
   850                           ; Regs used in _delay: [wreg+status,2]
   851  0134  1283               	bcf	3,5	;RP0=0, select bank0
   852  0135  1303               	bcf	3,6	;RP1=0, select bank0
   853  0136  01A0               	clrf	delay@i
   854  0137  01A1               	clrf	delay@i+1
   855  0138                     l52:	
   856  0138  0875               	movf	delay@ms+1,w
   857  0139  0221               	subwf	delay@i+1,w
   858  013A  1D03               	skipz
   859  013B  293E               	goto	u535
   860  013C  0874               	movf	delay@ms,w
   861  013D  0220               	subwf	delay@i,w
   862  013E                     u535:	
   863  013E  1803               	btfsc	3,0
   864  013F  0008               	return
   865                           
   866                           ;PreMidterm.c: 68: for(j = 0; j < 1000; j++);
   867  0140  01A2               	clrf	delay@j
   868  0141  01A3               	clrf	delay@j+1
   869  0142  3003               	movlw	3
   870  0143  0223               	subwf	delay@j+1,w
   871  0144  30E8               	movlw	232
   872  0145  1903               	skipnz
   873  0146  0222               	subwf	delay@j,w
   874  0147  1803               	btfsc	3,0
   875  0148  2956               	goto	l866
   876  0149                     l864:	
   877  0149  3001               	movlw	1
   878  014A  07A2               	addwf	delay@j,f
   879  014B  1803               	skipnc
   880  014C  0AA3               	incf	delay@j+1,f
   881  014D  3000               	movlw	0
   882  014E  07A3               	addwf	delay@j+1,f
   883  014F  3003               	movlw	3
   884  0150  0223               	subwf	delay@j+1,w
   885  0151  30E8               	movlw	232
   886  0152  1903               	skipnz
   887  0153  0222               	subwf	delay@j,w
   888  0154  1C03               	skipc
   889  0155  2949               	goto	l864
   890  0156                     l866:	
   891  0156  3001               	movlw	1
   892  0157  07A0               	addwf	delay@i,f
   893  0158  1803               	skipnc
   894  0159  0AA1               	incf	delay@i+1,f
   895  015A  3000               	movlw	0
   896  015B  07A1               	addwf	delay@i+1,f
   897  015C  2938               	goto	l52
   898  015D                     __end_of_delay:	
   899                           
   900                           	psect	text5
   901  019A                     __ptext5:	
   902 ;; *************** function _ISR *****************
   903 ;; Defined at:
   904 ;;		line 83 in file "Z:\CPE3201-Sevilla\PreMidterm\PreMidterm.c"
   905 ;; Parameters:    Size  Location     Type
   906 ;;		None
   907 ;; Auto vars:     Size  Location     Type
   908 ;;		None
   909 ;; Return value:  Size  Location     Type
   910 ;;		None               void
   911 ;; Registers used:
   912 ;;		None
   913 ;; Tracked objects:
   914 ;;		On entry : 0/0
   915 ;;		On exit  : 0/0
   916 ;;		Unchanged: 0/0
   917 ;; Data sizes:     COMMON   BANK0   BANK1   BANK3   BANK2
   918 ;;      Params:         0       0       0       0       0
   919 ;;      Locals:         0       0       0       0       0
   920 ;;      Temps:          4       0       0       0       0
   921 ;;      Totals:         4       0       0       0       0
   922 ;;Total ram usage:        4 bytes
   923 ;; Hardware stack levels used:    1
   924 ;; This function calls:
   925 ;;		Nothing
   926 ;; This function is called by:
   927 ;;		Interrupt level 1
   928 ;; This function uses a non-reentrant model
   929 ;;
   930                           
   931                           
   932                           ;psect for function _ISR
   933  019A                     _ISR:	
   934                           
   935                           ;PreMidterm.c: 84: GIE = 0;
   936  019A  138B               	bcf	11,7	;volatile
   937                           
   938                           ;PreMidterm.c: 86: if(INTF){
   939  019B  1C8B               	btfss	11,1	;volatile
   940  019C  299F               	goto	i1l67
   941                           
   942                           ;PreMidterm.c: 88: INTF = 0;
   943  019D  108B               	bcf	11,1	;volatile
   944                           
   945                           ;PreMidterm.c: 89: myINTF = 1;
   946  019E  1479               	bsf	_myINTF/(0+8),_myINTF& (0+7)	;volatile
   947  019F                     i1l67:	
   948                           
   949                           ;PreMidterm.c: 93: }
   950                           ;PreMidterm.c: 97: if (TMR0IF) {
   951  019F  1D0B               	btfss	11,2	;volatile
   952  01A0  29A3               	goto	i1l68
   953                           
   954                           ;PreMidterm.c: 98: TMR0IF = 0;
   955  01A1  110B               	bcf	11,2	;volatile
   956                           
   957                           ;PreMidterm.c: 99: myTMR0IF = 1;
   958  01A2  14F9               	bsf	_myTMR0IF/(0+8),_myTMR0IF& (0+7)	;volatile
   959  01A3                     i1l68:	
   960                           
   961                           ;PreMidterm.c: 100: }
   962                           ;PreMidterm.c: 101: GIE = 1;
   963  01A3  178B               	bsf	11,7	;volatile
   964  01A4  0873               	movf	??_ISR+3,w
   965  01A5  00FF               	movwf	127
   966  01A6  0872               	movf	??_ISR+2,w
   967  01A7  008A               	movwf	10
   968  01A8  0871               	movf	??_ISR+1,w
   969  01A9  0084               	movwf	4
   970  01AA  0E70               	swapf	??_ISR^(0+-128),w
   971  01AB  0083               	movwf	3
   972  01AC  0EFE               	swapf	126,f
   973  01AD  0E7E               	swapf	126,w
   974  01AE  0009               	retfie
   975  01AF                     __end_of_ISR:	
   976  007E                     btemp	set	126	;btemp
   977  007E                     wtemp	set	126
   978  007E                     wtemp0	set	126
   979  0080                     wtemp1	set	128
   980  0082                     wtemp2	set	130
   981  0084                     wtemp3	set	132
   982  0086                     wtemp4	set	134
   983  0088                     wtemp5	set	136
   984  007F                     wtemp6	set	127
   985  007E                     ttemp	set	126
   986  007E                     ttemp0	set	126
   987  0081                     ttemp1	set	129
   988  0084                     ttemp2	set	132
   989  0087                     ttemp3	set	135
   990  007F                     ttemp4	set	127
   991  007E                     ltemp	set	126
   992  007E                     ltemp0	set	126
   993  0082                     ltemp1	set	130
   994  0086                     ltemp2	set	134
   995  0080                     ltemp3	set	128
   996                           
   997                           	psect	intentry
   998  0004                     __pintentry:	
   999                           ;incstack = 0
  1000                           ; Regs used in _ISR: []
  1001                           
  1002  0004                     interrupt_function:	
  1003  007E                     saved_w	set	btemp
  1004  0004  00FE               	movwf	btemp
  1005  0005  0E03               	swapf	3,w
  1006  0006  00F0               	movwf	??_ISR
  1007  0007  0804               	movf	4,w
  1008  0008  00F1               	movwf	??_ISR+1
  1009  0009  080A               	movf	10,w
  1010  000A  00F2               	movwf	??_ISR+2
  1011  000B  1283               	bcf	3,5	;RP0=0, select bank0
  1012  000C  1303               	bcf	3,6	;RP1=0, select bank0
  1013  000D  087F               	movf	btemp+1,w
  1014  000E  00F3               	movwf	??_ISR+3
  1015  000F  120A  118A  299A   	ljmp	_ISR


Data Sizes:
    Strings     0
    Constant    17
    Data        0
    BSS         1
    Persistent  0
    Stack       0

Auto Spaces:
    Space          Size  Autos    Used
    COMMON           14      9      10
    BANK0            80      4       5
    BANK1            80      0       0
    BANK3            96      0       0
    BANK2            96      0       0

Pointer List with Targets:

    None.

Critical Paths under _main in COMMON

    _main->_dataCtrl
    _main->_instCtrl
    _initLCD->_instCtrl
    _instCtrl->_delay
    _dataCtrl->_delay

Critical Paths under _ISR in COMMON

    None.

Critical Paths under _main in BANK0

    _main->_delay
    _initLCD->_delay
    _instCtrl->_delay
    _dataCtrl->_delay

Critical Paths under _ISR in BANK0

    None.

Critical Paths under _main in BANK1

    None.

Critical Paths under _ISR in BANK1

    None.

Critical Paths under _main in BANK3

    None.

Critical Paths under _ISR in BANK3

    None.

Critical Paths under _main in BANK2

    None.

Critical Paths under _ISR in BANK2

    None.

Call Graph Tables:

 ---------------------------------------------------------------------------------
 (Depth) Function   	        Calls       Base Space   Used Autos Params    Refs
 ---------------------------------------------------------------------------------
 (0) _main                                                 2     2      0    2432
                                              7 COMMON     2     2      0
                           _dataCtrl
                              _delay
                            _initLCD
                           _instCtrl
 ---------------------------------------------------------------------------------
 (1) _initLCD                                              0     0      0     953
                              _delay
                           _instCtrl
 ---------------------------------------------------------------------------------
 (1) _instCtrl                                             1     1      0     492
                                              6 COMMON     1     1      0
                              _delay
 ---------------------------------------------------------------------------------
 (1) _dataCtrl                                             1     1      0     492
                                              6 COMMON     1     1      0
                              _delay
 ---------------------------------------------------------------------------------
 (2) _delay                                                6     4      2     461
                                              4 COMMON     2     0      2
                                              0 BANK0      4     4      0
 ---------------------------------------------------------------------------------
 Estimated maximum stack depth 2
 ---------------------------------------------------------------------------------
 (Depth) Function   	        Calls       Base Space   Used Autos Params    Refs
 ---------------------------------------------------------------------------------
 (4) _ISR                                                  4     4      0       0
                                              0 COMMON     4     4      0
 ---------------------------------------------------------------------------------
 Estimated maximum stack depth 4
 ---------------------------------------------------------------------------------

 Call Graph Graphs:

 _main (ROOT)
   _dataCtrl
     _delay
   _delay
   _initLCD
     _delay
     _instCtrl
       _delay
   _instCtrl
     _delay

 _ISR (ROOT)

 Address spaces:
Name               Size   Autos  Total    Cost      Usage
BITCOMMON            E      0       1       0        7.1%
EEDATA             100      0       0       0        0.0%
NULL                 0      0       0       0        0.0%
CODE                 0      0       0       0        0.0%
COMMON               E      9       A       1       71.4%
BITSFR0              0      0       0       1        0.0%
SFR0                 0      0       0       1        0.0%
BITSFR1              0      0       0       2        0.0%
SFR1                 0      0       0       2        0.0%
STACK                0      0       0       2        0.0%
ABS                  0      0       F       3        0.0%
BITBANK0            50      0       0       4        0.0%
BITSFR3              0      0       0       4        0.0%
SFR3                 0      0       0       4        0.0%
BANK0               50      4       5       5        6.3%
BITSFR2              0      0       0       5        0.0%
SFR2                 0      0       0       5        0.0%
BITBANK1            50      0       0       6        0.0%
BANK1               50      0       0       7        0.0%
BITBANK3            60      0       0       8        0.0%
BANK3               60      0       0       9        0.0%
BITBANK2            60      0       0      10        0.0%
BANK2               60      0       0      11        0.0%
DATA                 0      0       F      12        0.0%


Microchip Technology PIC Macro Assembler V1.33 build 59893 
Symbol Table                                                                                   Wed Mar 18 10:35:34 2026

                      pc 0002              __CFG_CP$OFF 0000                       l52 0138  
                     l75 0037                       fsr 0004                      l109 0120  
                    l930 0083                      l922 0073                      l914 0030  
                    l950 00AB                      l942 009B                      l934 008B  
                    l926 007B                      l864 0149                      l866 0156  
                    l970 00EB                      l962 00CF                      l954 00B3  
                    l946 00A3                      l938 0093                      l974 00F9  
                    l966 00DD                      l958 00C1                      l978 010B  
                    _GIE 005F                      _RB5 0035                      _RB6 0036  
                    _RB7 0037                      _RD4 0044             __CFG_CPD$OFF 0000  
                    _ISR 019A                      u535 013E                      fsr0 0004  
           __CFG_FOSC$XT 0000             __CFG_LVP$OFF 0000                     ?_ISR 0070  
                   _INTE 005C                     _INTF 0059                     i1l67 019F  
                   i1l68 01A3                     _TMR0 0001             __CFG_WRT$OFF 0000  
                   _main 001B                     btemp 007E            __CFG_BOREN$ON 0000  
                   ltemp 007E                     start 0012                     ttemp 007E  
                   wtemp 007E                    ??_ISR 0070                    ?_main 0070  
          __CFG_WDTE$OFF 0000                    _PORTC 0007                    _PORTD 0008  
                  _TRISB 0086                    _TRISC 0087                    _TRISD 0088  
          __CFG_PWRTE$ON 0000          __end_of_initLCD 0183                    _delay 0134  
         __pbitbssCOMMON 03C8                    pclath 000A                    ltemp0 007E  
                  ltemp1 0082                    ltemp2 0086                    ltemp3 0080  
                  ttemp0 007E                    ttemp1 0081                    ttemp2 0084  
                  ttemp3 0087                    ttemp4 007F                    status 0003  
                  wtemp0 007E                    wtemp1 0080                    wtemp2 0082  
                  wtemp3 0084                    wtemp4 0086                    wtemp5 0088  
                  wtemp6 007F          __initialization 0015             __end_of_main 0134  
                 ??_main 0077                   ?_delay 0074                   _TMR0IE 005D  
                 _TMR0IF 005A         __end_of_dataCtrl 01D5                   _myINTF 03C8  
                 _keypad 0189                   delay@i 0020                   delay@j 0022  
       __end_of_instCtrl 01C2                ??_initLCD 0077                   saved_w 007E  
__end_of__initialization 0017              instCtrl@cmd 0076           __pcstackCOMMON 0070  
          __end_of_delay 015D                  ??_delay 0076               __pbssBANK0 0024  
             __pmaintext 001B               __pintentry 0004                ?_dataCtrl 0070  
             __stringtab 0183                ?_instCtrl 0070                  __ptext1 015D  
                __ptext2 01AF                  __ptext3 01C2                  __ptext4 0134  
                __ptext5 019A                  _initLCD 015D             __size_of_ISR 0015  
                _counter 0024               ??_dataCtrl 0076                  delay@ms 0074  
                main@key 0078     end_of_initialization 0017               ??_instCtrl 0076  
         __end_of_keypad 019A      start_initialization 0015              __end_of_ISR 01AF  
           dataCtrl@data 0076                ___latbits 0002            __pcstackBANK0 0020  
      __size_of_dataCtrl 0013        __size_of_instCtrl 0013                __pstrings 0183  
               ?_initLCD 0070           __size_of_delay 0029        interrupt_function 0004  
            __stringbase 0188       __end_of__stringtab 0189                 _dataCtrl 01C2  
       __size_of_initLCD 0026                 _myTMR0IF 03C9            __size_of_main 0119  
               _instCtrl 01AF                 intlevel1 0000                stringcode 0183  
             _OPTION_REG 0081                 stringdir 0183                 stringtab 0183  
